*** Using Compiler 'V5.06 update 5 (build 528)', folder: 'D:\keil5\ARM\ARMCC\Bin'
Build target 'zhukong'
assembling startup_stm32f407xx.s...
compiling tiaoshi_date.c...
..\Core\Src\tiaoshi_date.c(11): warning:  #1-D: last line of file ends without a newline
  */
..\Core\Src\tiaoshi_date.c: 1 warning, 0 errors
compiling MYDWT.c...
compiling adc_m.c...
compiling adc.c...
compiling PID.c...
compiling gpio.c...
compiling JY901S.c...
..\Core\Src\JY901S.c(328): warning:  #188-D: enumerated type mixed with another type
  	 HAL_StatusTypeDef my_status = 0;
..\Core\Src\JY901S.c: 1 warning, 0 errors
compiling RS485.c...
compiling remote_contol.c...
compiling main.c...
compiling freertos.c...
../Core/Src/freertos.c(681): warning:  #177-D: variable "aucTaskName"  was declared but never referenced
      uint8_t aucTaskName[16];
../Core/Src/freertos.c: 1 warning, 0 errors
compiling contol.c...
compiling tim.c...
compiling dma.c...
compiling i2c.c...
compiling stm32f4xx_hal_msp.c...
compiling usart.c...
compiling spi.c...
compiling stm32f4xx_hal_tim_ex.c...
compiling USART_LCD.c...
compiling stm32f4xx_hal_timebase_tim.c...
compiling stm32f4xx_it.c...
compiling stm32f4xx_hal_tim.c...
compiling stm32f4xx_hal_dma.c...
compiling stm32f4xx_hal_adc_ex.c...
compiling stm32f4xx_hal_pwr.c...
compiling stm32f4xx_hal_gpio.c...
compiling stm32f4xx_hal_adc.c...
compiling stm32f4xx_hal_flash_ramfunc.c...
compiling stm32f4xx_hal_rcc_ex.c...
compiling stm32f4xx_hal_flash.c...
compiling stm32f4xx_hal_dma_ex.c...
compiling stm32f4xx_hal_flash_ex.c...
compiling stm32f4xx_hal_rcc.c...
compiling croutine.c...
compiling event_groups.c...
compiling list.c...
compiling stream_buffer.c...
compiling queue.c...
compiling timers.c...
compiling tasks.c...
compiling heap_4.c...
compiling port.c...
compiling stm32f4xx_hal_pwr_ex.c...
compiling stm32f4xx_hal_cortex.c...
compiling system_stm32f4xx.c...
compiling stm32f4xx_hal_i2c_ex.c...
compiling stm32f4xx_hal_exti.c...
compiling stm32f4xx_hal.c...
compiling stm32f4xx_hal_uart.c...
compiling stm32f4xx_hal_spi.c...
compiling stm32f4xx_hal_i2c.c...
compiling cmsis_os2.c...
linking...
Program Size: Code=50570 RO-data=1010 RW-data=476 ZI-data=31988  
FromELF: creating hex file...
"zhukong\zhukong.axf" - 0 Error(s), 3 Warning(s).
Build Time Elapsed:  00:00:27
