Component: ARM Compiler 5.06 update 5 (build 528) Tool: armlink [4d35e2]

==============================================================================

Section Cross References

    startup_stm32g431xx.o(RESET) refers to startup_stm32g431xx.o(STACK) for __initial_sp
    startup_stm32g431xx.o(RESET) refers to startup_stm32g431xx.o(.text) for Reset_Handler
    startup_stm32g431xx.o(RESET) refers to stm32g4xx_it.o(i.NMI_Handler) for NMI_Handler
    startup_stm32g431xx.o(RESET) refers to stm32g4xx_it.o(i.HardFault_Handler) for HardFault_Handler
    startup_stm32g431xx.o(RESET) refers to stm32g4xx_it.o(i.MemManage_Handler) for MemManage_Handler
    startup_stm32g431xx.o(RESET) refers to stm32g4xx_it.o(i.BusFault_Handler) for BusFault_Handler
    startup_stm32g431xx.o(RESET) refers to stm32g4xx_it.o(i.UsageFault_Handler) for UsageFault_Handler
    startup_stm32g431xx.o(RESET) refers to port.o(.emb_text) for SVC_Handler
    startup_stm32g431xx.o(RESET) refers to stm32g4xx_it.o(i.DebugMon_Handler) for DebugMon_Handler
    startup_stm32g431xx.o(RESET) refers to cmsis_os2.o(i.SysTick_Handler) for SysTick_Handler
    startup_stm32g431xx.o(RESET) refers to stm32g4xx_it.o(i.DMA1_Channel1_IRQHandler) for DMA1_Channel1_IRQHandler
    startup_stm32g431xx.o(RESET) refers to stm32g4xx_it.o(i.DMA1_Channel2_IRQHandler) for DMA1_Channel2_IRQHandler
    startup_stm32g431xx.o(RESET) refers to stm32g4xx_it.o(i.DMA1_Channel3_IRQHandler) for DMA1_Channel3_IRQHandler
    startup_stm32g431xx.o(RESET) refers to stm32g4xx_it.o(i.DMA1_Channel4_IRQHandler) for DMA1_Channel4_IRQHandler
    startup_stm32g431xx.o(RESET) refers to stm32g4xx_it.o(i.USART2_IRQHandler) for USART2_IRQHandler
    startup_stm32g431xx.o(RESET) refers to stm32g4xx_it.o(i.USART3_IRQHandler) for USART3_IRQHandler
    startup_stm32g431xx.o(RESET) refers to stm32g4xx_it.o(i.TIM8_UP_IRQHandler) for TIM8_UP_IRQHandler
    startup_stm32g431xx.o(.text) refers to system_stm32g4xx.o(i.SystemInit) for SystemInit
    startup_stm32g431xx.o(.text) refers to entry.o(.ARM.Collect$$$$00000000) for __main
    rs485.o(i.Analyze_ACKfrme_data) refers to rs485.o(.data) for .data
    rs485.o(i.Analyze_RS485_data) refers to printf8.o(i.__0printf$8) for __2printf
    rs485.o(i.Analyze_RS485_data) refers to malloc.o(i.malloc) for malloc
    rs485.o(i.Analyze_RS485_data) refers to rs485.o(i.crc8_calculate) for crc8_calculate
    rs485.o(i.Analyze_RS485_data) refers to rs485.o(i.send_ACKback) for send_ACKback
    rs485.o(i.Analyze_RS485_data) refers to malloc.o(i.free) for free
    rs485.o(i.Analyze_RS485_data) refers to rs485.o(i.Analyze_ACKfrme_data) for Analyze_ACKfrme_data
    rs485.o(i.Analyze_RS485_data) refers to rs485.o(i.Slave_SEND_DATA) for Slave_SEND_DATA
    rs485.o(i.Analyze_RS485_data) refers to usart.o(.data) for RS485_flag
    rs485.o(i.Analyze_RS485_data) refers to usart.o(.bss) for RS485_dma_buffer
    rs485.o(i.Analyze_RS485_data) refers to rs485.o(.data) for .data
    rs485.o(i.MASTER_ENABLE_Slave_TX) refers to rs485.o(i.RS485_SendBytes) for RS485_SendBytes
    rs485.o(i.MASTER_SEND_DATA) refers to rs485.o(i.clear_ACK) for clear_ACK
    rs485.o(i.MASTER_SEND_DATA) refers to malloc.o(i.malloc) for malloc
    rs485.o(i.MASTER_SEND_DATA) refers to rs485.o(i.crc8_calculate) for crc8_calculate
    rs485.o(i.MASTER_SEND_DATA) refers to rs485.o(i.RS485_SendBytes) for RS485_SendBytes
    rs485.o(i.MASTER_SEND_DATA) refers to malloc.o(i.free) for free
    rs485.o(i.RS485_SendBytes) refers to stm32g4xx_hal_gpio.o(i.HAL_GPIO_WritePin) for HAL_GPIO_WritePin
    rs485.o(i.RS485_SendBytes) refers to stm32g4xx_hal_uart.o(i.HAL_UART_Transmit_DMA) for HAL_UART_Transmit_DMA
    rs485.o(i.RS485_SendBytes) refers to usart.o(.bss) for huart3
    rs485.o(i.RS485_SendBytes) refers to usart.o(.data) for RS485_flag
    rs485.o(i.Slave_SEND_DATA) refers to rs485.o(i.clear_ACK) for clear_ACK
    rs485.o(i.Slave_SEND_DATA) refers to malloc.o(i.malloc) for malloc
    rs485.o(i.Slave_SEND_DATA) refers to rs485.o(i.crc8_calculate) for crc8_calculate
    rs485.o(i.Slave_SEND_DATA) refers to rs485.o(i.RS485_SendBytes) for RS485_SendBytes
    rs485.o(i.Slave_SEND_DATA) refers to malloc.o(i.free) for free
    rs485.o(i.clear_ACK) refers to rs485.o(.data) for .data
    rs485.o(i.crc8_calculate) refers to rs485.o(.constdata) for .constdata
    rs485.o(i.send_ACKback) refers to rs485.o(i.RS485_SendBytes) for RS485_SendBytes
    rs485.o(i.test_crc8) refers to rs485.o(i.crc8_calculate) for crc8_calculate
    rs485.o(i.test_crc8) refers to printf8.o(i.__0printf$8) for __2printf
    main.o(i.HAL_TIM_PeriodElapsedCallback) refers to stm32g4xx_hal.o(i.HAL_IncTick) for HAL_IncTick
    main.o(i.SystemClock_Config) refers to memseta.o(.text) for __aeabi_memclr4
    main.o(i.SystemClock_Config) refers to stm32g4xx_hal_pwr_ex.o(i.HAL_PWREx_ControlVoltageScaling) for HAL_PWREx_ControlVoltageScaling
    main.o(i.SystemClock_Config) refers to stm32g4xx_hal_rcc.o(i.HAL_RCC_OscConfig) for HAL_RCC_OscConfig
[...]
    i.UsageFault_Handler                     0x08003140   Section        0  stm32g4xx_it.o(i.UsageFault_Handler)
    i.__0printf$8                            0x08003144   Section        0  printf8.o(i.__0printf$8)
    i.__NVIC_SetPriority                     0x08003164   Section        0  stm32g4xx_hal_cortex.o(i.__NVIC_SetPriority)
    __NVIC_SetPriority                       0x08003165   Thumb Code    32  stm32g4xx_hal_cortex.o(i.__NVIC_SetPriority)
    i.__scatterload_copy                     0x08003184   Section       14  handlers.o(i.__scatterload_copy)
    i.__scatterload_null                     0x08003192   Section        2  handlers.o(i.__scatterload_null)
    i.__scatterload_zeroinit                 0x08003194   Section       14  handlers.o(i.__scatterload_zeroinit)
    i._printf_core                           0x080031a4   Section        0  printf8.o(i._printf_core)
    _printf_core                             0x080031a5   Thumb Code   996  printf8.o(i._printf_core)
    i._printf_post_padding                   0x080035b4   Section        0  printf8.o(i._printf_post_padding)
    _printf_post_padding                     0x080035b5   Thumb Code    36  printf8.o(i._printf_post_padding)
    i._printf_pre_padding                    0x080035d8   Section        0  printf8.o(i._printf_pre_padding)
    _printf_pre_padding                      0x080035d9   Thumb Code    46  printf8.o(i._printf_pre_padding)
    i.clear_ACK                              0x08003608   Section        0  rs485.o(i.clear_ACK)
    i.crc8_calculate                         0x0800361c   Section        0  rs485.o(i.crc8_calculate)
    i.fputc                                  0x0800363c   Section        0  usart.o(i.fputc)
    i.free                                   0x08003654   Section        0  malloc.o(i.free)
    i.main                                   0x080036a4   Section        0  main.o(i.main)
    i.malloc                                 0x080036ec   Section        0  malloc.o(i.malloc)
    i.osDelay                                0x08003758   Section        0  cmsis_os2.o(i.osDelay)
    i.osKernelInitialize                     0x08003774   Section        0  cmsis_os2.o(i.osKernelInitialize)
    i.osKernelStart                          0x08003798   Section        0  cmsis_os2.o(i.osKernelStart)
    i.osSemaphoreNew                         0x080037d0   Section        0  cmsis_os2.o(i.osSemaphoreNew)
    i.osSemaphoreRelease                     0x08003868   Section        0  cmsis_os2.o(i.osSemaphoreRelease)
    i.osThreadNew                            0x080038c0   Section        0  cmsis_os2.o(i.osThreadNew)
    i.prvAddCurrentTaskToDelayedList         0x0800394c   Section        0  tasks.o(i.prvAddCurrentTaskToDelayedList)
    prvAddCurrentTaskToDelayedList           0x0800394d   Thumb Code    84  tasks.o(i.prvAddCurrentTaskToDelayedList)
    i.prvAddNewTaskToReadyList               0x080039a8   Section        0  tasks.o(i.prvAddNewTaskToReadyList)
    prvAddNewTaskToReadyList                 0x080039a9   Thumb Code   190  tasks.o(i.prvAddNewTaskToReadyList)
    i.prvCheckForValidListAndQueue           0x08003a78   Section        0  timers.o(i.prvCheckForValidListAndQueue)
    prvCheckForValidListAndQueue             0x08003a79   Thumb Code    72  timers.o(i.prvCheckForValidListAndQueue)
    i.prvCopyDataFromQueue                   0x08003ad0   Section        0  queue.o(i.prvCopyDataFromQueue)
    prvCopyDataFromQueue                     0x08003ad1   Thumb Code    38  queue.o(i.prvCopyDataFromQueue)
    i.prvCopyDataToQueue                     0x08003af6   Section        0  queue.o(i.prvCopyDataToQueue)
    prvCopyDataToQueue                       0x08003af7   Thumb Code   108  queue.o(i.prvCopyDataToQueue)
    i.prvDeleteTCB                           0x08003b62   Section        0  tasks.o(i.prvDeleteTCB)
    prvDeleteTCB                             0x08003b63   Thumb Code    52  tasks.o(i.prvDeleteTCB)
    i.prvHeapInit                            0x08003b98   Section        0  heap_4.o(i.prvHeapInit)
    prvHeapInit                              0x08003b99   Thumb Code    66  heap_4.o(i.prvHeapInit)
    i.prvIdleTask                            0x08003be4   Section        0  tasks.o(i.prvIdleTask)
    prvIdleTask                              0x08003be5   Thumb Code    82  tasks.o(i.prvIdleTask)
    i.prvInitialiseNewQueue                  0x08003c44   Section        0  queue.o(i.prvInitialiseNewQueue)
    prvInitialiseNewQueue                    0x08003c45   Thumb Code    34  queue.o(i.prvInitialiseNewQueue)
    i.prvInitialiseNewTask                   0x08003c68   Section        0  tasks.o(i.prvInitialiseNewTask)
    prvInitialiseNewTask                     0x08003c69   Thumb Code   176  tasks.o(i.prvInitialiseNewTask)
    i.prvInsertBlockIntoFreeList             0x08003d18   Section        0  heap_4.o(i.prvInsertBlockIntoFreeList)
    prvInsertBlockIntoFreeList               0x08003d19   Thumb Code    72  heap_4.o(i.prvInsertBlockIntoFreeList)
    i.prvInsertTimerInActiveList             0x08003d64   Section        0  timers.o(i.prvInsertTimerInActiveList)
    prvInsertTimerInActiveList               0x08003d65   Thumb Code    52  timers.o(i.prvInsertTimerInActiveList)
    i.prvIsQueueEmpty                        0x08003d9c   Section        0  queue.o(i.prvIsQueueEmpty)
    prvIsQueueEmpty                          0x08003d9d   Thumb Code    28  queue.o(i.prvIsQueueEmpty)
    i.prvProcessReceivedCommands             0x08003db8   Section        0  timers.o(i.prvProcessReceivedCommands)
    prvProcessReceivedCommands               0x08003db9   Thumb Code   248  timers.o(i.prvProcessReceivedCommands)
    i.prvProcessTimerOrBlockTask             0x08003eb4   Section        0  timers.o(i.prvProcessTimerOrBlockTask)
    prvProcessTimerOrBlockTask               0x08003eb5   Thumb Code   182  timers.o(i.prvProcessTimerOrBlockTask)
    i.prvResetNextTaskUnblockTime            0x08003f74   Section        0  tasks.o(i.prvResetNextTaskUnblockTime)
    prvResetNextTaskUnblockTime              0x08003f75   Thumb Code    26  tasks.o(i.prvResetNextTaskUnblockTime)
    i.prvSampleTimeNow                       0x08003f94   Section        0  timers.o(i.prvSampleTimeNow)
    prvSampleTimeNow                         0x08003f95   Thumb Code    36  timers.o(i.prvSampleTimeNow)
    i.prvSwitchTimerLists                    0x08003fbc   Section        0  timers.o(i.prvSwitchTimerLists)
    prvSwitchTimerLists                      0x08003fbd   Thumb Code   104  timers.o(i.prvSwitchTimerLists)
    i.prvTaskExitError                       0x08004028   Section        0  port.o(i.prvTaskExitError)
    prvTaskExitError                         0x08004029   Thumb Code    36  port.o(i.prvTaskExitError)
    i.prvTimerTask                           0x08004050   Section        0  timers.o(i.prvTimerTask)
    prvTimerTask                             0x08004051   Thumb Code    32  timers.o(i.prvTimerTask)
    i.prvUnlockQueue                         0x08004074   Section        0  queue.o(i.prvUnlockQueue)
    prvUnlockQueue                           0x08004075   Thumb Code   106  queue.o(i.prvUnlockQueue)
    i.pvPortMalloc                           0x080040e0   Section        0  heap_4.o(i.pvPortMalloc)
    i.pvTaskIncrementMutexHeldCount          0x080041bc   Section        0  tasks.o(i.pvTaskIncrementMutexHeldCount)
    i.pxPortInitialiseStack                  0x080041d4   Section        0  port.o(i.pxPortInitialiseStack)
    i.send_ACKback                           0x08004200   Section        0  rs485.o(i.send_ACKback)
    i.uxListRemove                           0x08004224   Section        0  list.o(i.uxListRemove)
    i.vApplicationGetIdleTaskMemory          0x0800424c   Section        0  cmsis_os2.o(i.vApplicationGetIdleTaskMemory)
    i.vApplicationGetTimerTaskMemory         0x08004260   Section        0  cmsis_os2.o(i.vApplicationGetTimerTaskMemory)
    i.vListInitialise                        0x08004278   Section        0  list.o(i.vListInitialise)
    i.vListInitialiseItem                    0x0800428e   Section        0  list.o(i.vListInitialiseItem)
    i.vListInsert                            0x08004294   Section        0  list.o(i.vListInsert)
    i.vListInsertEnd                         0x080042c4   Section        0  list.o(i.vListInsertEnd)
    i.vPortEnterCritical                     0x080042dc   Section        0  port.o(i.vPortEnterCritical)
    i.vPortExitCritical                      0x0800431c   Section        0  port.o(i.vPortExitCritical)
    i.vPortFree                              0x08004344   Section        0  heap_4.o(i.vPortFree)
    i.vPortSetupTimerInterrupt               0x080043a8   Section        0  port.o(i.vPortSetupTimerInterrupt)
    i.vPortValidateInterruptPriority         0x080043cc   Section        0  port.o(i.vPortValidateInterruptPriority)
    i.vQueueAddToRegistry                    0x08004420   Section        0  queue.o(i.vQueueAddToRegistry)
    i.vQueueDelete                           0x08004448   Section        0  queue.o(i.vQueueDelete)
    i.vQueueUnregisterQueue                  0x08004478   Section        0  queue.o(i.vQueueUnregisterQueue)
    i.vQueueWaitForMessageRestricted         0x080044a0   Section        0  queue.o(i.vQueueWaitForMessageRestricted)
    i.vTaskDelay                             0x080044e4   Section        0  tasks.o(i.vTaskDelay)
    i.vTaskInternalSetTimeOutState           0x08004530   Section        0  tasks.o(i.vTaskInternalSetTimeOutState)
    i.vTaskMissedYield                       0x08004540   Section        0  tasks.o(i.vTaskMissedYield)
    i.vTaskPlaceOnEventList                  0x0800454c   Section        0  tasks.o(i.vTaskPlaceOnEventList)
    i.vTaskPlaceOnEventListRestricted        0x0800457c   Section        0  tasks.o(i.vTaskPlaceOnEventListRestricted)
    i.vTaskPriorityDisinheritAfterTimeout    0x080045b4   Section        0  tasks.o(i.vTaskPriorityDisinheritAfterTimeout)
    i.vTaskStartScheduler                    0x08004644   Section        0  tasks.o(i.vTaskStartScheduler)
    i.vTaskSuspendAll                        0x080046cc   Section        0  tasks.o(i.vTaskSuspendAll)
    i.vTaskSwitchContext                     0x080046dc   Section        0  tasks.o(i.vTaskSwitchContext)
    i.xPortStartScheduler                    0x08004740   Section        0  port.o(i.xPortStartScheduler)
    i.xPortSysTickHandler                    0x08004834   Section        0  port.o(i.xPortSysTickHandler)
    i.xQueueCreateCountingSemaphore          0x08004860   Section        0  queue.o(i.xQueueCreateCountingSemaphore)
    i.xQueueCreateCountingSemaphoreStatic    0x0800489a   Section        0  queue.o(i.xQueueCreateCountingSemaphoreStatic)
    i.xQueueGenericCreate                    0x080048da   Section        0  queue.o(i.xQueueGenericCreate)
    i.xQueueGenericCreateStatic              0x0800491c   Section        0  queue.o(i.xQueueGenericCreateStatic)
    i.xQueueGenericReset                     0x08004984   Section        0  queue.o(i.xQueueGenericReset)
    i.xQueueGenericSend                      0x08004a0c   Section        0  queue.o(i.xQueueGenericSend)
    i.xQueueGenericSendFromISR               0x08004b6c   Section        0  queue.o(i.xQueueGenericSendFromISR)
    i.xQueueGiveFromISR                      0x08004c2a   Section        0  queue.o(i.xQueueGiveFromISR)
    i.xQueueReceive                          0x08004cc8   Section        0  queue.o(i.xQueueReceive)
    i.xQueueSemaphoreTake                    0x08004e00   Section        0  queue.o(i.xQueueSemaphoreTake)
    i.xTaskCheckForTimeOut                   0x08004f78   Section        0  tasks.o(i.xTaskCheckForTimeOut)
    i.xTaskCreate                            0x08004fec   Section        0  tasks.o(i.xTaskCreate)
    i.xTaskCreateStatic                      0x08005046   Section        0  tasks.o(i.xTaskCreateStatic)
    i.xTaskGetSchedulerState                 0x0800509c   Section        0  tasks.o(i.xTaskGetSchedulerState)
    i.xTaskGetTickCount                      0x080050b8   Section        0  tasks.o(i.xTaskGetTickCount)
    i.xTaskIncrementTick                     0x080050c4   Section        0  tasks.o(i.xTaskIncrementTick)
    i.xTaskPriorityDisinherit                0x0800518c   Section        0  tasks.o(i.xTaskPriorityDisinherit)
    i.xTaskPriorityInherit                   0x0800520c   Section        0  tasks.o(i.xTaskPriorityInherit)
    i.xTaskRemoveFromEventList               0x08005284   Section        0  tasks.o(i.xTaskRemoveFromEventList)
    i.xTaskResumeAll                         0x080052f4   Section        0  tasks.o(i.xTaskResumeAll)
    i.xTimerCreateTimerTask                  0x080053b8   Section        0  timers.o(i.xTimerCreateTimerTask)
    i.xTimerGenericCommand                   0x08005418   Section        0  timers.o(i.xTimerGenericCommand)
    .constdata                               0x08005480   Section      256  rs485.o(.constdata)
    crc8_table                               0x08005480   Data         256  rs485.o(.constdata)
    .constdata                               0x08005580   Section       88  app_freertos.o(.constdata)
    .constdata                               0x080055d8   Section       24  stm32g4xx_hal_uart.o(.constdata)
    .constdata                               0x080055f0   Section       16  stm32g4xx_hal_uart_ex.o(.constdata)
    numerator                                0x080055f0   Data           8  stm32g4xx_hal_uart_ex.o(.constdata)
    denominator                              0x080055f8   Data           8  stm32g4xx_hal_uart_ex.o(.constdata)
    .constdata                               0x08005600   Section       16  system_stm32g4xx.o(.constdata)
    .constdata                               0x08005610   Section        8  system_stm32g4xx.o(.constdata)
    .conststring                             0x08005618   Section       26  app_freertos.o(.conststring)
    .data                                    0x20000000   Section       40  rs485.o(.data)
    .data                                    0x20000028   Section       12  app_freertos.o(.data)
    .data                                    0x20000034   Section        6  usart.o(.data)
    g_ht_interrupt_locked                    0x20000034   Data           1  usart.o(.data)
    .data                                    0x2000003c   Section        4  usart.o(.data)
    .data                                    0x20000040   Section       12  stm32g4xx_hal.o(.data)
    .data                                    0x2000004c   Section        4  system_stm32g4xx.o(.data)
    .data                                    0x20000050   Section       60  tasks.o(.data)
    uxDeletedTasksWaitingCleanUp             0x20000054   Data           4  tasks.o(.data)
    uxCurrentNumberOfTasks                   0x20000058   Data           4  tasks.o(.data)
    xTickCount                               0x2000005c   Data           4  tasks.o(.data)
    uxTopReadyPriority                       0x20000060   Data           4  tasks.o(.data)
    xSchedulerRunning                        0x20000064   Data           4  tasks.o(.data)
    xPendedTicks                             0x20000068   Data           4  tasks.o(.data)
    xYieldPending                            0x2000006c   Data           4  tasks.o(.data)
    xNumOfOverflows                          0x20000070   Data           4  tasks.o(.data)
    uxTaskNumber                             0x20000074   Data           4  tasks.o(.data)
    xNextTaskUnblockTime                     0x20000078   Data           4  tasks.o(.data)
    xIdleTaskHandle                          0x2000007c   Data           4  tasks.o(.data)
    uxSchedulerSuspended                     0x20000080   Data           4  tasks.o(.data)
    pxDelayedTaskList                        0x20000084   Data           4  tasks.o(.data)
    pxOverflowDelayedTaskList                0x20000088   Data           4  tasks.o(.data)
    .data                                    0x2000008c   Section       20  timers.o(.data)
    xTimerQueue                              0x2000008c   Data           4  timers.o(.data)
    xTimerTaskHandle                         0x20000090   Data           4  timers.o(.data)
    xLastTime                                0x20000094   Data           4  timers.o(.data)
    pxCurrentTimerList                       0x20000098   Data           4  timers.o(.data)
    pxOverflowTimerList                      0x2000009c   Data           4  timers.o(.data)
    .data                                    0x200000a0   Section        4  cmsis_os2.o(.data)
    KernelState                              0x200000a0   Data           4  cmsis_os2.o(.data)
    .data                                    0x200000a4   Section       32  heap_4.o(.data)
    pxEnd                                    0x200000a4   Data           4  heap_4.o(.data)
    xFreeBytesRemaining                      0x200000a8   Data           4  heap_4.o(.data)
    xMinimumEverFreeBytesRemaining           0x200000ac   Data           4  heap_4.o(.data)
    xNumberOfSuccessfulAllocations           0x200000b0   Data           4  heap_4.o(.data)
    xNumberOfSuccessfulFrees                 0x200000b4   Data           4  heap_4.o(.data)
    xBlockAllocatedBit                       0x200000b8   Data           4  heap_4.o(.data)
    xStart                                   0x200000bc   Data           8  heap_4.o(.data)
    .data                                    0x200000c4   Section       12  port.o(.data)
    ucMaxSysCallPriority                     0x200000c4   Data           1  port.o(.data)
    uxCriticalNesting                        0x200000c8   Data           4  port.o(.data)
    ulMaxPRIGROUPValue                       0x200000cc   Data           4  port.o(.data)
    .data                                    0x200000d0   Section        4  mvars.o(.data)
    .data                                    0x200000d4   Section        4  mvars.o(.data)
    .bss                                     0x200000d8   Section       76  tim.o(.bss)
    .bss                                     0x20000124   Section      816  usart.o(.bss)
    .bss                                     0x20000454   Section       76  stm32g4xx_hal_timebase_tim.o(.bss)
    .bss                                     0x200004a0   Section       64  queue.o(.bss)
    .bss                                     0x200004e0   Section     1220  tasks.o(.bss)
    pxReadyTasksLists                        0x200004e0   Data        1120  tasks.o(.bss)
    xDelayedTaskList1                        0x20000940   Data          20  tasks.o(.bss)
    xDelayedTaskList2                        0x20000954   Data          20  tasks.o(.bss)
    xPendingReadyList                        0x20000968   Data          20  tasks.o(.bss)
    xTasksWaitingTermination                 0x2000097c   Data          20  tasks.o(.bss)
    xSuspendedTaskList                       0x20000990   Data          20  tasks.o(.bss)
    .bss                                     0x200009a4   Section      280  timers.o(.bss)
    xStaticTimerQueue                        0x200009a4   Data          80  timers.o(.bss)
    ucStaticTimerQueueStorage                0x200009f4   Data         160  timers.o(.bss)
    xActiveTimerList1                        0x20000a94   Data          20  timers.o(.bss)
    xActiveTimerList2                        0x20000aa8   Data          20  timers.o(.bss)
    .bss                                     0x20000abc   Section     1720  cmsis_os2.o(.bss)
    Idle_TCB                                 0x20000abc   Data          92  cmsis_os2.o(.bss)
    Idle_Stack                               0x20000b18   Data         512  cmsis_os2.o(.bss)
    Timer_TCB                                0x20000d18   Data          92  cmsis_os2.o(.bss)
    Timer_Stack                              0x20000d74   Data        1024  cmsis_os2.o(.bss)
    .bss                                     0x20001174   Section     3072  heap_4.o(.bss)
    ucHeap                                   0x20001174   Data        3072  heap_4.o(.bss)
    HEAP                                     0x20001d78   Section      512  startup_stm32g431xx.o(HEAP)
    STACK                                    0x20001f78   Section     1024  startup_stm32g431xx.o(STACK)

    Global Symbols

    Symbol Name                              Value     Ov Type        Size  Object(Section)

    BuildAttributes$$THM_ISAv4$E$P$D$K$B$S$7EM$VFPi3$EXTD16$VFPS$VFMA$PE$A:L22UL41UL21$X:L11$S22US41US21$IEEE1$IW$USESV6$~STKCKD$USESV7$~SHL$OSPACE$ROPI$EBA8$MICROLIB$REQ8$PRES8$EABIv2 0x00000000   Number         0  anon$$obj.o ABSOLUTE
    __ARM_use_no_argv                        0x00000000   Number         0  main.o ABSOLUTE
    _printf_a                                0x00000000   Number         0  stubs.o ABSOLUTE
    _printf_c                                0x00000000   Number         0  stubs.o ABSOLUTE
    _printf_charcount                        0x00000000   Number         0  stubs.o ABSOLUTE
    _printf_d                                0x00000000   Number         0  stubs.o ABSOLUTE
    _printf_e                                0x00000000   Number         0  stubs.o ABSOLUTE
    _printf_f                                0x00000000   Number         0  stubs.o ABSOLUTE
    _printf_flags                            0x00000000   Number         0  stubs.o ABSOLUTE
    _printf_fp_dec                           0x00000000   Number         0  stubs.o ABSOLUTE
    _printf_fp_hex                           0x00000000   Number         0  stubs.o ABSOLUTE
    _printf_g                                0x00000000   Number         0  stubs.o ABSOLUTE
    _printf_i                                0x00000000   Number         0  stubs.o ABSOLUTE
    _printf_int_dec                          0x00000000   Number         0  stubs.o ABSOLUTE
    _printf_l                                0x00000000   Number         0  stubs.o ABSOLUTE
    _printf_lc                               0x00000000   Number         0  stubs.o ABSOLUTE
    _printf_ll                               0x00000000   Number         0  stubs.o ABSOLUTE
    _printf_lld                              0x00000000   Number         0  stubs.o ABSOLUTE
    _printf_lli                              0x00000000   Number         0  stubs.o ABSOLUTE
    _printf_llo                              0x00000000   Number         0  stubs.o ABSOLUTE
    _printf_llu                              0x00000000   Number         0  stubs.o ABSOLUTE
    _printf_llx                              0x00000000   Number         0  stubs.o ABSOLUTE
    _printf_longlong_dec                     0x00000000   Number         0  stubs.o ABSOLUTE
    _printf_longlong_hex                     0x00000000   Number         0  stubs.o ABSOLUTE
    _printf_longlong_oct                     0x00000000   Number         0  stubs.o ABSOLUTE
    _printf_ls                               0x00000000   Number         0  stubs.o ABSOLUTE
    _printf_mbtowc                           0x00000000   Number         0  stubs.o ABSOLUTE
    _printf_n                                0x00000000   Number         0  stubs.o ABSOLUTE
    _printf_o                                0x00000000   Number         0  stubs.o ABSOLUTE
    _printf_p                                0x00000000   Number         0  stubs.o ABSOLUTE
    _printf_percent                          0x00000000   Number         0  stubs.o ABSOLUTE
    _printf_pre_padding                      0x00000000   Number         0  stubs.o ABSOLUTE
    _printf_return_value                     0x00000000   Number         0  stubs.o ABSOLUTE
    _printf_s                                0x00000000   Number         0  stubs.o ABSOLUTE
    _printf_sizespec                         0x00000000   Number         0  stubs.o ABSOLUTE
    _printf_str                              0x00000000   Number         0  stubs.o ABSOLUTE
    _printf_truncate_signed                  0x00000000   Number         0  stubs.o ABSOLUTE
    _printf_truncate_unsigned                0x00000000   Number         0  stubs.o ABSOLUTE
    _printf_u                                0x00000000   Number         0  stubs.o ABSOLUTE
    _printf_wc                               0x00000000   Number         0  stubs.o ABSOLUTE
    _printf_wctomb                           0x00000000   Number         0  stubs.o ABSOLUTE
    _printf_widthprec                        0x00000000   Number         0  stubs.o ABSOLUTE
    _printf_x                                0x00000000   Number         0  stubs.o ABSOLUTE
    __cpp_initialize__aeabi_                  - Undefined Weak Reference
    __cxa_finalize                            - Undefined Weak Reference
    __decompress                              - Undefined Weak Reference
    _clock_init                               - Undefined Weak Reference
    _microlib_exit                            - Undefined Weak Reference
    __Vectors_Size                           0x000001d8   Number         0  startup_stm32g431xx.o ABSOLUTE
    __Vectors                                0x08000000   Data           4  startup_stm32g431xx.o(RESET)
    __Vectors_End                            0x080001d8   Data           0  startup_stm32g431xx.o(RESET)
    __main                                   0x080001d9   Thumb Code     0  entry.o(.ARM.Collect$$$$00000000)
    _main_stk                                0x080001d9   Thumb Code     0  entry2.o(.ARM.Collect$$$$00000001)
    _main_scatterload                        0x080001dd   Thumb Code     0  entry5.o(.ARM.Collect$$$$00000004)
    __main_after_scatterload                 0x080001e1   Thumb Code     0  entry5.o(.ARM.Collect$$$$00000004)
    _main_clock                              0x080001e1   Thumb Code     0  entry7b.o(.ARM.Collect$$$$00000008)
    _main_cpp_init                           0x080001e1   Thumb Code     0  entry8b.o(.ARM.Collect$$$$0000000A)
    _main_init                               0x080001e1   Thumb Code     0  entry9a.o(.ARM.Collect$$$$0000000B)
    __rt_final_cpp                           0x080001e9   Thumb Code     0  entry10a.o(.ARM.Collect$$$$0000000D)
    __rt_final_exit                          0x080001e9   Thumb Code     0  entry11a.o(.ARM.Collect$$$$0000000F)
    SVC_Handler                              0x080001ed   Thumb Code    28  port.o(.emb_text)
    __asm___6_port_c_39a90d8d__prvStartFirstTask 0x0800020d   Thumb Code    36  port.o(.emb_text)
    __asm___6_port_c_39a90d8d__prvEnableVFP  0x08000235   Thumb Code    16  port.o(.emb_text)
    PendSV_Handler                           0x08000249   Thumb Code    88  port.o(.emb_text)
    vPortGetIPSR                             0x080002a5   Thumb Code     6  port.o(.emb_text)
    Reset_Handler                            0x080002ad   Thumb Code     8  startup_stm32g431xx.o(.text)
    ADC1_2_IRQHandler                        0x080002c7   Thumb Code     0  startup_stm32g431xx.o(.text)
    COMP1_2_3_IRQHandler                     0x080002c7   Thumb Code     0  startup_stm32g431xx.o(.text)
    COMP4_IRQHandler                         0x080002c7   Thumb Code     0  startup_stm32g431xx.o(.text)
    CORDIC_IRQHandler                        0x080002c7   Thumb Code     0  startup_stm32g431xx.o(.text)
    CRS_IRQHandler                           0x080002c7   Thumb Code     0  startup_stm32g431xx.o(.text)
    DMA1_Channel5_IRQHandler                 0x080002c7   Thumb Code     0  startup_stm32g431xx.o(.text)
    DMA1_Channel6_IRQHandler                 0x080002c7   Thumb Code     0  startup_stm32g431xx.o(.text)
    DMA2_Channel1_IRQHandler                 0x080002c7   Thumb Code     0  startup_stm32g431xx.o(.text)
    DMA2_Channel2_IRQHandler                 0x080002c7   Thumb Code     0  startup_stm32g431xx.o(.text)
    DMA2_Channel3_IRQHandler                 0x080002c7   Thumb Code     0  startup_stm32g431xx.o(.text)
    DMA2_Channel4_IRQHandler                 0x080002c7   Thumb Code     0  startup_stm32g431xx.o(.text)
    DMA2_Channel5_IRQHandler                 0x080002c7   Thumb Code     0  startup_stm32g431xx.o(.text)
    DMA2_Channel6_IRQHandler                 0x080002c7   Thumb Code     0  startup_stm32g431xx.o(.text)
    DMAMUX_OVR_IRQHandler                    0x080002c7   Thumb Code     0  startup_stm32g431xx.o(.text)
    EXTI0_IRQHandler                         0x080002c7   Thumb Code     0  startup_stm32g431xx.o(.text)
    EXTI15_10_IRQHandler                     0x080002c7   Thumb Code     0  startup_stm32g431xx.o(.text)
    EXTI1_IRQHandler                         0x080002c7   Thumb Code     0  startup_stm32g431xx.o(.text)
    EXTI2_IRQHandler                         0x080002c7   Thumb Code     0  startup_stm32g431xx.o(.text)
    EXTI3_IRQHandler                         0x080002c7   Thumb Code     0  startup_stm32g431xx.o(.text)
    EXTI4_IRQHandler                         0x080002c7   Thumb Code     0  startup_stm32g431xx.o(.text)
    EXTI9_5_IRQHandler                       0x080002c7   Thumb Code     0  startup_stm32g431xx.o(.text)
    FDCAN1_IT0_IRQHandler                    0x080002c7   Thumb Code     0  startup_stm32g431xx.o(.text)
    FDCAN1_IT1_IRQHandler                    0x080002c7   Thumb Code     0  startup_stm32g431xx.o(.text)
    FLASH_IRQHandler                         0x080002c7   Thumb Code     0  startup_stm32g431xx.o(.text)
    FMAC_IRQHandler                          0x080002c7   Thumb Code     0  startup_stm32g431xx.o(.text)
    FPU_IRQHandler                           0x080002c7   Thumb Code     0  startup_stm32g431xx.o(.text)
    I2C1_ER_IRQHandler                       0x080002c7   Thumb Code     0  startup_stm32g431xx.o(.text)
    I2C1_EV_IRQHandler                       0x080002c7   Thumb Code     0  startup_stm32g431xx.o(.text)
    I2C2_ER_IRQHandler                       0x080002c7   Thumb Code     0  startup_stm32g431xx.o(.text)
    I2C2_EV_IRQHandler                       0x080002c7   Thumb Code     0  startup_stm32g431xx.o(.text)
    I2C3_ER_IRQHandler                       0x080002c7   Thumb Code     0  startup_stm32g431xx.o(.text)
    I2C3_EV_IRQHandler                       0x080002c7   Thumb Code     0  startup_stm32g431xx.o(.text)
    LPTIM1_IRQHandler                        0x080002c7   Thumb Code     0  startup_stm32g431xx.o(.text)
    LPUART1_IRQHandler                       0x080002c7   Thumb Code     0  startup_stm32g431xx.o(.text)
    PVD_PVM_IRQHandler                       0x080002c7   Thumb Code     0  startup_stm32g431xx.o(.text)
    RCC_IRQHandler                           0x080002c7   Thumb Code     0  startup_stm32g431xx.o(.text)
    RNG_IRQHandler                           0x080002c7   Thumb Code     0  startup_stm32g431xx.o(.text)
    RTC_Alarm_IRQHandler                     0x080002c7   Thumb Code     0  startup_stm32g431xx.o(.text)
    RTC_TAMP_LSECSS_IRQHandler               0x080002c7   Thumb Code     0  startup_stm32g431xx.o(.text)
    RTC_WKUP_IRQHandler                      0x080002c7   Thumb Code     0  startup_stm32g431xx.o(.text)
    SAI1_IRQHandler                          0x080002c7   Thumb Code     0  startup_stm32g431xx.o(.text)
    SPI1_IRQHandler                          0x080002c7   Thumb Code     0  startup_stm32g431xx.o(.text)
    SPI2_IRQHandler                          0x080002c7   Thumb Code     0  startup_stm32g431xx.o(.text)
    SPI3_IRQHandler                          0x080002c7   Thumb Code     0  startup_stm32g431xx.o(.text)
    TIM1_BRK_TIM15_IRQHandler                0x080002c7   Thumb Code     0  startup_stm32g431xx.o(.text)
    TIM1_CC_IRQHandler                       0x080002c7   Thumb Code     0  startup_stm32g431xx.o(.text)
    TIM1_TRG_COM_TIM17_IRQHandler            0x080002c7   Thumb Code     0  startup_stm32g431xx.o(.text)
    TIM1_UP_TIM16_IRQHandler                 0x080002c7   Thumb Code     0  startup_stm32g431xx.o(.text)
    TIM2_IRQHandler                          0x080002c7   Thumb Code     0  startup_stm32g431xx.o(.text)
    TIM3_IRQHandler                          0x080002c7   Thumb Code     0  startup_stm32g431xx.o(.text)
    TIM4_IRQHandler                          0x080002c7   Thumb Code     0  startup_stm32g431xx.o(.text)
    TIM6_DAC_IRQHandler                      0x080002c7   Thumb Code     0  startup_stm32g431xx.o(.text)
    TIM7_IRQHandler                          0x080002c7   Thumb Code     0  startup_stm32g431xx.o(.text)
    TIM8_BRK_IRQHandler                      0x080002c7   Thumb Code     0  startup_stm32g431xx.o(.text)
    TIM8_CC_IRQHandler                       0x080002c7   Thumb Code     0  startup_stm32g431xx.o(.text)
    TIM8_TRG_COM_IRQHandler                  0x080002c7   Thumb Code     0  startup_stm32g431xx.o(.text)
    UART4_IRQHandler                         0x080002c7   Thumb Code     0  startup_stm32g431xx.o(.text)
    UCPD1_IRQHandler                         0x080002c7   Thumb Code     0  startup_stm32g431xx.o(.text)
    USART1_IRQHandler                        0x080002c7   Thumb Code     0  startup_stm32g431xx.o(.text)
    USBWakeUp_IRQHandler                     0x080002c7   Thumb Code     0  startup_stm32g431xx.o(.text)
    USB_HP_IRQHandler                        0x080002c7   Thumb Code     0  startup_stm32g431xx.o(.text)
    USB_LP_IRQHandler                        0x080002c7   Thumb Code     0  startup_stm32g431xx.o(.text)
    WWDG_IRQHandler                          0x080002c7   Thumb Code     0  startup_stm32g431xx.o(.text)
    __aeabi_uldivmod                         0x080002d1   Thumb Code    98  uldiv.o(.text)
    __aeabi_memcpy                           0x08000333   Thumb Code    36  memcpya.o(.text)
    __aeabi_memcpy4                          0x08000333   Thumb Code     0  memcpya.o(.text)
    __aeabi_memcpy8                          0x08000333   Thumb Code     0  memcpya.o(.text)
    __aeabi_memset                           0x08000357   Thumb Code    14  memseta.o(.text)
    __aeabi_memset4                          0x08000357   Thumb Code     0  memseta.o(.text)
    __aeabi_memset8                          0x08000357   Thumb Code     0  memseta.o(.text)
    __aeabi_memclr                           0x08000365   Thumb Code     4  memseta.o(.text)
    __aeabi_memclr4                          0x08000365   Thumb Code     0  memseta.o(.text)
    __aeabi_memclr8                          0x08000365   Thumb Code     0  memseta.o(.text)
    memset                                   0x08000369   Thumb Code    18  memseta.o(.text)
    __aeabi_llsl                             0x0800037b   Thumb Code    30  llshl.o(.text)
    _ll_shift_l                              0x0800037b   Thumb Code     0  llshl.o(.text)
    __aeabi_llsr                             0x08000399   Thumb Code    32  llushr.o(.text)
    _ll_ushift_r                             0x08000399   Thumb Code     0  llushr.o(.text)
    __scatterload                            0x080003b9   Thumb Code    28  init.o(.text)
    __scatterload_rt2                        0x080003b9   Thumb Code     0  init.o(.text)
    Analyze_ACKfrme_data                     0x080003dd   Thumb Code    50  rs485.o(i.Analyze_ACKfrme_data)
    Analyze_RS485_data                       0x08000415   Thumb Code   212  rs485.o(i.Analyze_RS485_data)
    BusFault_Handler                         0x0800052d   Thumb Code     2  stm32g4xx_it.o(i.BusFault_Handler)
    DMA1_Channel1_IRQHandler                 0x08000531   Thumb Code     6  stm32g4xx_it.o(i.DMA1_Channel1_IRQHandler)
    DMA1_Channel2_IRQHandler                 0x0800053d   Thumb Code     6  stm32g4xx_it.o(i.DMA1_Channel2_IRQHandler)
    DMA1_Channel3_IRQHandler                 0x08000549   Thumb Code     6  stm32g4xx_it.o(i.DMA1_Channel3_IRQHandler)
    DMA1_Channel4_IRQHandler                 0x08000555   Thumb Code     6  stm32g4xx_it.o(i.DMA1_Channel4_IRQHandler)
    DebugMon_Handler                         0x08000603   Thumb Code     2  stm32g4xx_it.o(i.DebugMon_Handler)
    Enable_DWT_CycleCounter                  0x08000605   Thumb Code    26  mydwt.o(i.Enable_DWT_CycleCounter)
    Error_Handler                            0x08000629   Thumb Code     4  main.o(i.Error_Handler)
    HAL_DMA_Abort                            0x0800062d   Thumb Code   106  stm32g4xx_hal_dma.o(i.HAL_DMA_Abort)
    HAL_DMA_Abort_IT                         0x08000697   Thumb Code   120  stm32g4xx_hal_dma.o(i.HAL_DMA_Abort_IT)
    HAL_DMA_GetError                         0x0800070f   Thumb Code     4  stm32g4xx_hal_dma.o(i.HAL_DMA_GetError)
    HAL_DMA_IRQHandler                       0x08000713   Thumb Code   186  stm32g4xx_hal_dma.o(i.HAL_DMA_IRQHandler)
    HAL_DMA_Init                             0x080007cd   Thumb Code   178  stm32g4xx_hal_dma.o(i.HAL_DMA_Init)
    HAL_DMA_Start_IT                         0x0800088d   Thumb Code   140  stm32g4xx_hal_dma.o(i.HAL_DMA_Start_IT)
    HAL_GPIO_Init                            0x08000919   Thumb Code   550  stm32g4xx_hal_gpio.o(i.HAL_GPIO_Init)
    HAL_GPIO_WritePin                        0x08000b61   Thumb Code    10  stm32g4xx_hal_gpio.o(i.HAL_GPIO_WritePin)
    HAL_GetTick                              0x08000b6d   Thumb Code     6  stm32g4xx_hal.o(i.HAL_GetTick)
    HAL_IncTick                              0x08000b79   Thumb Code    12  stm32g4xx_hal.o(i.HAL_IncTick)
    HAL_Init                                 0x08000b89   Thumb Code    30  stm32g4xx_hal.o(i.HAL_Init)
    HAL_InitTick                             0x08000ba9   Thumb Code   116  stm32g4xx_hal_timebase_tim.o(i.HAL_InitTick)
    HAL_MspInit                              0x08000c31   Thumb Code    54  stm32g4xx_hal_msp.o(i.HAL_MspInit)
    HAL_NVIC_EnableIRQ                       0x08000c6d   Thumb Code    26  stm32g4xx_hal_cortex.o(i.HAL_NVIC_EnableIRQ)
    HAL_NVIC_SetPriority                     0x08000c89   Thumb Code    60  stm32g4xx_hal_cortex.o(i.HAL_NVIC_SetPriority)
    HAL_NVIC_SetPriorityGrouping             0x08000cc9   Thumb Code    26  stm32g4xx_hal_cortex.o(i.HAL_NVIC_SetPriorityGrouping)
    HAL_PWREx_ControlVoltageScaling          0x08000ced   Thumb Code   174  stm32g4xx_hal_pwr_ex.o(i.HAL_PWREx_ControlVoltageScaling)
    HAL_PWREx_DisableUCPDDeadBattery         0x08000da9   Thumb Code    12  stm32g4xx_hal_pwr_ex.o(i.HAL_PWREx_DisableUCPDDeadBattery)
    HAL_RCCEx_PeriphCLKConfig                0x08000db9   Thumb Code   638  stm32g4xx_hal_rcc_ex.o(i.HAL_RCCEx_PeriphCLKConfig)
    HAL_RCC_ClockConfig                      0x08001041   Thumb Code   444  stm32g4xx_hal_rcc.o(i.HAL_RCC_ClockConfig)
    HAL_RCC_GetClockConfig                   0x0800121d   Thumb Code    54  stm32g4xx_hal_rcc.o(i.HAL_RCC_GetClockConfig)
    HAL_RCC_GetPCLK1Freq                     0x0800125d   Thumb Code    24  stm32g4xx_hal_rcc.o(i.HAL_RCC_GetPCLK1Freq)
    HAL_RCC_GetPCLK2Freq                     0x08001281   Thumb Code    24  stm32g4xx_hal_rcc.o(i.HAL_RCC_GetPCLK2Freq)
    HAL_RCC_GetSysClockFreq                  0x080012a5   Thumb Code    98  stm32g4xx_hal_rcc.o(i.HAL_RCC_GetSysClockFreq)
    HAL_RCC_OscConfig                        0x08001311   Thumb Code  1028  stm32g4xx_hal_rcc.o(i.HAL_RCC_OscConfig)
    HAL_TIMEx_Break2Callback                 0x08001715   Thumb Code     2  stm32g4xx_hal_tim_ex.o(i.HAL_TIMEx_Break2Callback)
    HAL_TIMEx_BreakCallback                  0x08001717   Thumb Code     2  stm32g4xx_hal_tim_ex.o(i.HAL_TIMEx_BreakCallback)
    HAL_TIMEx_CommutCallback                 0x08001719   Thumb Code     2  stm32g4xx_hal_tim_ex.o(i.HAL_TIMEx_CommutCallback)
    HAL_TIMEx_DirectionChangeCallback        0x0800171b   Thumb Code     2  stm32g4xx_hal_tim_ex.o(i.HAL_TIMEx_DirectionChangeCallback)
    HAL_TIMEx_EncoderIndexCallback           0x0800171d   Thumb Code     2  stm32g4xx_hal_tim_ex.o(i.HAL_TIMEx_EncoderIndexCallback)
    HAL_TIMEx_IndexErrorCallback             0x0800171f   Thumb Code     2  stm32g4xx_hal_tim_ex.o(i.HAL_TIMEx_IndexErrorCallback)
    HAL_TIMEx_MasterConfigSynchronization    0x08001721   Thumb Code   132  stm32g4xx_hal_tim_ex.o(i.HAL_TIMEx_MasterConfigSynchronization)
    HAL_TIMEx_TransitionErrorCallback        0x080017bd   Thumb Code     2  stm32g4xx_hal_tim_ex.o(i.HAL_TIMEx_TransitionErrorCallback)
    HAL_TIM_Base_Init                        0x080017bf   Thumb Code    98  stm32g4xx_hal_tim.o(i.HAL_TIM_Base_Init)
    HAL_TIM_Base_MspInit                     0x08001821   Thumb Code    30  tim.o(i.HAL_TIM_Base_MspInit)
    HAL_TIM_Base_Start                       0x08001845   Thumb Code    84  stm32g4xx_hal_tim.o(i.HAL_TIM_Base_Start)
    HAL_TIM_Base_Start_IT                    0x080018b1   Thumb Code    94  stm32g4xx_hal_tim.o(i.HAL_TIM_Base_Start_IT)
    HAL_TIM_ConfigClockSource                0x08001929   Thumb Code   246  stm32g4xx_hal_tim.o(i.HAL_TIM_ConfigClockSource)
    HAL_TIM_IC_CaptureCallback               0x08001a29   Thumb Code     2  stm32g4xx_hal_tim.o(i.HAL_TIM_IC_CaptureCallback)
    HAL_TIM_IRQHandler                       0x08001a2b   Thumb Code   418  stm32g4xx_hal_tim.o(i.HAL_TIM_IRQHandler)
    HAL_TIM_OC_DelayElapsedCallback          0x08001bcd   Thumb Code     2  stm32g4xx_hal_tim.o(i.HAL_TIM_OC_DelayElapsedCallback)
    HAL_TIM_PWM_PulseFinishedCallback        0x08001bcf   Thumb Code     2  stm32g4xx_hal_tim.o(i.HAL_TIM_PWM_PulseFinishedCallback)
    HAL_TIM_PeriodElapsedCallback            0x08001bd1   Thumb Code    14  main.o(i.HAL_TIM_PeriodElapsedCallback)
    HAL_TIM_TriggerCallback                  0x08001be5   Thumb Code     2  stm32g4xx_hal_tim.o(i.HAL_TIM_TriggerCallback)
    HAL_UARTEx_DisableFifoMode               0x08001be7   Thumb Code    62  stm32g4xx_hal_uart_ex.o(i.HAL_UARTEx_DisableFifoMode)
    HAL_UARTEx_ReceiveToIdle_DMA             0x08001c25   Thumb Code    74  stm32g4xx_hal_uart_ex.o(i.HAL_UARTEx_ReceiveToIdle_DMA)
    HAL_UARTEx_RxEventCallback               0x08001c71   Thumb Code   134  usart.o(i.HAL_UARTEx_RxEventCallback)
    HAL_UARTEx_RxFifoFullCallback            0x08001d05   Thumb Code     2  stm32g4xx_hal_uart_ex.o(i.HAL_UARTEx_RxFifoFullCallback)
    HAL_UARTEx_SetRxFifoThreshold            0x08001d07   Thumb Code    76  stm32g4xx_hal_uart_ex.o(i.HAL_UARTEx_SetRxFifoThreshold)
    HAL_UARTEx_SetTxFifoThreshold            0x08001d53   Thumb Code    76  stm32g4xx_hal_uart_ex.o(i.HAL_UARTEx_SetTxFifoThreshold)
    HAL_UARTEx_TxFifoEmptyCallback           0x08001d9f   Thumb Code     2  stm32g4xx_hal_uart_ex.o(i.HAL_UARTEx_TxFifoEmptyCallback)
    HAL_UARTEx_WakeupCallback                0x08001da1   Thumb Code     2  stm32g4xx_hal_uart_ex.o(i.HAL_UARTEx_WakeupCallback)
    HAL_UART_DMAStop                         0x08001da3   Thumb Code   148  stm32g4xx_hal_uart.o(i.HAL_UART_DMAStop)
    HAL_UART_ErrorCallback                   0x08001e37   Thumb Code     2  stm32g4xx_hal_uart.o(i.HAL_UART_ErrorCallback)
    HAL_UART_IRQHandler                      0x08001e39   Thumb Code   782  stm32g4xx_hal_uart.o(i.HAL_UART_IRQHandler)
    HAL_UART_Init                            0x08002155   Thumb Code   106  stm32g4xx_hal_uart.o(i.HAL_UART_Init)
    HAL_UART_MspInit                         0x080021c1   Thumb Code   418  usart.o(i.HAL_UART_MspInit)
    HAL_UART_RxCpltCallback                  0x08002381   Thumb Code     2  stm32g4xx_hal_uart.o(i.HAL_UART_RxCpltCallback)
    HAL_UART_RxHalfCpltCallback              0x08002383   Thumb Code     2  stm32g4xx_hal_uart.o(i.HAL_UART_RxHalfCpltCallback)
    HAL_UART_Transmit_DMA                    0x08002385   Thumb Code   132  stm32g4xx_hal_uart.o(i.HAL_UART_Transmit_DMA)
    HAL_UART_TxCpltCallback                  0x08002415   Thumb Code     2  stm32g4xx_hal_uart.o(i.HAL_UART_TxCpltCallback)
    HAL_UART_TxHalfCpltCallback              0x08002417   Thumb Code     2  stm32g4xx_hal_uart.o(i.HAL_UART_TxHalfCpltCallback)
    HardFault_Handler                        0x08002419   Thumb Code     2  stm32g4xx_it.o(i.HardFault_Handler)
    Lock_HT_Interrupt                        0x0800241d   Thumb Code    42  usart.o(i.Lock_HT_Interrupt)
    MX_DMA_Init                              0x0800244d   Thumb Code   104  dma.o(i.MX_DMA_Init)
    MX_FREERTOS_Init                         0x080024b9   Thumb Code    46  app_freertos.o(i.MX_FREERTOS_Init)
    MX_GPIO_Init                             0x080024f9   Thumb Code   100  gpio.o(i.MX_GPIO_Init)
    MX_TIM2_Init                             0x08002565   Thumb Code    96  tim.o(i.MX_TIM2_Init)
    MX_USART2_UART_Init                      0x080025c9   Thumb Code   110  usart.o(i.MX_USART2_UART_Init)
    MX_USART3_UART_Init                      0x08002649   Thumb Code   118  usart.o(i.MX_USART3_UART_Init)
    MemManage_Handler                        0x080026d1   Thumb Code     2  stm32g4xx_it.o(i.MemManage_Handler)
    NMI_Handler                              0x080026d3   Thumb Code     2  stm32g4xx_it.o(i.NMI_Handler)
    RS485_SendBytes                          0x080026d5   Thumb Code   166  rs485.o(i.RS485_SendBytes)
    Slave_SEND_DATA                          0x08002789   Thumb Code   114  rs485.o(i.Slave_SEND_DATA)
    StartDefaultTask                         0x080027fb   Thumb Code     8  app_freertos.o(i.StartDefaultTask)
    StartTask02                              0x08002805   Thumb Code    24  app_freertos.o(i.StartTask02)
    SysTick_Handler                          0x08002821   Thumb Code    26  cmsis_os2.o(i.SysTick_Handler)
    SystemClock_Config                       0x0800283b   Thumb Code   100  main.o(i.SystemClock_Config)
    SystemInit                               0x080028a1   Thumb Code    12  system_stm32g4xx.o(i.SystemInit)
    TIM8_UP_IRQHandler                       0x080028b1   Thumb Code     6  stm32g4xx_it.o(i.TIM8_UP_IRQHandler)
    TIM_Base_SetConfig                       0x080028bd   Thumb Code   160  stm32g4xx_hal_tim.o(i.TIM_Base_SetConfig)
    TIM_ETR_SetConfig                        0x08002979   Thumb Code    20  stm32g4xx_hal_tim.o(i.TIM_ETR_SetConfig)
    UART_AdvFeatureConfig                    0x08002a2d   Thumb Code   200  stm32g4xx_hal_uart.o(i.UART_AdvFeatureConfig)
    UART_CheckIdleState                      0x08002af5   Thumb Code   172  stm32g4xx_hal_uart.o(i.UART_CheckIdleState)
    UART_SetConfig                           0x08002d79   Thumb Code   582  stm32g4xx_hal_uart.o(i.UART_SetConfig)
    UART_Start_Receive_DMA                   0x08002fed   Thumb Code   156  stm32g4xx_hal_uart.o(i.UART_Start_Receive_DMA)
    UART_WaitOnFlagUntilTimeout              0x08003095   Thumb Code   148  stm32g4xx_hal_uart.o(i.UART_WaitOnFlagUntilTimeout)
    USART2_IRQHandler                        0x08003129   Thumb Code     6  stm32g4xx_it.o(i.USART2_IRQHandler)
    USART3_IRQHandler                        0x08003135   Thumb Code     6  stm32g4xx_it.o(i.USART3_IRQHandler)
    UsageFault_Handler                       0x08003141   Thumb Code     2  stm32g4xx_it.o(i.UsageFault_Handler)
    __0printf$8                              0x08003145   Thumb Code    22  printf8.o(i.__0printf$8)
    __1printf$8                              0x08003145   Thumb Code     0  printf8.o(i.__0printf$8)
    __2printf                                0x08003145   Thumb Code     0  printf8.o(i.__0printf$8)
    __scatterload_copy                       0x08003185   Thumb Code    14  handlers.o(i.__scatterload_copy)
    __scatterload_null                       0x08003193   Thumb Code     2  handlers.o(i.__scatterload_null)
    __scatterload_zeroinit                   0x08003195   Thumb Code    14  handlers.o(i.__scatterload_zeroinit)
    clear_ACK                                0x08003609   Thumb Code    16  rs485.o(i.clear_ACK)
    crc8_calculate                           0x0800361d   Thumb Code    26  rs485.o(i.crc8_calculate)
    fputc                                    0x0800363d   Thumb Code    18  usart.o(i.fputc)
    free                                     0x08003655   Thumb Code    76  malloc.o(i.free)
    main                                     0x080036a5   Thumb Code    62  main.o(i.main)
    malloc                                   0x080036ed   Thumb Code    92  malloc.o(i.malloc)
    osDelay                                  0x08003759   Thumb Code    26  cmsis_os2.o(i.osDelay)
    osKernelInitialize                       0x08003775   Thumb Code    32  cmsis_os2.o(i.osKernelInitialize)
    osKernelStart                            0x08003799   Thumb Code    48  cmsis_os2.o(i.osKernelStart)
    osSemaphoreNew                           0x080037d1   Thumb Code   152  cmsis_os2.o(i.osSemaphoreNew)
    osSemaphoreRelease                       0x08003869   Thumb Code    82  cmsis_os2.o(i.osSemaphoreRelease)
    osThreadNew                              0x080038c1   Thumb Code   138  cmsis_os2.o(i.osThreadNew)
    pvPortMalloc                             0x080040e1   Thumb Code   216  heap_4.o(i.pvPortMalloc)
    pvTaskIncrementMutexHeldCount            0x080041bd   Thumb Code    18  tasks.o(i.pvTaskIncrementMutexHeldCount)
    pxPortInitialiseStack                    0x080041d5   Thumb Code    40  port.o(i.pxPortInitialiseStack)
    send_ACKback                             0x08004201   Thumb Code    36  rs485.o(i.send_ACKback)
    uxListRemove                             0x08004225   Thumb Code    38  list.o(i.uxListRemove)
    vApplicationGetIdleTaskMemory            0x0800424d   Thumb Code    16  cmsis_os2.o(i.vApplicationGetIdleTaskMemory)
    vApplicationGetTimerTaskMemory           0x08004261   Thumb Code    18  cmsis_os2.o(i.vApplicationGetTimerTaskMemory)
    vListInitialise                          0x08004279   Thumb Code    22  list.o(i.vListInitialise)
    vListInitialiseItem                      0x0800428f   Thumb Code     6  list.o(i.vListInitialiseItem)
    vListInsert                              0x08004295   Thumb Code    48  list.o(i.vListInsert)
    vListInsertEnd                           0x080042c5   Thumb Code    24  list.o(i.vListInsertEnd)
    vPortEnterCritical                       0x080042dd   Thumb Code    54  port.o(i.vPortEnterCritical)
    vPortExitCritical                        0x0800431d   Thumb Code    34  port.o(i.vPortExitCritical)
    vPortFree                                0x08004345   Thumb Code    94  heap_4.o(i.vPortFree)
    vPortSetupTimerInterrupt                 0x080043a9   Thumb Code    32  port.o(i.vPortSetupTimerInterrupt)
    vPortValidateInterruptPriority           0x080043cd   Thumb Code    74  port.o(i.vPortValidateInterruptPriority)
    vQueueAddToRegistry                      0x08004421   Thumb Code    34  queue.o(i.vQueueAddToRegistry)
    vQueueDelete                             0x08004449   Thumb Code    46  queue.o(i.vQueueDelete)
    vQueueUnregisterQueue                    0x08004479   Thumb Code    36  queue.o(i.vQueueUnregisterQueue)
    vQueueWaitForMessageRestricted           0x080044a1   Thumb Code    68  queue.o(i.vQueueWaitForMessageRestricted)
    vTaskDelay                               0x080044e5   Thumb Code    66  tasks.o(i.vTaskDelay)
    vTaskInternalSetTimeOutState             0x08004531   Thumb Code    12  tasks.o(i.vTaskInternalSetTimeOutState)
    vTaskMissedYield                         0x08004541   Thumb Code     8  tasks.o(i.vTaskMissedYield)
    vTaskPlaceOnEventList                    0x0800454d   Thumb Code    44  tasks.o(i.vTaskPlaceOnEventList)
    vTaskPlaceOnEventListRestricted          0x0800457d   Thumb Code    52  tasks.o(i.vTaskPlaceOnEventListRestricted)
    vTaskPriorityDisinheritAfterTimeout      0x080045b5   Thumb Code   134  tasks.o(i.vTaskPriorityDisinheritAfterTimeout)
    vTaskStartScheduler                      0x08004645   Thumb Code   118  tasks.o(i.vTaskStartScheduler)
    vTaskSuspendAll                          0x080046cd   Thumb Code    10  tasks.o(i.vTaskSuspendAll)
    vTaskSwitchContext                       0x080046dd   Thumb Code    90  tasks.o(i.vTaskSwitchContext)
    xPortStartScheduler                      0x08004741   Thumb Code   222  port.o(i.xPortStartScheduler)
    xPortSysTickHandler                      0x08004835   Thumb Code    38  port.o(i.xPortSysTickHandler)
    xQueueCreateCountingSemaphore            0x08004861   Thumb Code    58  queue.o(i.xQueueCreateCountingSemaphore)
    xQueueCreateCountingSemaphoreStatic      0x0800489b   Thumb Code    64  queue.o(i.xQueueCreateCountingSemaphoreStatic)
    xQueueGenericCreate                      0x080048db   Thumb Code    66  queue.o(i.xQueueGenericCreate)
    xQueueGenericCreateStatic                0x0800491d   Thumb Code   102  queue.o(i.xQueueGenericCreateStatic)
    xQueueGenericReset                       0x08004985   Thumb Code   132  queue.o(i.xQueueGenericReset)
    xQueueGenericSend                        0x08004a0d   Thumb Code   346  queue.o(i.xQueueGenericSend)
    xQueueGenericSendFromISR                 0x08004b6d   Thumb Code   190  queue.o(i.xQueueGenericSendFromISR)
    xQueueGiveFromISR                        0x08004c2b   Thumb Code   156  queue.o(i.xQueueGiveFromISR)
    xQueueReceive                            0x08004cc9   Thumb Code   308  queue.o(i.xQueueReceive)
    xQueueSemaphoreTake                      0x08004e01   Thumb Code   372  queue.o(i.xQueueSemaphoreTake)
    xTaskCheckForTimeOut                     0x08004f79   Thumb Code   112  tasks.o(i.xTaskCheckForTimeOut)
    xTaskCreate                              0x08004fed   Thumb Code    90  tasks.o(i.xTaskCreate)
    xTaskCreateStatic                        0x08005047   Thumb Code    86  tasks.o(i.xTaskCreateStatic)
    xTaskGetSchedulerState                   0x0800509d   Thumb Code    22  tasks.o(i.xTaskGetSchedulerState)
    xTaskGetTickCount                        0x080050b9   Thumb Code     6  tasks.o(i.xTaskGetTickCount)
    xTaskIncrementTick                       0x080050c5   Thumb Code   192  tasks.o(i.xTaskIncrementTick)
    xTaskPriorityDisinherit                  0x0800518d   Thumb Code   118  tasks.o(i.xTaskPriorityDisinherit)
    xTaskPriorityInherit                     0x0800520d   Thumb Code   112  tasks.o(i.xTaskPriorityInherit)
    xTaskRemoveFromEventList                 0x08005285   Thumb Code    98  tasks.o(i.xTaskRemoveFromEventList)
    xTaskResumeAll                           0x080052f5   Thumb Code   182  tasks.o(i.xTaskResumeAll)
    xTimerCreateTimerTask                    0x080053b9   Thumb Code    78  timers.o(i.xTimerCreateTimerTask)
    xTimerGenericCommand                     0x08005419   Thumb Code    98  timers.o(i.xTimerGenericCommand)
    zhuhanshu_attributes                     0x08005580   Data          36  app_freertos.o(.constdata)
    RS485_attributes                         0x080055a4   Data          36  app_freertos.o(.constdata)
    RS485RX_attributes                       0x080055c8   Data          16  app_freertos.o(.constdata)
    UARTPrescTable                           0x080055d8   Data          24  stm32g4xx_hal_uart.o(.constdata)
    AHBPrescTable                            0x08005600   Data          16  system_stm32g4xx.o(.constdata)
    APBPrescTable                            0x08005610   Data           8  system_stm32g4xx.o(.constdata)
    Region$$Table$$Base                      0x08005634   Number         0  anon$$obj.o(Region$$Table)
    Region$$Table$$Limit                     0x08005654   Number         0  anon$$obj.o(Region$$Table)
    velocity_arr                             0x20000000   Data           4  rs485.o(.data)
    target_velocity_1                        0x20000004   Data           4  rs485.o(.data)
    target_velocity_2                        0x20000008   Data           4  rs485.o(.data)
    target_velocity_3                        0x2000000c   Data           4  rs485.o(.data)
    target_velocity_4                        0x20000010   Data           4  rs485.o(.data)
    Slave1_ACK                               0x20000014   Data           4  rs485.o(.data)
    Slave2_ACK                               0x20000018   Data           4  rs485.o(.data)
    Slave3_ACK                               0x2000001c   Data           4  rs485.o(.data)
    Slave4_ACK                               0x20000020   Data           4  rs485.o(.data)
    Master_ACK                               0x20000024   Data           4  rs485.o(.data)
    zhuhanshuHandle                          0x20000028   Data           4  app_freertos.o(.data)
    RS485Handle                              0x2000002c   Data           4  app_freertos.o(.data)
    RS485RXHandle                            0x20000030   Data           4  app_freertos.o(.data)
    rx_complete                              0x20000035   Data           1  usart.o(.data)
    RS485_flag                               0x20000036   Data           1  usart.o(.data)
    rx_length                                0x20000038   Data           2  usart.o(.data)
    __stdout                                 0x2000003c   Data           4  usart.o(.data)
    uwTickPrio                               0x20000040   Data           4  stm32g4xx_hal.o(.data)
    uwTickFreq                               0x20000044   Data           4  stm32g4xx_hal.o(.data)
    uwTick                                   0x20000048   Data           4  stm32g4xx_hal.o(.data)
    SystemCoreClock                          0x2000004c   Data           4  system_stm32g4xx.o(.data)
    pxCurrentTCB                             0x20000050   Data           4  tasks.o(.data)
    __microlib_freelist                      0x200000d0   Data           4  mvars.o(.data)
    __microlib_freelist_initialised          0x200000d4   Data           4  mvars.o(.data)
    htim2                                    0x200000d8   Data          76  tim.o(.bss)
    uart_rx_dma_buffer                       0x20000124   Data          16  usart.o(.bss)
    uart_dma_buffer                          0x20000134   Data          16  usart.o(.bss)
    RS485_rx_dma_buffer                      0x20000144   Data          52  usart.o(.bss)
    RS485_dma_buffer                         0x20000178   Data          52  usart.o(.bss)
    huart2                                   0x200001ac   Data         148  usart.o(.bss)
    huart3                                   0x20000240   Data         148  usart.o(.bss)
    hdma_usart2_rx                           0x200002d4   Data          96  usart.o(.bss)
    hdma_usart2_tx                           0x20000334   Data          96  usart.o(.bss)
    hdma_usart3_rx                           0x20000394   Data          96  usart.o(.bss)
    hdma_usart3_tx                           0x200003f4   Data          96  usart.o(.bss)
    htim8                                    0x20000454   Data          76  stm32g4xx_hal_timebase_tim.o(.bss)
    xQueueRegistry                           0x200004a0   Data          64  queue.o(.bss)
    __heap_base                              0x20001d78   Data           0  startup_stm32g431xx.o(HEAP)
    __heap_limit                             0x20001f78   Data           0  startup_stm32g431xx.o(HEAP)
    __initial_sp                             0x20002378   Data           0  startup_stm32g431xx.o(STACK)



==============================================================================

Memory Map of the image

  Image Entry point : 0x080001d9

  Load Region LR_IROM1 (Base: 0x08000000, Size: 0x0000572c, Max: 0x00020000, ABSOLUTE)

    Execution Region ER_IROM1 (Exec base: 0x08000000, Load base: 0x08000000, Size: 0x00005654, Max: 0x00020000, ABSOLUTE)

    Exec Addr    Load Addr    Size         Type   Attr      Idx    E Section Name        Object

    0x08000000   0x08000000   0x000001d8   Data   RO            3    RESET               startup_stm32g431xx.o
    0x080001d8   0x080001d8   0x00000000   Code   RO         5690  * .ARM.Collect$$$$00000000  mc_w.l(entry.o)
    0x080001d8   0x080001d8   0x00000004   Code   RO         5992    .ARM.Collect$$$$00000001  mc_w.l(entry2.o)
    0x080001dc   0x080001dc   0x00000004   Code   RO         5995    .ARM.Collect$$$$00000004  mc_w.l(entry5.o)
    0x080001e0   0x080001e0   0x00000000   Code   RO         5997    .ARM.Collect$$$$00000008  mc_w.l(entry7b.o)
    0x080001e0   0x080001e0   0x00000000   Code   RO         5999    .ARM.Collect$$$$0000000A  mc_w.l(entry8b.o)
    0x080001e0   0x080001e0   0x00000008   Code   RO         6000    .ARM.Collect$$$$0000000B  mc_w.l(entry9a.o)
    0x080001e8   0x080001e8   0x00000000   Code   RO         6002    .ARM.Collect$$$$0000000D  mc_w.l(entry10a.o)
    0x080001e8   0x080001e8   0x00000000   Code   RO         6004    .ARM.Collect$$$$0000000F  mc_w.l(entry11a.o)
    0x080001e8   0x080001e8   0x00000004   Code   RO         5993    .ARM.Collect$$$$00002712  mc_w.l(entry2.o)
    0x080001ec   0x080001ec   0x000000be   Code   RO         5613    .emb_text           port.o
    0x080002aa   0x080002aa   0x00000002   PAD
    0x080002ac   0x080002ac   0x00000024   Code   RO            4    .text               startup_stm32g431xx.o
    0x080002d0   0x080002d0   0x00000062   Code   RO         5693    .text               mc_w.l(uldiv.o)
    0x08000332   0x08000332   0x00000024   Code   RO         5695    .text               mc_w.l(memcpya.o)
    0x08000356   0x08000356   0x00000024   Code   RO         5699    .text               mc_w.l(memseta.o)
    0x0800037a   0x0800037a   0x0000001e   Code   RO         6008    .text               mc_w.l(llshl.o)
    0x08000398   0x08000398   0x00000020   Code   RO         6010    .text               mc_w.l(llushr.o)
    0x080003b8   0x080003b8   0x00000024   Code   RO         6025    .text               mc_w.l(init.o)
    0x080003dc   0x080003dc   0x00000038   Code   RO          145    i.Analyze_ACKfrme_data  rs485.o
    0x08000414   0x08000414   0x00000118   Code   RO          146    i.Analyze_RS485_data  rs485.o
    0x0800052c   0x0800052c   0x00000002   Code   RO          552    i.BusFault_Handler  stm32g4xx_it.o
    0x0800052e   0x0800052e   0x00000002   PAD
    0x08000530   0x08000530   0x0000000c   Code   RO          553    i.DMA1_Channel1_IRQHandler  stm32g4xx_it.o
    0x0800053c   0x0800053c   0x0000000c   Code   RO          554    i.DMA1_Channel2_IRQHandler  stm32g4xx_it.o
    0x08000548   0x08000548   0x0000000c   Code   RO          555    i.DMA1_Channel3_IRQHandler  stm32g4xx_it.o
    0x08000554   0x08000554   0x0000000c   Code   RO          556    i.DMA1_Channel4_IRQHandler  stm32g4xx_it.o
    0x08000560   0x08000560   0x00000040   Code   RO         2711    i.DMA_CalcDMAMUXChannelBaseAndMask  stm32g4xx_hal_dma.o
    0x080005a0   0x080005a0   0x00000024   Code   RO         2712    i.DMA_CalcDMAMUXRequestGenBaseAndMask  stm32g4xx_hal_dma.o
    0x080005c4   0x080005c4   0x0000003e   Code   RO         2713    i.DMA_SetConfig     stm32g4xx_hal_dma.o
    0x08000602   0x08000602   0x00000002   Code   RO          557    i.DebugMon_Handler  stm32g4xx_it.o
    0x08000604   0x08000604   0x00000024   Code   RO           13    i.Enable_DWT_CycleCounter  mydwt.o
    0x08000628   0x08000628   0x00000004   Code   RO          236    i.Error_Handler     main.o
    0x0800062c   0x0800062c   0x0000006a   Code   RO         2714    i.HAL_DMA_Abort     stm32g4xx_hal_dma.o
    0x08000696   0x08000696   0x00000078   Code   RO         2715    i.HAL_DMA_Abort_IT  stm32g4xx_hal_dma.o
    0x0800070e   0x0800070e   0x00000004   Code   RO         2717    i.HAL_DMA_GetError  stm32g4xx_hal_dma.o
    0x08000712   0x08000712   0x000000ba   Code   RO         2719    i.HAL_DMA_IRQHandler  stm32g4xx_hal_dma.o
    0x080007cc   0x080007cc   0x000000c0   Code   RO         2720    i.HAL_DMA_Init      stm32g4xx_hal_dma.o
    0x0800088c   0x0800088c   0x0000008c   Code   RO         2724    i.HAL_DMA_Start_IT  stm32g4xx_hal_dma.o
    0x08000918   0x08000918   0x00000248   Code   RO         2576    i.HAL_GPIO_Init     stm32g4xx_hal_gpio.o
    0x08000b60   0x08000b60   0x0000000a   Code   RO         2580    i.HAL_GPIO_WritePin  stm32g4xx_hal_gpio.o
    0x08000b6a   0x08000b6a   0x00000002   PAD
    0x08000b6c   0x08000b6c   0x0000000c   Code   RO         1871    i.HAL_GetTick       stm32g4xx_hal.o
    0x08000b78   0x08000b78   0x00000010   Code   RO         1877    i.HAL_IncTick       stm32g4xx_hal.o
    0x08000b88   0x08000b88   0x0000001e   Code   RO         1878    i.HAL_Init          stm32g4xx_hal.o
    0x08000ba6   0x08000ba6   0x00000002   PAD
    0x08000ba8   0x08000ba8   0x00000088   Code   RO          676    i.HAL_InitTick      stm32g4xx_hal_timebase_tim.o
    0x08000c30   0x08000c30   0x0000003c   Code   RO          652    i.HAL_MspInit       stm32g4xx_hal_msp.o
    0x08000c6c   0x08000c6c   0x0000001a   Code   RO         3225    i.HAL_NVIC_EnableIRQ  stm32g4xx_hal_cortex.o
    0x08000c86   0x08000c86   0x00000002   PAD
    0x08000c88   0x08000c88   0x00000040   Code   RO         3231    i.HAL_NVIC_SetPriority  stm32g4xx_hal_cortex.o
    0x08000cc8   0x08000cc8   0x00000024   Code   RO         3232    i.HAL_NVIC_SetPriorityGrouping  stm32g4xx_hal_cortex.o
    0x08000cec   0x08000cec   0x000000bc   Code   RO         2979    i.HAL_PWREx_ControlVoltageScaling  stm32g4xx_hal_pwr_ex.o
    0x08000da8   0x08000da8   0x00000010   Code   RO         2991    i.HAL_PWREx_DisableUCPDDeadBattery  stm32g4xx_hal_pwr_ex.o
    0x08000db8   0x08000db8   0x00000288   Code   RO         2238    i.HAL_RCCEx_PeriphCLKConfig  stm32g4xx_hal_rcc_ex.o
    0x08001040   0x08001040   0x000001dc   Code   RO         2113    i.HAL_RCC_ClockConfig  stm32g4xx_hal_rcc.o
    0x0800121c   0x0800121c   0x00000040   Code   RO         2118    i.HAL_RCC_GetClockConfig  stm32g4xx_hal_rcc.o
    0x0800125c   0x0800125c   0x00000024   Code   RO         2121    i.HAL_RCC_GetPCLK1Freq  stm32g4xx_hal_rcc.o
    0x08001280   0x08001280   0x00000024   Code   RO         2122    i.HAL_RCC_GetPCLK2Freq  stm32g4xx_hal_rcc.o
    0x080012a4   0x080012a4   0x0000006c   Code   RO         2123    i.HAL_RCC_GetSysClockFreq  stm32g4xx_hal_rcc.o
    0x08001310   0x08001310   0x00000404   Code   RO         2126    i.HAL_RCC_OscConfig  stm32g4xx_hal_rcc.o
    0x08001714   0x08001714   0x00000002   Code   RO         1431    i.HAL_TIMEx_Break2Callback  stm32g4xx_hal_tim_ex.o
    0x08001716   0x08001716   0x00000002   Code   RO         1432    i.HAL_TIMEx_BreakCallback  stm32g4xx_hal_tim_ex.o
    0x08001718   0x08001718   0x00000002   Code   RO         1433    i.HAL_TIMEx_CommutCallback  stm32g4xx_hal_tim_ex.o
    0x0800171a   0x0800171a   0x00000002   Code   RO         1444    i.HAL_TIMEx_DirectionChangeCallback  stm32g4xx_hal_tim_ex.o
    0x0800171c   0x0800171c   0x00000002   Code   RO         1458    i.HAL_TIMEx_EncoderIndexCallback  stm32g4xx_hal_tim_ex.o
    0x0800171e   0x0800171e   0x00000002   Code   RO         1472    i.HAL_TIMEx_IndexErrorCallback  stm32g4xx_hal_tim_ex.o
    0x08001720   0x08001720   0x0000009c   Code   RO         1473    i.HAL_TIMEx_MasterConfigSynchronization  stm32g4xx_hal_tim_ex.o
    0x080017bc   0x080017bc   0x00000002   Code   RO         1494    i.HAL_TIMEx_TransitionErrorCallback  stm32g4xx_hal_tim_ex.o
    0x080017be   0x080017be   0x00000062   Code   RO          717    i.HAL_TIM_Base_Init  stm32g4xx_hal_tim.o
    0x08001820   0x08001820   0x00000024   Code   RO          429    i.HAL_TIM_Base_MspInit  tim.o
    0x08001844   0x08001844   0x0000006c   Code   RO          720    i.HAL_TIM_Base_Start  stm32g4xx_hal_tim.o
    0x080018b0   0x080018b0   0x00000078   Code   RO          722    i.HAL_TIM_Base_Start_IT  stm32g4xx_hal_tim.o
    0x08001928   0x08001928   0x00000100   Code   RO          726    i.HAL_TIM_ConfigClockSource  stm32g4xx_hal_tim.o
    0x08001a28   0x08001a28   0x00000002   Code   RO          751    i.HAL_TIM_IC_CaptureCallback  stm32g4xx_hal_tim.o
    0x08001a2a   0x08001a2a   0x000001a2   Code   RO          765    i.HAL_TIM_IRQHandler  stm32g4xx_hal_tim.o
    0x08001bcc   0x08001bcc   0x00000002   Code   RO          768    i.HAL_TIM_OC_DelayElapsedCallback  stm32g4xx_hal_tim.o
    0x08001bce   0x08001bce   0x00000002   Code   RO          795    i.HAL_TIM_PWM_PulseFinishedCallback  stm32g4xx_hal_tim.o
    0x08001bd0   0x08001bd0   0x00000014   Code   RO          237    i.HAL_TIM_PeriodElapsedCallback  main.o
    0x08001be4   0x08001be4   0x00000002   Code   RO          808    i.HAL_TIM_TriggerCallback  stm32g4xx_hal_tim.o
    0x08001be6   0x08001be6   0x0000003e   Code   RO         3785    i.HAL_UARTEx_DisableFifoMode  stm32g4xx_hal_uart_ex.o
    0x08001c24   0x08001c24   0x0000004a   Code   RO         3791    i.HAL_UARTEx_ReceiveToIdle_DMA  stm32g4xx_hal_uart_ex.o
    0x08001c6e   0x08001c6e   0x00000002   PAD
    0x08001c70   0x08001c70   0x00000094   Code   RO          470    i.HAL_UARTEx_RxEventCallback  usart.o
    0x08001d04   0x08001d04   0x00000002   Code   RO         3793    i.HAL_UARTEx_RxFifoFullCallback  stm32g4xx_hal_uart_ex.o
    0x08001d06   0x08001d06   0x0000004c   Code   RO         3794    i.HAL_UARTEx_SetRxFifoThreshold  stm32g4xx_hal_uart_ex.o
    0x08001d52   0x08001d52   0x0000004c   Code   RO         3795    i.HAL_UARTEx_SetTxFifoThreshold  stm32g4xx_hal_uart_ex.o
    0x08001d9e   0x08001d9e   0x00000002   Code   RO         3797    i.HAL_UARTEx_TxFifoEmptyCallback  stm32g4xx_hal_uart_ex.o
    0x08001da0   0x08001da0   0x00000002   Code   RO         3798    i.HAL_UARTEx_WakeupCallback  stm32g4xx_hal_uart_ex.o
    0x08001da2   0x08001da2   0x00000094   Code   RO         3386    i.HAL_UART_DMAStop  stm32g4xx_hal_uart.o
    0x08001e36   0x08001e36   0x00000002   Code   RO         3390    i.HAL_UART_ErrorCallback  stm32g4xx_hal_uart.o
    0x08001e38   0x08001e38   0x0000031c   Code   RO         3393    i.HAL_UART_IRQHandler  stm32g4xx_hal_uart.o
    0x08002154   0x08002154   0x0000006a   Code   RO         3394    i.HAL_UART_Init     stm32g4xx_hal_uart.o
    0x080021be   0x080021be   0x00000002   PAD
    0x080021c0   0x080021c0   0x000001c0   Code   RO          472    i.HAL_UART_MspInit  usart.o
    0x08002380   0x08002380   0x00000002   Code   RO         3401    i.HAL_UART_RxCpltCallback  stm32g4xx_hal_uart.o
    0x08002382   0x08002382   0x00000002   Code   RO         3402    i.HAL_UART_RxHalfCpltCallback  stm32g4xx_hal_uart.o
    0x08002384   0x08002384   0x00000090   Code   RO         3404    i.HAL_UART_Transmit_DMA  stm32g4xx_hal_uart.o
    0x08002414   0x08002414   0x00000002   Code   RO         3406    i.HAL_UART_TxCpltCallback  stm32g4xx_hal_uart.o
    0x08002416   0x08002416   0x00000002   Code   RO         3407    i.HAL_UART_TxHalfCpltCallback  stm32g4xx_hal_uart.o
    0x08002418   0x08002418   0x00000002   Code   RO          558    i.HardFault_Handler  stm32g4xx_it.o
    0x0800241a   0x0800241a   0x00000002   PAD
    0x0800241c   0x0800241c   0x00000030   Code   RO          473    i.Lock_HT_Interrupt  usart.o
    0x0800244c   0x0800244c   0x0000006c   Code   RO          404    i.MX_DMA_Init       dma.o
    0x080024b8   0x080024b8   0x00000040   Code   RO          349    i.MX_FREERTOS_Init  app_freertos.o
    0x080024f8   0x080024f8   0x0000006c   Code   RO          325    i.MX_GPIO_Init      gpio.o
    0x08002564   0x08002564   0x00000064   Code   RO          430    i.MX_TIM2_Init      tim.o
    0x080025c8   0x080025c8   0x00000080   Code   RO          474    i.MX_USART2_UART_Init  usart.o
    0x08002648   0x08002648   0x00000088   Code   RO          475    i.MX_USART3_UART_Init  usart.o
    0x080026d0   0x080026d0   0x00000002   Code   RO          559    i.MemManage_Handler  stm32g4xx_it.o
    0x080026d2   0x080026d2   0x00000002   Code   RO          560    i.NMI_Handler       stm32g4xx_it.o
    0x080026d4   0x080026d4   0x000000b4   Code   RO          149    i.RS485_SendBytes   rs485.o
    0x08002788   0x08002788   0x00000072   Code   RO          150    i.Slave_SEND_DATA   rs485.o
    0x080027fa   0x080027fa   0x00000008   Code   RO          350    i.StartDefaultTask  app_freertos.o
    0x08002802   0x08002802   0x00000002   PAD
    0x08002804   0x08002804   0x0000001c   Code   RO          351    i.StartTask02       app_freertos.o
    0x08002820   0x08002820   0x0000001a   Code   RO         5048    i.SysTick_Handler   cmsis_os2.o
    0x0800283a   0x0800283a   0x00000064   Code   RO          238    i.SystemClock_Config  main.o
    0x0800289e   0x0800289e   0x00000002   PAD
    0x080028a0   0x080028a0   0x00000010   Code   RO         3904    i.SystemInit        system_stm32g4xx.o
    0x080028b0   0x080028b0   0x0000000c   Code   RO          561    i.TIM8_UP_IRQHandler  stm32g4xx_it.o
    0x080028bc   0x080028bc   0x000000bc   Code   RO          810    i.TIM_Base_SetConfig  stm32g4xx_hal_tim.o
    0x08002978   0x08002978   0x00000014   Code   RO          821    i.TIM_ETR_SetConfig  stm32g4xx_hal_tim.o
    0x0800298c   0x0800298c   0x00000014   Code   RO          822    i.TIM_ITRx_SetConfig  stm32g4xx_hal_tim.o
    0x080029a0   0x080029a0   0x00000022   Code   RO          830    i.TIM_TI1_ConfigInputStage  stm32g4xx_hal_tim.o
    0x080029c2   0x080029c2   0x00000024   Code   RO          832    i.TIM_TI2_ConfigInputStage  stm32g4xx_hal_tim.o
    0x080029e6   0x080029e6   0x00000002   PAD
    0x080029e8   0x080029e8   0x00000044   Code   RO         3799    i.UARTEx_SetNbDataToProcess  stm32g4xx_hal_uart_ex.o
    0x08002a2c   0x08002a2c   0x000000c8   Code   RO         3408    i.UART_AdvFeatureConfig  stm32g4xx_hal_uart.o
    0x08002af4   0x08002af4   0x000000ac   Code   RO         3409    i.UART_CheckIdleState  stm32g4xx_hal_uart.o
    0x08002ba0   0x08002ba0   0x00000010   Code   RO         3410    i.UART_DMAAbortOnError  stm32g4xx_hal_uart.o
    0x08002bb0   0x08002bb0   0x00000050   Code   RO         3411    i.UART_DMAError     stm32g4xx_hal_uart.o
    0x08002c00   0x08002c00   0x00000086   Code   RO         3412    i.UART_DMAReceiveCplt  stm32g4xx_hal_uart.o
    0x08002c86   0x08002c86   0x00000020   Code   RO         3414    i.UART_DMARxHalfCplt  stm32g4xx_hal_uart.o
    0x08002ca6   0x08002ca6   0x00000042   Code   RO         3416    i.UART_DMATransmitCplt  stm32g4xx_hal_uart.o
    0x08002ce8   0x08002ce8   0x0000000a   Code   RO         3418    i.UART_DMATxHalfCplt  stm32g4xx_hal_uart.o
    0x08002cf2   0x08002cf2   0x00000002   PAD
    0x08002cf4   0x08002cf4   0x00000054   Code   RO         3420    i.UART_EndRxTransfer  stm32g4xx_hal_uart.o
    0x08002d48   0x08002d48   0x0000002e   Code   RO         3421    i.UART_EndTxTransfer  stm32g4xx_hal_uart.o
    0x08002d76   0x08002d76   0x00000002   PAD
    0x08002d78   0x08002d78   0x00000274   Code   RO         3426    i.UART_SetConfig    stm32g4xx_hal_uart.o
    0x08002fec   0x08002fec   0x000000a8   Code   RO         3427    i.UART_Start_Receive_DMA  stm32g4xx_hal_uart.o
    0x08003094   0x08003094   0x00000094   Code   RO         3433    i.UART_WaitOnFlagUntilTimeout  stm32g4xx_hal_uart.o
    0x08003128   0x08003128   0x0000000c   Code   RO          562    i.USART2_IRQHandler  stm32g4xx_it.o
    0x08003134   0x08003134   0x0000000c   Code   RO          563    i.USART3_IRQHandler  stm32g4xx_it.o
    0x08003140   0x08003140   0x00000002   Code   RO          564    i.UsageFault_Handler  stm32g4xx_it.o
    0x08003142   0x08003142   0x00000002   PAD
    0x08003144   0x08003144   0x00000020   Code   RO         5910    i.__0printf$8       mc_w.l(printf8.o)
    0x08003164   0x08003164   0x00000020   Code   RO         3238    i.__NVIC_SetPriority  stm32g4xx_hal_cortex.o
    0x08003184   0x08003184   0x0000000e   Code   RO         6033    i.__scatterload_copy  mc_w.l(handlers.o)
    0x08003192   0x08003192   0x00000002   Code   RO         6034    i.__scatterload_null  mc_w.l(handlers.o)
    0x08003194   0x08003194   0x0000000e   Code   RO         6035    i.__scatterload_zeroinit  mc_w.l(handlers.o)
    0x080031a2   0x080031a2   0x00000002   PAD
    0x080031a4   0x080031a4   0x00000410   Code   RO         5917    i._printf_core      mc_w.l(printf8.o)
    0x080035b4   0x080035b4   0x00000024   Code   RO         5918    i._printf_post_padding  mc_w.l(printf8.o)
    0x080035d8   0x080035d8   0x0000002e   Code   RO         5919    i._printf_pre_padding  mc_w.l(printf8.o)
    0x08003606   0x08003606   0x00000002   PAD
    0x08003608   0x08003608   0x00000014   Code   RO          151    i.clear_ACK         rs485.o
    0x0800361c   0x0800361c   0x00000020   Code   RO          152    i.crc8_calculate    rs485.o
    0x0800363c   0x0800363c   0x00000018   Code   RO          477    i.fputc             usart.o
    0x08003654   0x08003654   0x00000050   Code   RO         5964    i.free              mc_w.l(malloc.o)
    0x080036a4   0x080036a4   0x00000048   Code   RO          239    i.main              main.o
    0x080036ec   0x080036ec   0x0000006c   Code   RO         5965    i.malloc            mc_w.l(malloc.o)
    0x08003758   0x08003758   0x0000001a   Code   RO         5050    i.osDelay           cmsis_os2.o
    0x08003772   0x08003772   0x00000002   PAD
    0x08003774   0x08003774   0x00000024   Code   RO         5064    i.osKernelInitialize  cmsis_os2.o
    0x08003798   0x08003798   0x00000038   Code   RO         5067    i.osKernelStart     cmsis_os2.o
    0x080037d0   0x080037d0   0x00000098   Code   RO         5095    i.osSemaphoreNew    cmsis_os2.o
    0x08003868   0x08003868   0x00000058   Code   RO         5096    i.osSemaphoreRelease  cmsis_os2.o
    0x080038c0   0x080038c0   0x0000008a   Code   RO         5109    i.osThreadNew       cmsis_os2.o
    0x0800394a   0x0800394a   0x00000002   PAD
    0x0800394c   0x0800394c   0x0000005c   Code   RO         4512    i.prvAddCurrentTaskToDelayedList  tasks.o
    0x080039a8   0x080039a8   0x000000d0   Code   RO         4513    i.prvAddNewTaskToReadyList  tasks.o
    0x08003a78   0x08003a78   0x00000058   Code   RO         4877    i.prvCheckForValidListAndQueue  timers.o
    0x08003ad0   0x08003ad0   0x00000026   Code   RO         4109    i.prvCopyDataFromQueue  queue.o
    0x08003af6   0x08003af6   0x0000006c   Code   RO         4110    i.prvCopyDataToQueue  queue.o
    0x08003b62   0x08003b62   0x00000034   Code   RO         4514    i.prvDeleteTCB      tasks.o
    0x08003b96   0x08003b96   0x00000002   PAD
    0x08003b98   0x08003b98   0x0000004c   Code   RO         5558    i.prvHeapInit       heap_4.o
    0x08003be4   0x08003be4   0x00000060   Code   RO         4515    i.prvIdleTask       tasks.o
    0x08003c44   0x08003c44   0x00000022   Code   RO         4112    i.prvInitialiseNewQueue  queue.o
    0x08003c66   0x08003c66   0x00000002   PAD
    0x08003c68   0x08003c68   0x000000b0   Code   RO         4516    i.prvInitialiseNewTask  tasks.o
    0x08003d18   0x08003d18   0x0000004c   Code   RO         5559    i.prvInsertBlockIntoFreeList  heap_4.o
    0x08003d64   0x08003d64   0x00000038   Code   RO         4879    i.prvInsertTimerInActiveList  timers.o
    0x08003d9c   0x08003d9c   0x0000001c   Code   RO         4113    i.prvIsQueueEmpty   queue.o
    0x08003db8   0x08003db8   0x000000fc   Code   RO         4880    i.prvProcessReceivedCommands  timers.o
    0x08003eb4   0x08003eb4   0x000000c0   Code   RO         4881    i.prvProcessTimerOrBlockTask  timers.o
    0x08003f74   0x08003f74   0x00000020   Code   RO         4518    i.prvResetNextTaskUnblockTime  tasks.o
    0x08003f94   0x08003f94   0x00000028   Code   RO         4882    i.prvSampleTimeNow  timers.o
    0x08003fbc   0x08003fbc   0x0000006c   Code   RO         4883    i.prvSwitchTimerLists  timers.o
    0x08004028   0x08004028   0x00000028   Code   RO         5614    i.prvTaskExitError  port.o
    0x08004050   0x08004050   0x00000024   Code   RO         4884    i.prvTimerTask      timers.o
    0x08004074   0x08004074   0x0000006a   Code   RO         4114    i.prvUnlockQueue    queue.o
    0x080040de   0x080040de   0x00000002   PAD
    0x080040e0   0x080040e0   0x000000dc   Code   RO         5560    i.pvPortMalloc      heap_4.o
    0x080041bc   0x080041bc   0x00000018   Code   RO         4521    i.pvTaskIncrementMutexHeldCount  tasks.o
    0x080041d4   0x080041d4   0x0000002c   Code   RO         5615    i.pxPortInitialiseStack  port.o
    0x08004200   0x08004200   0x00000024   Code   RO          153    i.send_ACKback      rs485.o
    0x08004224   0x08004224   0x00000026   Code   RO         4069    i.uxListRemove      list.o
    0x0800424a   0x0800424a   0x00000002   PAD
    0x0800424c   0x0800424c   0x00000014   Code   RO         5121    i.vApplicationGetIdleTaskMemory  cmsis_os2.o
    0x08004260   0x08004260   0x00000018   Code   RO         5122    i.vApplicationGetTimerTaskMemory  cmsis_os2.o
    0x08004278   0x08004278   0x00000016   Code   RO         4070    i.vListInitialise   list.o
    0x0800428e   0x0800428e   0x00000006   Code   RO         4071    i.vListInitialiseItem  list.o
    0x08004294   0x08004294   0x00000030   Code   RO         4072    i.vListInsert       list.o
    0x080042c4   0x080042c4   0x00000018   Code   RO         4073    i.vListInsertEnd    list.o
    0x080042dc   0x080042dc   0x00000040   Code   RO         5617    i.vPortEnterCritical  port.o
    0x0800431c   0x0800431c   0x00000028   Code   RO         5618    i.vPortExitCritical  port.o
    0x08004344   0x08004344   0x00000064   Code   RO         5561    i.vPortFree         heap_4.o
    0x080043a8   0x080043a8   0x00000024   Code   RO         5619    i.vPortSetupTimerInterrupt  port.o
    0x080043cc   0x080043cc   0x00000054   Code   RO         5620    i.vPortValidateInterruptPriority  port.o
    0x08004420   0x08004420   0x00000028   Code   RO         4120    i.vQueueAddToRegistry  queue.o
    0x08004448   0x08004448   0x0000002e   Code   RO         4121    i.vQueueDelete      queue.o
    0x08004476   0x08004476   0x00000002   PAD
    0x08004478   0x08004478   0x00000028   Code   RO         4123    i.vQueueUnregisterQueue  queue.o
    0x080044a0   0x080044a0   0x00000044   Code   RO         4124    i.vQueueWaitForMessageRestricted  queue.o
    0x080044e4   0x080044e4   0x0000004c   Code   RO         4531    i.vTaskDelay        tasks.o
    0x08004530   0x08004530   0x00000010   Code   RO         4536    i.vTaskInternalSetTimeOutState  tasks.o
    0x08004540   0x08004540   0x0000000c   Code   RO         4537    i.vTaskMissedYield  tasks.o
    0x0800454c   0x0800454c   0x00000030   Code   RO         4539    i.vTaskPlaceOnEventList  tasks.o
    0x0800457c   0x0800457c   0x00000038   Code   RO         4540    i.vTaskPlaceOnEventListRestricted  tasks.o
    0x080045b4   0x080045b4   0x00000090   Code   RO         4542    i.vTaskPriorityDisinheritAfterTimeout  tasks.o
    0x08004644   0x08004644   0x00000088   Code   RO         4548    i.vTaskStartScheduler  tasks.o
    0x080046cc   0x080046cc   0x00000010   Code   RO         4550    i.vTaskSuspendAll   tasks.o
    0x080046dc   0x080046dc   0x00000064   Code   RO         4551    i.vTaskSwitchContext  tasks.o
    0x08004740   0x08004740   0x000000f4   Code   RO         5621    i.xPortStartScheduler  port.o
    0x08004834   0x08004834   0x0000002c   Code   RO         5622    i.xPortSysTickHandler  port.o
    0x08004860   0x08004860   0x0000003a   Code   RO         4125    i.xQueueCreateCountingSemaphore  queue.o
    0x0800489a   0x0800489a   0x00000040   Code   RO         4126    i.xQueueCreateCountingSemaphoreStatic  queue.o
    0x080048da   0x080048da   0x00000042   Code   RO         4129    i.xQueueGenericCreate  queue.o
    0x0800491c   0x0800491c   0x00000066   Code   RO         4130    i.xQueueGenericCreateStatic  queue.o
    0x08004982   0x08004982   0x00000002   PAD
    0x08004984   0x08004984   0x00000088   Code   RO         4131    i.xQueueGenericReset  queue.o
    0x08004a0c   0x08004a0c   0x00000160   Code   RO         4132    i.xQueueGenericSend  queue.o
    0x08004b6c   0x08004b6c   0x000000be   Code   RO         4133    i.xQueueGenericSendFromISR  queue.o
    0x08004c2a   0x08004c2a   0x0000009c   Code   RO         4136    i.xQueueGiveFromISR  queue.o
    0x08004cc6   0x08004cc6   0x00000002   PAD
    0x08004cc8   0x08004cc8   0x00000138   Code   RO         4142    i.xQueueReceive     queue.o
    0x08004e00   0x08004e00   0x00000178   Code   RO         4144    i.xQueueSemaphoreTake  queue.o
    0x08004f78   0x08004f78   0x00000074   Code   RO         4553    i.xTaskCheckForTimeOut  tasks.o
    0x08004fec   0x08004fec   0x0000005a   Code   RO         4554    i.xTaskCreate       tasks.o
    0x08005046   0x08005046   0x00000056   Code   RO         4555    i.xTaskCreateStatic  tasks.o
    0x0800509c   0x0800509c   0x0000001c   Code   RO         4559    i.xTaskGetSchedulerState  tasks.o
    0x080050b8   0x080050b8   0x0000000c   Code   RO         4560    i.xTaskGetTickCount  tasks.o
    0x080050c4   0x080050c4   0x000000c8   Code   RO         4562    i.xTaskIncrementTick  tasks.o
    0x0800518c   0x0800518c   0x00000080   Code   RO         4565    i.xTaskPriorityDisinherit  tasks.o
    0x0800520c   0x0800520c   0x00000078   Code   RO         4566    i.xTaskPriorityInherit  tasks.o
    0x08005284   0x08005284   0x00000070   Code   RO         4567    i.xTaskRemoveFromEventList  tasks.o
    0x080052f4   0x080052f4   0x000000c4   Code   RO         4568    i.xTaskResumeAll    tasks.o
    0x080053b8   0x080053b8   0x00000060   Code   RO         4893    i.xTimerCreateTimerTask  timers.o
    0x08005418   0x08005418   0x00000068   Code   RO         4894    i.xTimerGenericCommand  timers.o
    0x08005480   0x08005480   0x00000100   Data   RO          155    .constdata          rs485.o
    0x08005580   0x08005580   0x00000058   Data   RO          352    .constdata          app_freertos.o
    0x080055d8   0x080055d8   0x00000018   Data   RO         3434    .constdata          stm32g4xx_hal_uart.o
    0x080055f0   0x080055f0   0x00000010   Data   RO         3800    .constdata          stm32g4xx_hal_uart_ex.o
    0x08005600   0x08005600   0x00000010   Data   RO         3905    .constdata          system_stm32g4xx.o
    0x08005610   0x08005610   0x00000008   Data   RO         3906    .constdata          system_stm32g4xx.o
    0x08005618   0x08005618   0x0000001a   Data   RO          353    .conststring        app_freertos.o
    0x08005632   0x08005632   0x00000002   PAD
    0x08005634   0x08005634   0x00000020   Data   RO         6031    Region$$Table       anon$$obj.o


    Execution Region RW_IRAM1 (Exec base: 0x20000000, Load base: 0x08005654, Size: 0x00002378, Max: 0x00008000, ABSOLUTE)

    Exec Addr    Load Addr    Size         Type   Attr      Idx    E Section Name        Object

    0x20000000   0x08005654   0x00000028   Data   RW          156    .data               rs485.o
    0x20000028   0x0800567c   0x0000000c   Data   RW          354    .data               app_freertos.o
    0x20000034   0x08005688   0x00000006   Data   RW          479    .data               usart.o
    0x2000003a   0x0800568e   0x00000002   PAD
    0x2000003c   0x08005690   0x00000004   Data   RW          480    .data               usart.o
    0x20000040   0x08005694   0x0000000c   Data   RW         1898    .data               stm32g4xx_hal.o
    0x2000004c   0x080056a0   0x00000004   Data   RW         3907    .data               system_stm32g4xx.o
    0x20000050   0x080056a4   0x0000003c   Data   RW         4571    .data               tasks.o
    0x2000008c   0x080056e0   0x00000014   Data   RW         4902    .data               timers.o
    0x200000a0   0x080056f4   0x00000004   Data   RW         5124    .data               cmsis_os2.o
    0x200000a4   0x080056f8   0x00000020   Data   RW         5567    .data               heap_4.o
    0x200000c4   0x08005718   0x0000000c   Data   RW         5623    .data               port.o
    0x200000d0   0x08005724   0x00000004   Data   RW         6012    .data               mc_w.l(mvars.o)
    0x200000d4   0x08005728   0x00000004   Data   RW         6013    .data               mc_w.l(mvars.o)
    0x200000d8        -       0x0000004c   Zero   RW          431    .bss                tim.o
    0x20000124        -       0x00000330   Zero   RW          478    .bss                usart.o
    0x20000454        -       0x0000004c   Zero   RW          679    .bss                stm32g4xx_hal_timebase_tim.o
    0x200004a0        -       0x00000040   Zero   RW         4146    .bss                queue.o
    0x200004e0        -       0x000004c4   Zero   RW         4570    .bss                tasks.o
    0x200009a4        -       0x00000118   Zero   RW         4901    .bss                timers.o
    0x20000abc        -       0x000006b8   Zero   RW         5123    .bss                cmsis_os2.o
    0x20001174        -       0x00000c00   Zero   RW         5566    .bss                heap_4.o
    0x20001d74   0x0800572c   0x00000004   PAD
    0x20001d78        -       0x00000200   Zero   RW            2    HEAP                startup_stm32g431xx.o
    0x20001f78        -       0x00000400   Zero   RW            1    STACK               startup_stm32g431xx.o


==============================================================================

Image component sizes


      Code (inc. data)   RO Data    RW Data    ZI Data      Debug   Object Name

       100         22        114         12          0       7917   app_freertos.o
       566         28          0          4       1720      64593   cmsis_os2.o
       108          4          0          0          0        858   dma.o
         0          0          0          0          0      19500   event_groups.o
       108          8          0          0          0        939   gpio.o
       472         24          0         32       3072       4927   heap_4.o
       138          0          0          0          0       3602   list.o
       196         16          0          0          0      13500   main.o
        36         10          0          0          0     642463   mydwt.o
       786         82          0         12          0      11633   port.o
      2320         28          0          0         64      25237   queue.o
       718         98        256         40          0       6618   rs485.o
        36          8        472          0       1536        848   startup_stm32g431xx.o
        58         10          0         12          0       3054   stm32g4xx_hal.o
       158         14          0          0          0      33094   stm32g4xx_hal_cortex.o
       910         30          0          0          0       7261   stm32g4xx_hal_dma.o
       594         34          0          0          0       2380   stm32g4xx_hal_gpio.o
        60          6          0          0          0        894   stm32g4xx_hal_msp.o
       204         18          0          0          0       1425   stm32g4xx_hal_pwr_ex.o
      1748         98          0          0          0       7005   stm32g4xx_hal_rcc.o
       648         10          0          0          0       1908   stm32g4xx_hal_rcc_ex.o
      1306        100          0          0          0      11406   stm32g4xx_hal_tim.o
       170         24          0          0          0       5524   stm32g4xx_hal_tim_ex.o
       136         20          0          0         76       1455   stm32g4xx_hal_timebase_tim.o
      2988        110         24          0          0      37397   stm32g4xx_hal_uart.o
       362          6         16          0          0       6381   stm32g4xx_hal_uart_ex.o
        96         42          0          0          0       6254   stm32g4xx_it.o
         0          0          0          0          0        384   stream_buffer.o
        16          4         24          4          0       1163   system_stm32g4xx.o
      2372        192          0         60       1220      29789   tasks.o
       136         10          0          0         76       1706   tim.o
       972         80          0         20        280      29815   timers.o
       932         92          0         10        816       6781   usart.o

    ----------------------------------------------------------------------
     19496       1228        940        208       8864     997711   Object Totals
         0          0         32          0          0          0   (incl. Generated)
        46          0          2          2          4          0   (incl. Padding)

    ----------------------------------------------------------------------

      Code (inc. data)   RO Data    RW Data    ZI Data      Debug   Library Member Name

         0          0          0          0          0          0   entry.o
         0          0          0          0          0          0   entry10a.o
         0          0          0          0          0          0   entry11a.o
         8          4          0          0          0          0   entry2.o
         4          0          0          0          0          0   entry5.o
         0          0          0          0          0          0   entry7b.o
         0          0          0          0          0          0   entry8b.o
         8          4          0          0          0          0   entry9a.o
        30          0          0          0          0          0   handlers.o
        36          8          0          0          0         68   init.o
        30          0          0          0          0         68   llshl.o
        32          0          0          0          0         68   llushr.o
       188         20          0          0          0        160   malloc.o
        36          0          0          0          0         68   memcpya.o
        36          0          0          0          0        108   memseta.o
         0          0          0          8          0          0   mvars.o
      1154         54          0          0          0        352   printf8.o
        98          0          0          0          0         92   uldiv.o

    ----------------------------------------------------------------------
      1664         90          0          8          0        984   Library Totals
         4          0          0          0          0          0   (incl. Padding)

    ----------------------------------------------------------------------

      Code (inc. data)   RO Data    RW Data    ZI Data      Debug   Library Name

      1660         90          0          8          0        984   mc_w.l

    ----------------------------------------------------------------------
      1664         90          0          8          0        984   Library Totals

    ----------------------------------------------------------------------

==============================================================================


      Code (inc. data)   RO Data    RW Data    ZI Data      Debug   

     21160       1318        940        216       8864     979131   Grand Totals
     21160       1318        940        216       8864     979131   ELF Image Totals
     21160       1318        940        216          0          0   ROM Totals

==============================================================================

    Total RO  Size (Code + RO Data)                22100 (  21.58kB)
    Total RW  Size (RW Data + ZI Data)              9080 (   8.87kB)
    Total ROM Size (Code + RO Data + RW Data)      22316 (  21.79kB)

==============================================================================

