Component: ARM Compiler 5.06 update 5 (build 528) Tool: armlink [4d35e2]

==============================================================================

Section Cross References

    startup_stm32g431xx.o(RESET) refers to startup_stm32g431xx.o(STACK) for __initial_sp
    startup_stm32g431xx.o(RESET) refers to startup_stm32g431xx.o(.text) for Reset_Handler
    startup_stm32g431xx.o(RESET) refers to stm32g4xx_it.o(i.NMI_Handler) for NMI_Handler
    startup_stm32g431xx.o(RESET) refers to stm32g4xx_it.o(i.HardFault_Handler) for HardFault_Handler
    startup_stm32g431xx.o(RESET) refers to stm32g4xx_it.o(i.MemManage_Handler) for MemManage_Handler
    startup_stm32g431xx.o(RESET) refers to stm32g4xx_it.o(i.BusFault_Handler) for BusFault_Handler
    startup_stm32g431xx.o(RESET) refers to stm32g4xx_it.o(i.UsageFault_Handler) for UsageFault_Handler
    startup_stm32g431xx.o(RESET) refers to port.o(.emb_text) for SVC_Handler
    startup_stm32g431xx.o(RESET) refers to stm32g4xx_it.o(i.DebugMon_Handler) for DebugMon_Handler
    startup_stm32g431xx.o(RESET) refers to cmsis_os2.o(i.SysTick_Handler) for SysTick_Handler
    startup_stm32g431xx.o(RESET) refers to stm32g4xx_it.o(i.DMA1_Channel1_IRQHandler) for DMA1_Channel1_IRQHandler
    startup_stm32g431xx.o(RESET) refers to stm32g4xx_it.o(i.DMA1_Channel2_IRQHandler) for DMA1_Channel2_IRQHandler
    startup_stm32g431xx.o(RESET) refers to stm32g4xx_it.o(i.DMA1_Channel3_IRQHandler) for DMA1_Channel3_IRQHandler
    startup_stm32g431xx.o(RESET) refers to stm32g4xx_it.o(i.DMA1_Channel4_IRQHandler) for DMA1_Channel4_IRQHandler
    startup_stm32g431xx.o(RESET) refers to stm32g4xx_it.o(i.USART2_IRQHandler) for USART2_IRQHandler
    startup_stm32g431xx.o(RESET) refers to stm32g4xx_it.o(i.USART3_IRQHandler) for USART3_IRQHandler
    startup_stm32g431xx.o(RESET) refers to stm32g4xx_it.o(i.TIM8_UP_IRQHandler) for TIM8_UP_IRQHandler
    startup_stm32g431xx.o(.text) refers to system_stm32g4xx.o(i.SystemInit) for SystemInit
    startup_stm32g431xx.o(.text) refers to entry.o(.ARM.Collect$$$$00000000) for __main
    rs485.o(i.Analyze_ACKfrme_data) refers to rs485.o(.data) for Master_ACK
    rs485.o(i.Analyze_RS485_data) refers to malloc.o(i.malloc) for malloc
    rs485.o(i.Analyze_RS485_data) refers to rs485.o(i.crc8_calculate) for crc8_calculate
    rs485.o(i.Analyze_RS485_data) refers to rs485.o(i.send_ACKback) for send_ACKback
    rs485.o(i.Analyze_RS485_data) refers to printf8.o(i.__0printf$8) for __2printf
    rs485.o(i.Analyze_RS485_data) refers to malloc.o(i.free) for free
    rs485.o(i.Analyze_RS485_data) refers to rs485.o(i.Analyze_ACKfrme_data) for Analyze_ACKfrme_data
    rs485.o(i.Analyze_RS485_data) refers to rs485.o(i.Slave_SEND_DATA) for Slave_SEND_DATA
    rs485.o(i.Analyze_RS485_data) refers to usart.o(.data) for RS485_flag
    rs485.o(i.Analyze_RS485_data) refers to usart.o(.bss) for RS485_dma_buffer
    rs485.o(i.Analyze_RS485_data) refers to rs485.o(.data) for target_velocity_1
    rs485.o(i.MASTER_ENABLE_Slave_TX) refers to rs485.o(i.RS485_SendBytes) for RS485_SendBytes
    rs485.o(i.MASTER_SEND_DATA) refers to rs485.o(i.clear_ACK) for clear_ACK
    rs485.o(i.MASTER_SEND_DATA) refers to malloc.o(i.malloc) for malloc
    rs485.o(i.MASTER_SEND_DATA) refers to rs485.o(i.crc8_calculate) for crc8_calculate
    rs485.o(i.MASTER_SEND_DATA) refers to rs485.o(i.RS485_SendBytes) for RS485_SendBytes
    rs485.o(i.MASTER_SEND_DATA) refers to malloc.o(i.free) for free
    rs485.o(i.RS485_SendAck) refers to stm32g4xx_hal_gpio.o(i.HAL_GPIO_WritePin) for HAL_GPIO_WritePin
    rs485.o(i.RS485_SendAck) refers to stm32g4xx_hal_uart.o(i.HAL_UART_Transmit_DMA) for HAL_UART_Transmit_DMA
    rs485.o(i.RS485_SendAck) refers to usart.o(.bss) for huart3
    rs485.o(i.RS485_SendBytes) refers to stm32g4xx_hal_gpio.o(i.HAL_GPIO_WritePin) for HAL_GPIO_WritePin
    rs485.o(i.RS485_SendBytes) refers to stm32g4xx_hal_uart.o(i.HAL_UART_Transmit_DMA) for HAL_UART_Transmit_DMA
    rs485.o(i.RS485_SendBytes) refers to usart.o(.bss) for huart3
    rs485.o(i.RS485_SendBytes) refers to usart.o(.data) for RS485_flag
    rs485.o(i.Slave_SEND_DATA) refers to rs485.o(i.clear_ACK) for clear_ACK
    rs485.o(i.Slave_SEND_DATA) refers to malloc.o(i.malloc) for malloc
    rs485.o(i.Slave_SEND_DATA) refers to rs485.o(i.crc8_calculate) for crc8_calculate
    rs485.o(i.Slave_SEND_DATA) refers to rs485.o(i.RS485_SendBytes) for RS485_SendBytes
    rs485.o(i.Slave_SEND_DATA) refers to malloc.o(i.free) for free
    rs485.o(i.clear_ACK) refers to rs485.o(.data) for Master_ACK
    rs485.o(i.crc8_calculate) refers to rs485.o(.constdata) for crc8_table
    rs485.o(i.send_ACKback) refers to printf8.o(i.__0printf$8) for __2printf
    rs485.o(i.send_ACKback) refers to rs485.o(i.RS485_SendAck) for RS485_SendAck
    rs485.o(i.test_crc8) refers to rs485.o(i.crc8_calculate) for crc8_calculate
    rs485.o(i.test_crc8) refers to printf8.o(i.__0printf$8) for __2printf
[...]
    i.osKernelStart                          0x080043d8   Section        0  cmsis_os2.o(i.osKernelStart)
    i.osSemaphoreNew                         0x08004438   Section        0  cmsis_os2.o(i.osSemaphoreNew)
    i.osSemaphoreRelease                     0x08004504   Section        0  cmsis_os2.o(i.osSemaphoreRelease)
    i.osThreadNew                            0x08004560   Section        0  cmsis_os2.o(i.osThreadNew)
    i.prvAddCurrentTaskToDelayedList         0x08004618   Section        0  tasks.o(i.prvAddCurrentTaskToDelayedList)
    prvAddCurrentTaskToDelayedList           0x08004619   Thumb Code   100  tasks.o(i.prvAddCurrentTaskToDelayedList)
    i.prvAddNewTaskToReadyList               0x08004694   Section        0  tasks.o(i.prvAddNewTaskToReadyList)
    prvAddNewTaskToReadyList                 0x08004695   Thumb Code   154  tasks.o(i.prvAddNewTaskToReadyList)
    i.prvCheckForValidListAndQueue           0x0800474c   Section        0  timers.o(i.prvCheckForValidListAndQueue)
    prvCheckForValidListAndQueue             0x0800474d   Thumb Code    78  timers.o(i.prvCheckForValidListAndQueue)
    i.prvCheckTasksWaitingTermination        0x080047c0   Section        0  tasks.o(i.prvCheckTasksWaitingTermination)
    prvCheckTasksWaitingTermination          0x080047c1   Thumb Code    60  tasks.o(i.prvCheckTasksWaitingTermination)
    i.prvCopyDataFromQueue                   0x08004808   Section        0  queue.o(i.prvCopyDataFromQueue)
    prvCopyDataFromQueue                     0x08004809   Thumb Code    42  queue.o(i.prvCopyDataFromQueue)
    i.prvCopyDataToQueue                     0x08004832   Section        0  queue.o(i.prvCopyDataToQueue)
    prvCopyDataToQueue                       0x08004833   Thumb Code   126  queue.o(i.prvCopyDataToQueue)
    i.prvDeleteTCB                           0x080048b0   Section        0  tasks.o(i.prvDeleteTCB)
    prvDeleteTCB                             0x080048b1   Thumb Code    80  tasks.o(i.prvDeleteTCB)
    i.prvGetDisinheritPriorityAfterTimeout   0x08004900   Section        0  queue.o(i.prvGetDisinheritPriorityAfterTimeout)
    prvGetDisinheritPriorityAfterTimeout     0x08004901   Thumb Code    20  queue.o(i.prvGetDisinheritPriorityAfterTimeout)
    i.prvGetNextExpireTime                   0x08004914   Section        0  timers.o(i.prvGetNextExpireTime)
    prvGetNextExpireTime                     0x08004915   Thumb Code    36  timers.o(i.prvGetNextExpireTime)
    i.prvHeapInit                            0x0800493c   Section        0  heap_4.o(i.prvHeapInit)
    prvHeapInit                              0x0800493d   Thumb Code    98  heap_4.o(i.prvHeapInit)
    i.prvIdleTask                            0x080049b8   Section        0  tasks.o(i.prvIdleTask)
    prvIdleTask                              0x080049b9   Thumb Code    32  tasks.o(i.prvIdleTask)
    i.prvInitialiseNewQueue                  0x080049e0   Section        0  queue.o(i.prvInitialiseNewQueue)
    prvInitialiseNewQueue                    0x080049e1   Thumb Code    42  queue.o(i.prvInitialiseNewQueue)
    i.prvInitialiseNewTask                   0x08004a0a   Section        0  tasks.o(i.prvInitialiseNewTask)
    prvInitialiseNewTask                     0x08004a0b   Thumb Code   190  tasks.o(i.prvInitialiseNewTask)
    i.prvInitialiseTaskLists                 0x08004ac8   Section        0  tasks.o(i.prvInitialiseTaskLists)
    prvInitialiseTaskLists                   0x08004ac9   Thumb Code    70  tasks.o(i.prvInitialiseTaskLists)
    i.prvInsertBlockIntoFreeList             0x08004b30   Section        0  heap_4.o(i.prvInsertBlockIntoFreeList)
    prvInsertBlockIntoFreeList               0x08004b31   Thumb Code    96  heap_4.o(i.prvInsertBlockIntoFreeList)
    i.prvInsertTimerInActiveList             0x08004b98   Section        0  timers.o(i.prvInsertTimerInActiveList)
    prvInsertTimerInActiveList               0x08004b99   Thumb Code    80  timers.o(i.prvInsertTimerInActiveList)
    i.prvIsQueueEmpty                        0x08004bf0   Section        0  queue.o(i.prvIsQueueEmpty)
    prvIsQueueEmpty                          0x08004bf1   Thumb Code    26  queue.o(i.prvIsQueueEmpty)
    i.prvIsQueueFull                         0x08004c0a   Section        0  queue.o(i.prvIsQueueFull)
    prvIsQueueFull                           0x08004c0b   Thumb Code    30  queue.o(i.prvIsQueueFull)
    i.prvProcessExpiredTimer                 0x08004c28   Section        0  timers.o(i.prvProcessExpiredTimer)
    prvProcessExpiredTimer                   0x08004c29   Thumb Code   110  timers.o(i.prvProcessExpiredTimer)
    i.prvProcessReceivedCommands             0x08004c9c   Section        0  timers.o(i.prvProcessReceivedCommands)
    prvProcessReceivedCommands               0x08004c9d   Thumb Code   350  timers.o(i.prvProcessReceivedCommands)
    i.prvProcessTimerOrBlockTask             0x08004e00   Section        0  timers.o(i.prvProcessTimerOrBlockTask)
    prvProcessTimerOrBlockTask               0x08004e01   Thumb Code   102  timers.o(i.prvProcessTimerOrBlockTask)
    i.prvResetNextTaskUnblockTime            0x08004e74   Section        0  tasks.o(i.prvResetNextTaskUnblockTime)
    prvResetNextTaskUnblockTime              0x08004e75   Thumb Code    42  tasks.o(i.prvResetNextTaskUnblockTime)
    i.prvSampleTimeNow                       0x08004ea8   Section        0  timers.o(i.prvSampleTimeNow)
    prvSampleTimeNow                         0x08004ea9   Thumb Code    40  timers.o(i.prvSampleTimeNow)
    i.prvSwitchTimerLists                    0x08004ed4   Section        0  timers.o(i.prvSwitchTimerLists)
    prvSwitchTimerLists                      0x08004ed5   Thumb Code   154  timers.o(i.prvSwitchTimerLists)
    i.prvTaskExitError                       0x08004f78   Section        0  port.o(i.prvTaskExitError)
    prvTaskExitError                         0x08004f79   Thumb Code    60  port.o(i.prvTaskExitError)
    i.prvTimerTask                           0x08004fb8   Section        0  timers.o(i.prvTimerTask)
    prvTimerTask                             0x08004fb9   Thumb Code    26  timers.o(i.prvTimerTask)
    i.prvUnlockQueue                         0x08004fd2   Section        0  queue.o(i.prvUnlockQueue)
    prvUnlockQueue                           0x08004fd3   Thumb Code   126  queue.o(i.prvUnlockQueue)
    i.pvPortMalloc                           0x08005050   Section        0  heap_4.o(i.pvPortMalloc)
    i.pvTaskIncrementMutexHeldCount          0x0800519c   Section        0  tasks.o(i.pvTaskIncrementMutexHeldCount)
    i.pxPortInitialiseStack                  0x080051bc   Section        0  port.o(i.pxPortInitialiseStack)
    i.send_ACKback                           0x080051e8   Section        0  rs485.o(i.send_ACKback)
    i.uxListRemove                           0x08005218   Section        0  list.o(i.uxListRemove)
    i.vApplicationGetIdleTaskMemory          0x08005240   Section        0  cmsis_os2.o(i.vApplicationGetIdleTaskMemory)
    i.vApplicationGetTimerTaskMemory         0x08005258   Section        0  cmsis_os2.o(i.vApplicationGetTimerTaskMemory)
    i.vListInitialise                        0x08005270   Section        0  list.o(i.vListInitialise)
    i.vListInitialiseItem                    0x0800528a   Section        0  list.o(i.vListInitialiseItem)
    i.vListInsert                            0x08005290   Section        0  list.o(i.vListInsert)
    i.vListInsertEnd                         0x080052c4   Section        0  list.o(i.vListInsertEnd)
    i.vPortEnterCritical                     0x080052dc   Section        0  port.o(i.vPortEnterCritical)
    i.vPortExitCritical                      0x08005330   Section        0  port.o(i.vPortExitCritical)
    i.vPortFree                              0x0800536c   Section        0  heap_4.o(i.vPortFree)
    i.vPortSetupTimerInterrupt               0x08005410   Section        0  port.o(i.vPortSetupTimerInterrupt)
    i.vPortValidateInterruptPriority         0x08005438   Section        0  port.o(i.vPortValidateInterruptPriority)
    i.vQueueAddToRegistry                    0x080054b0   Section        0  queue.o(i.vQueueAddToRegistry)
    i.vQueueDelete                           0x080054dc   Section        0  queue.o(i.vQueueDelete)
    i.vQueueUnregisterQueue                  0x08005510   Section        0  queue.o(i.vQueueUnregisterQueue)
    i.vQueueWaitForMessageRestricted         0x08005540   Section        0  queue.o(i.vQueueWaitForMessageRestricted)
    i.vTaskDelay                             0x0800558c   Section        0  tasks.o(i.vTaskDelay)
    i.vTaskInternalSetTimeOutState           0x080055e8   Section        0  tasks.o(i.vTaskInternalSetTimeOutState)
    i.vTaskMissedYield                       0x08005600   Section        0  tasks.o(i.vTaskMissedYield)
    i.vTaskPlaceOnEventList                  0x0800560c   Section        0  tasks.o(i.vTaskPlaceOnEventList)
    i.vTaskPlaceOnEventListRestricted        0x08005644   Section        0  tasks.o(i.vTaskPlaceOnEventListRestricted)
    i.vTaskPriorityDisinheritAfterTimeout    0x08005684   Section        0  tasks.o(i.vTaskPriorityDisinheritAfterTimeout)
    i.vTaskStartScheduler                    0x08005754   Section        0  tasks.o(i.vTaskStartScheduler)
    i.vTaskSuspendAll                        0x0800580c   Section        0  tasks.o(i.vTaskSuspendAll)
    i.vTaskSwitchContext                     0x0800581c   Section        0  tasks.o(i.vTaskSwitchContext)
    i.xPortStartScheduler                    0x080058ac   Section        0  port.o(i.xPortStartScheduler)
    i.xPortSysTickHandler                    0x08005a14   Section        0  port.o(i.xPortSysTickHandler)
    i.xQueueCreateCountingSemaphore          0x08005a48   Section        0  queue.o(i.xQueueCreateCountingSemaphore)
    i.xQueueCreateCountingSemaphoreStatic    0x08005aa4   Section        0  queue.o(i.xQueueCreateCountingSemaphoreStatic)
    i.xQueueGenericCreate                    0x08005b08   Section        0  queue.o(i.xQueueGenericCreate)
    i.xQueueGenericCreateStatic              0x08005b62   Section        0  queue.o(i.xQueueGenericCreateStatic)
    i.xQueueGenericReset                     0x08005c44   Section        0  queue.o(i.xQueueGenericReset)
    i.xQueueGenericSend                      0x08005cdc   Section        0  queue.o(i.xQueueGenericSend)
    i.xQueueGenericSendFromISR               0x08005e84   Section        0  queue.o(i.xQueueGenericSendFromISR)
    i.xQueueGiveFromISR                      0x08005f80   Section        0  queue.o(i.xQueueGiveFromISR)
    i.xQueueReceive                          0x08006060   Section        0  queue.o(i.xQueueReceive)
    i.xQueueSemaphoreTake                    0x080061c8   Section        0  queue.o(i.xQueueSemaphoreTake)
    i.xTaskCheckForTimeOut                   0x08006380   Section        0  tasks.o(i.xTaskCheckForTimeOut)
    i.xTaskCreate                            0x0800640c   Section        0  tasks.o(i.xTaskCreate)
    i.xTaskCreateStatic                      0x08006470   Section        0  tasks.o(i.xTaskCreateStatic)
    i.xTaskGetSchedulerState                 0x0800652c   Section        0  tasks.o(i.xTaskGetSchedulerState)
    i.xTaskGetTickCount                      0x0800654c   Section        0  tasks.o(i.xTaskGetTickCount)
    i.xTaskIncrementTick                     0x08006558   Section        0  tasks.o(i.xTaskIncrementTick)
    i.xTaskPriorityDisinherit                0x0800669c   Section        0  tasks.o(i.xTaskPriorityDisinherit)
    i.xTaskPriorityInherit                   0x08006740   Section        0  tasks.o(i.xTaskPriorityInherit)
    i.xTaskRemoveFromEventList               0x080067e4   Section        0  tasks.o(i.xTaskRemoveFromEventList)
    i.xTaskResumeAll                         0x0800687c   Section        0  tasks.o(i.xTaskResumeAll)
    i.xTimerCreateTimerTask                  0x08006980   Section        0  timers.o(i.xTimerCreateTimerTask)
    i.xTimerGenericCommand                   0x080069f8   Section        0  timers.o(i.xTimerGenericCommand)
    .constdata                               0x08006a7c   Section      256  rs485.o(.constdata)
    crc8_table                               0x08006a7c   Data         256  rs485.o(.constdata)
    .constdata                               0x08006b7c   Section       88  app_freertos.o(.constdata)
    .constdata                               0x08006bd4   Section       24  stm32g4xx_hal_uart.o(.constdata)
    .constdata                               0x08006bec   Section       16  stm32g4xx_hal_uart_ex.o(.constdata)
    numerator                                0x08006bec   Data           8  stm32g4xx_hal_uart_ex.o(.constdata)
    denominator                              0x08006bf4   Data           8  stm32g4xx_hal_uart_ex.o(.constdata)
    .constdata                               0x08006bfc   Section       24  system_stm32g4xx.o(.constdata)
    .conststring                             0x08006c14   Section       26  app_freertos.o(.conststring)
    .data                                    0x20000000   Section       40  rs485.o(.data)
    .data                                    0x20000028   Section       12  app_freertos.o(.data)
    .data                                    0x20000034   Section       12  usart.o(.data)
    g_ht_interrupt_locked                    0x20000034   Data           1  usart.o(.data)
    .data                                    0x20000040   Section       12  stm32g4xx_hal.o(.data)
    .data                                    0x2000004c   Section        4  system_stm32g4xx.o(.data)
    .data                                    0x20000050   Section       60  tasks.o(.data)
    pxDelayedTaskList                        0x20000054   Data           4  tasks.o(.data)
    pxOverflowDelayedTaskList                0x20000058   Data           4  tasks.o(.data)
    uxDeletedTasksWaitingCleanUp             0x2000005c   Data           4  tasks.o(.data)
    uxCurrentNumberOfTasks                   0x20000060   Data           4  tasks.o(.data)
    xTickCount                               0x20000064   Data           4  tasks.o(.data)
    uxTopReadyPriority                       0x20000068   Data           4  tasks.o(.data)
    xSchedulerRunning                        0x2000006c   Data           4  tasks.o(.data)
    xPendedTicks                             0x20000070   Data           4  tasks.o(.data)
    xYieldPending                            0x20000074   Data           4  tasks.o(.data)
    xNumOfOverflows                          0x20000078   Data           4  tasks.o(.data)
    uxTaskNumber                             0x2000007c   Data           4  tasks.o(.data)
    xNextTaskUnblockTime                     0x20000080   Data           4  tasks.o(.data)
    xIdleTaskHandle                          0x20000084   Data           4  tasks.o(.data)
    uxSchedulerSuspended                     0x20000088   Data           4  tasks.o(.data)
    .data                                    0x2000008c   Section       20  timers.o(.data)
    pxCurrentTimerList                       0x2000008c   Data           4  timers.o(.data)
    pxOverflowTimerList                      0x20000090   Data           4  timers.o(.data)
    xTimerQueue                              0x20000094   Data           4  timers.o(.data)
    xTimerTaskHandle                         0x20000098   Data           4  timers.o(.data)
    xLastTime                                0x2000009c   Data           4  timers.o(.data)
    .data                                    0x200000a0   Section        4  cmsis_os2.o(.data)
    KernelState                              0x200000a0   Data           4  cmsis_os2.o(.data)
    .data                                    0x200000a4   Section       32  heap_4.o(.data)
    xStart                                   0x200000a4   Data           8  heap_4.o(.data)
    pxEnd                                    0x200000ac   Data           4  heap_4.o(.data)
    xFreeBytesRemaining                      0x200000b0   Data           4  heap_4.o(.data)
    xMinimumEverFreeBytesRemaining           0x200000b4   Data           4  heap_4.o(.data)
    xNumberOfSuccessfulAllocations           0x200000b8   Data           4  heap_4.o(.data)
    xNumberOfSuccessfulFrees                 0x200000bc   Data           4  heap_4.o(.data)
    xBlockAllocatedBit                       0x200000c0   Data           4  heap_4.o(.data)
    .data                                    0x200000c4   Section       12  port.o(.data)
    uxCriticalNesting                        0x200000c4   Data           4  port.o(.data)
    ucMaxSysCallPriority                     0x200000c8   Data           1  port.o(.data)
    ulMaxPRIGROUPValue                       0x200000cc   Data           4  port.o(.data)
    .data                                    0x200000d0   Section        4  mvars.o(.data)
    .data                                    0x200000d4   Section        4  mvars.o(.data)
    .bss                                     0x200000d8   Section       76  tim.o(.bss)
    .bss                                     0x20000124   Section      816  usart.o(.bss)
    .bss                                     0x20000454   Section       76  stm32g4xx_hal_timebase_tim.o(.bss)
    .bss                                     0x200004a0   Section       64  queue.o(.bss)
    .bss                                     0x200004e0   Section     1220  tasks.o(.bss)
    pxReadyTasksLists                        0x200004e0   Data        1120  tasks.o(.bss)
    xDelayedTaskList1                        0x20000940   Data          20  tasks.o(.bss)
    xDelayedTaskList2                        0x20000954   Data          20  tasks.o(.bss)
    xPendingReadyList                        0x20000968   Data          20  tasks.o(.bss)
    xTasksWaitingTermination                 0x2000097c   Data          20  tasks.o(.bss)
    xSuspendedTaskList                       0x20000990   Data          20  tasks.o(.bss)
    .bss                                     0x200009a4   Section      280  timers.o(.bss)
    xActiveTimerList1                        0x200009a4   Data          20  timers.o(.bss)
    xActiveTimerList2                        0x200009b8   Data          20  timers.o(.bss)
    xStaticTimerQueue                        0x200009cc   Data          80  timers.o(.bss)
    ucStaticTimerQueueStorage                0x20000a1c   Data         160  timers.o(.bss)
    .bss                                     0x20000abc   Section     1720  cmsis_os2.o(.bss)
    Idle_TCB                                 0x20000abc   Data          92  cmsis_os2.o(.bss)
    Idle_Stack                               0x20000b18   Data         512  cmsis_os2.o(.bss)
    Timer_TCB                                0x20000d18   Data          92  cmsis_os2.o(.bss)
    Timer_Stack                              0x20000d74   Data        1024  cmsis_os2.o(.bss)
    .bss                                     0x20001174   Section     3072  heap_4.o(.bss)
    ucHeap                                   0x20001174   Data        3072  heap_4.o(.bss)
    HEAP                                     0x20001d78   Section      512  startup_stm32g431xx.o(HEAP)
    STACK                                    0x20001f78   Section     1024  startup_stm32g431xx.o(STACK)

    Global Symbols

    Symbol Name                              Value     Ov Type        Size  Object(Section)

    BuildAttributes$$THM_ISAv4$E$P$D$K$B$S$7EM$VFPi3$EXTD16$VFPS$VFMA$PE$A:L22UL41UL21$X:L11$S22US41US21$IEEE1$IW$USESV6$~STKCKD$USESV7$~SHL$OSPACE$ROPI$EBA8$MICROLIB$REQ8$PRES8$EABIv2 0x00000000   Number         0  anon$$obj.o ABSOLUTE
    __ARM_use_no_argv                        0x00000000   Number         0  main.o ABSOLUTE
    _printf_a                                0x00000000   Number         0  stubs.o ABSOLUTE
    _printf_c                                0x00000000   Number         0  stubs.o ABSOLUTE
    _printf_charcount                        0x00000000   Number         0  stubs.o ABSOLUTE
    _printf_d                                0x00000000   Number         0  stubs.o ABSOLUTE
    _printf_e                                0x00000000   Number         0  stubs.o ABSOLUTE
    _printf_f                                0x00000000   Number         0  stubs.o ABSOLUTE
    _printf_flags                            0x00000000   Number         0  stubs.o ABSOLUTE
    _printf_fp_dec                           0x00000000   Number         0  stubs.o ABSOLUTE
    _printf_fp_hex                           0x00000000   Number         0  stubs.o ABSOLUTE
    _printf_g                                0x00000000   Number         0  stubs.o ABSOLUTE
    _printf_i                                0x00000000   Number         0  stubs.o ABSOLUTE
    _printf_int_dec                          0x00000000   Number         0  stubs.o ABSOLUTE
    _printf_l                                0x00000000   Number         0  stubs.o ABSOLUTE
    _printf_lc                               0x00000000   Number         0  stubs.o ABSOLUTE
    _printf_ll                               0x00000000   Number         0  stubs.o ABSOLUTE
    _printf_lld                              0x00000000   Number         0  stubs.o ABSOLUTE
    _printf_lli                              0x00000000   Number         0  stubs.o ABSOLUTE
    _printf_llo                              0x00000000   Number         0  stubs.o ABSOLUTE
    _printf_llu                              0x00000000   Number         0  stubs.o ABSOLUTE
    _printf_llx                              0x00000000   Number         0  stubs.o ABSOLUTE
    _printf_longlong_dec                     0x00000000   Number         0  stubs.o ABSOLUTE
    _printf_longlong_hex                     0x00000000   Number         0  stubs.o ABSOLUTE
    _printf_longlong_oct                     0x00000000   Number         0  stubs.o ABSOLUTE
    _printf_ls                               0x00000000   Number         0  stubs.o ABSOLUTE
    _printf_mbtowc                           0x00000000   Number         0  stubs.o ABSOLUTE
    _printf_n                                0x00000000   Number         0  stubs.o ABSOLUTE
    _printf_o                                0x00000000   Number         0  stubs.o ABSOLUTE
    _printf_p                                0x00000000   Number         0  stubs.o ABSOLUTE
    _printf_percent                          0x00000000   Number         0  stubs.o ABSOLUTE
    _printf_pre_padding                      0x00000000   Number         0  stubs.o ABSOLUTE
    _printf_return_value                     0x00000000   Number         0  stubs.o ABSOLUTE
    _printf_s                                0x00000000   Number         0  stubs.o ABSOLUTE
    _printf_sizespec                         0x00000000   Number         0  stubs.o ABSOLUTE
    _printf_str                              0x00000000   Number         0  stubs.o ABSOLUTE
    _printf_truncate_signed                  0x00000000   Number         0  stubs.o ABSOLUTE
    _printf_truncate_unsigned                0x00000000   Number         0  stubs.o ABSOLUTE
    _printf_u                                0x00000000   Number         0  stubs.o ABSOLUTE
    _printf_wc                               0x00000000   Number         0  stubs.o ABSOLUTE
    _printf_wctomb                           0x00000000   Number         0  stubs.o ABSOLUTE
    _printf_widthprec                        0x00000000   Number         0  stubs.o ABSOLUTE
    _printf_x                                0x00000000   Number         0  stubs.o ABSOLUTE
    __cpp_initialize__aeabi_                  - Undefined Weak Reference
    __cxa_finalize                            - Undefined Weak Reference
    __decompress                              - Undefined Weak Reference
    _clock_init                               - Undefined Weak Reference
    _microlib_exit                            - Undefined Weak Reference
    __Vectors_Size                           0x000001d8   Number         0  startup_stm32g431xx.o ABSOLUTE
    __Vectors                                0x08000000   Data           4  startup_stm32g431xx.o(RESET)
    __Vectors_End                            0x080001d8   Data           0  startup_stm32g431xx.o(RESET)
    __main                                   0x080001d9   Thumb Code     0  entry.o(.ARM.Collect$$$$00000000)
    _main_stk                                0x080001d9   Thumb Code     0  entry2.o(.ARM.Collect$$$$00000001)
    _main_scatterload                        0x080001dd   Thumb Code     0  entry5.o(.ARM.Collect$$$$00000004)
    __main_after_scatterload                 0x080001e1   Thumb Code     0  entry5.o(.ARM.Collect$$$$00000004)
    _main_clock                              0x080001e1   Thumb Code     0  entry7b.o(.ARM.Collect$$$$00000008)
    _main_cpp_init                           0x080001e1   Thumb Code     0  entry8b.o(.ARM.Collect$$$$0000000A)
    _main_init                               0x080001e1   Thumb Code     0  entry9a.o(.ARM.Collect$$$$0000000B)
    __rt_final_cpp                           0x080001e9   Thumb Code     0  entry10a.o(.ARM.Collect$$$$0000000D)
    __rt_final_exit                          0x080001e9   Thumb Code     0  entry11a.o(.ARM.Collect$$$$0000000F)
    SVC_Handler                              0x080001ed   Thumb Code    28  port.o(.emb_text)
    __asm___6_port_c_39a90d8d__prvStartFirstTask 0x0800020d   Thumb Code    36  port.o(.emb_text)
    __asm___6_port_c_39a90d8d__prvEnableVFP  0x08000235   Thumb Code    16  port.o(.emb_text)
    PendSV_Handler                           0x08000249   Thumb Code    88  port.o(.emb_text)
    vPortGetIPSR                             0x080002a5   Thumb Code     6  port.o(.emb_text)
    Reset_Handler                            0x080002ad   Thumb Code     8  startup_stm32g431xx.o(.text)
    ADC1_2_IRQHandler                        0x080002c7   Thumb Code     0  startup_stm32g431xx.o(.text)
    COMP1_2_3_IRQHandler                     0x080002c7   Thumb Code     0  startup_stm32g431xx.o(.text)
    COMP4_IRQHandler                         0x080002c7   Thumb Code     0  startup_stm32g431xx.o(.text)
    CORDIC_IRQHandler                        0x080002c7   Thumb Code     0  startup_stm32g431xx.o(.text)
    CRS_IRQHandler                           0x080002c7   Thumb Code     0  startup_stm32g431xx.o(.text)
    DMA1_Channel5_IRQHandler                 0x080002c7   Thumb Code     0  startup_stm32g431xx.o(.text)
    DMA1_Channel6_IRQHandler                 0x080002c7   Thumb Code     0  startup_stm32g431xx.o(.text)
    DMA2_Channel1_IRQHandler                 0x080002c7   Thumb Code     0  startup_stm32g431xx.o(.text)
    DMA2_Channel2_IRQHandler                 0x080002c7   Thumb Code     0  startup_stm32g431xx.o(.text)
    DMA2_Channel3_IRQHandler                 0x080002c7   Thumb Code     0  startup_stm32g431xx.o(.text)
    DMA2_Channel4_IRQHandler                 0x080002c7   Thumb Code     0  startup_stm32g431xx.o(.text)
    DMA2_Channel5_IRQHandler                 0x080002c7   Thumb Code     0  startup_stm32g431xx.o(.text)
    DMA2_Channel6_IRQHandler                 0x080002c7   Thumb Code     0  startup_stm32g431xx.o(.text)
    DMAMUX_OVR_IRQHandler                    0x080002c7   Thumb Code     0  startup_stm32g431xx.o(.text)
    EXTI0_IRQHandler                         0x080002c7   Thumb Code     0  startup_stm32g431xx.o(.text)
    EXTI15_10_IRQHandler                     0x080002c7   Thumb Code     0  startup_stm32g431xx.o(.text)
    EXTI1_IRQHandler                         0x080002c7   Thumb Code     0  startup_stm32g431xx.o(.text)
    EXTI2_IRQHandler                         0x080002c7   Thumb Code     0  startup_stm32g431xx.o(.text)
    EXTI3_IRQHandler                         0x080002c7   Thumb Code     0  startup_stm32g431xx.o(.text)
    EXTI4_IRQHandler                         0x080002c7   Thumb Code     0  startup_stm32g431xx.o(.text)
    EXTI9_5_IRQHandler                       0x080002c7   Thumb Code     0  startup_stm32g431xx.o(.text)
    FDCAN1_IT0_IRQHandler                    0x080002c7   Thumb Code     0  startup_stm32g431xx.o(.text)
    FDCAN1_IT1_IRQHandler                    0x080002c7   Thumb Code     0  startup_stm32g431xx.o(.text)
    FLASH_IRQHandler                         0x080002c7   Thumb Code     0  startup_stm32g431xx.o(.text)
    FMAC_IRQHandler                          0x080002c7   Thumb Code     0  startup_stm32g431xx.o(.text)
    FPU_IRQHandler                           0x080002c7   Thumb Code     0  startup_stm32g431xx.o(.text)
    I2C1_ER_IRQHandler                       0x080002c7   Thumb Code     0  startup_stm32g431xx.o(.text)
    I2C1_EV_IRQHandler                       0x080002c7   Thumb Code     0  startup_stm32g431xx.o(.text)
    I2C2_ER_IRQHandler                       0x080002c7   Thumb Code     0  startup_stm32g431xx.o(.text)
    I2C2_EV_IRQHandler                       0x080002c7   Thumb Code     0  startup_stm32g431xx.o(.text)
    I2C3_ER_IRQHandler                       0x080002c7   Thumb Code     0  startup_stm32g431xx.o(.text)
    I2C3_EV_IRQHandler                       0x080002c7   Thumb Code     0  startup_stm32g431xx.o(.text)
    LPTIM1_IRQHandler                        0x080002c7   Thumb Code     0  startup_stm32g431xx.o(.text)
    LPUART1_IRQHandler                       0x080002c7   Thumb Code     0  startup_stm32g431xx.o(.text)
    PVD_PVM_IRQHandler                       0x080002c7   Thumb Code     0  startup_stm32g431xx.o(.text)
    RCC_IRQHandler                           0x080002c7   Thumb Code     0  startup_stm32g431xx.o(.text)
    RNG_IRQHandler                           0x080002c7   Thumb Code     0  startup_stm32g431xx.o(.text)
    RTC_Alarm_IRQHandler                     0x080002c7   Thumb Code     0  startup_stm32g431xx.o(.text)
    RTC_TAMP_LSECSS_IRQHandler               0x080002c7   Thumb Code     0  startup_stm32g431xx.o(.text)
    RTC_WKUP_IRQHandler                      0x080002c7   Thumb Code     0  startup_stm32g431xx.o(.text)
    SAI1_IRQHandler                          0x080002c7   Thumb Code     0  startup_stm32g431xx.o(.text)
    SPI1_IRQHandler                          0x080002c7   Thumb Code     0  startup_stm32g431xx.o(.text)
    SPI2_IRQHandler                          0x080002c7   Thumb Code     0  startup_stm32g431xx.o(.text)
    SPI3_IRQHandler                          0x080002c7   Thumb Code     0  startup_stm32g431xx.o(.text)
    TIM1_BRK_TIM15_IRQHandler                0x080002c7   Thumb Code     0  startup_stm32g431xx.o(.text)
    TIM1_CC_IRQHandler                       0x080002c7   Thumb Code     0  startup_stm32g431xx.o(.text)
    TIM1_TRG_COM_TIM17_IRQHandler            0x080002c7   Thumb Code     0  startup_stm32g431xx.o(.text)
    TIM1_UP_TIM16_IRQHandler                 0x080002c7   Thumb Code     0  startup_stm32g431xx.o(.text)
    TIM2_IRQHandler                          0x080002c7   Thumb Code     0  startup_stm32g431xx.o(.text)
    TIM3_IRQHandler                          0x080002c7   Thumb Code     0  startup_stm32g431xx.o(.text)
    TIM4_IRQHandler                          0x080002c7   Thumb Code     0  startup_stm32g431xx.o(.text)
    TIM6_DAC_IRQHandler                      0x080002c7   Thumb Code     0  startup_stm32g431xx.o(.text)
    TIM7_IRQHandler                          0x080002c7   Thumb Code     0  startup_stm32g431xx.o(.text)
    TIM8_BRK_IRQHandler                      0x080002c7   Thumb Code     0  startup_stm32g431xx.o(.text)
    TIM8_CC_IRQHandler                       0x080002c7   Thumb Code     0  startup_stm32g431xx.o(.text)
    TIM8_TRG_COM_IRQHandler                  0x080002c7   Thumb Code     0  startup_stm32g431xx.o(.text)
    UART4_IRQHandler                         0x080002c7   Thumb Code     0  startup_stm32g431xx.o(.text)
    UCPD1_IRQHandler                         0x080002c7   Thumb Code     0  startup_stm32g431xx.o(.text)
    USART1_IRQHandler                        0x080002c7   Thumb Code     0  startup_stm32g431xx.o(.text)
    USBWakeUp_IRQHandler                     0x080002c7   Thumb Code     0  startup_stm32g431xx.o(.text)
    USB_HP_IRQHandler                        0x080002c7   Thumb Code     0  startup_stm32g431xx.o(.text)
    USB_LP_IRQHandler                        0x080002c7   Thumb Code     0  startup_stm32g431xx.o(.text)
    WWDG_IRQHandler                          0x080002c7   Thumb Code     0  startup_stm32g431xx.o(.text)
    __aeabi_uldivmod                         0x080002d1   Thumb Code    98  uldiv.o(.text)
    __aeabi_memcpy                           0x08000333   Thumb Code    36  memcpya.o(.text)
    __aeabi_memcpy4                          0x08000333   Thumb Code     0  memcpya.o(.text)
    __aeabi_memcpy8                          0x08000333   Thumb Code     0  memcpya.o(.text)
    __aeabi_memset                           0x08000357   Thumb Code    14  memseta.o(.text)
    __aeabi_memset4                          0x08000357   Thumb Code     0  memseta.o(.text)
    __aeabi_memset8                          0x08000357   Thumb Code     0  memseta.o(.text)
    __aeabi_memclr                           0x08000365   Thumb Code     4  memseta.o(.text)
    __aeabi_memclr4                          0x08000365   Thumb Code     0  memseta.o(.text)
    __aeabi_memclr8                          0x08000365   Thumb Code     0  memseta.o(.text)
    memset                                   0x08000369   Thumb Code    18  memseta.o(.text)
    __aeabi_llsl                             0x0800037b   Thumb Code    30  llshl.o(.text)
    _ll_shift_l                              0x0800037b   Thumb Code     0  llshl.o(.text)
    __aeabi_llsr                             0x08000399   Thumb Code    32  llushr.o(.text)
    _ll_ushift_r                             0x08000399   Thumb Code     0  llushr.o(.text)
    __scatterload                            0x080003b9   Thumb Code    28  init.o(.text)
    __scatterload_rt2                        0x080003b9   Thumb Code     0  init.o(.text)
    Analyze_ACKfrme_data                     0x080003dd   Thumb Code    72  rs485.o(i.Analyze_ACKfrme_data)
    Analyze_RS485_data                       0x08000439   Thumb Code   384  rs485.o(i.Analyze_RS485_data)
    BusFault_Handler                         0x0800060d   Thumb Code     4  stm32g4xx_it.o(i.BusFault_Handler)
    DMA1_Channel1_IRQHandler                 0x08000611   Thumb Code    10  stm32g4xx_it.o(i.DMA1_Channel1_IRQHandler)
    DMA1_Channel2_IRQHandler                 0x08000621   Thumb Code    10  stm32g4xx_it.o(i.DMA1_Channel2_IRQHandler)
    DMA1_Channel3_IRQHandler                 0x08000631   Thumb Code    10  stm32g4xx_it.o(i.DMA1_Channel3_IRQHandler)
    DMA1_Channel4_IRQHandler                 0x08000641   Thumb Code    10  stm32g4xx_it.o(i.DMA1_Channel4_IRQHandler)
    DebugMon_Handler                         0x080006f9   Thumb Code     2  stm32g4xx_it.o(i.DebugMon_Handler)
    Enable_DWT_CycleCounter                  0x080006fd   Thumb Code    30  mydwt.o(i.Enable_DWT_CycleCounter)
    Error_Handler                            0x08000725   Thumb Code     6  main.o(i.Error_Handler)
    HAL_DMA_Abort                            0x0800072b   Thumb Code   118  stm32g4xx_hal_dma.o(i.HAL_DMA_Abort)
    HAL_DMA_Abort_IT                         0x080007a1   Thumb Code   148  stm32g4xx_hal_dma.o(i.HAL_DMA_Abort_IT)
    HAL_DMA_GetError                         0x08000835   Thumb Code     6  stm32g4xx_hal_dma.o(i.HAL_DMA_GetError)
    HAL_DMA_IRQHandler                       0x0800083b   Thumb Code   254  stm32g4xx_hal_dma.o(i.HAL_DMA_IRQHandler)
    HAL_DMA_Init                             0x08000939   Thumb Code   200  stm32g4xx_hal_dma.o(i.HAL_DMA_Init)
    HAL_DMA_Start_IT                         0x08000a09   Thumb Code   194  stm32g4xx_hal_dma.o(i.HAL_DMA_Start_IT)
    HAL_GPIO_Init                            0x08000acd   Thumb Code   428  stm32g4xx_hal_gpio.o(i.HAL_GPIO_Init)
    HAL_GPIO_WritePin                        0x08000c99   Thumb Code    10  stm32g4xx_hal_gpio.o(i.HAL_GPIO_WritePin)
    HAL_GetTick                              0x08000ca5   Thumb Code     6  stm32g4xx_hal.o(i.HAL_GetTick)
    HAL_IncTick                              0x08000cb1   Thumb Code    16  stm32g4xx_hal.o(i.HAL_IncTick)
    HAL_Init                                 0x08000cc9   Thumb Code    30  stm32g4xx_hal.o(i.HAL_Init)
    HAL_InitTick                             0x08000ce9   Thumb Code   134  stm32g4xx_hal_timebase_tim.o(i.HAL_InitTick)
    HAL_MspInit                              0x08000d85   Thumb Code    72  stm32g4xx_hal_msp.o(i.HAL_MspInit)
    HAL_NVIC_EnableIRQ                       0x08000dd1   Thumb Code    40  stm32g4xx_hal_cortex.o(i.HAL_NVIC_EnableIRQ)
    HAL_NVIC_SetPriority                     0x08000df9   Thumb Code   122  stm32g4xx_hal_cortex.o(i.HAL_NVIC_SetPriority)
    HAL_NVIC_SetPriorityGrouping             0x08000e75   Thumb Code    32  stm32g4xx_hal_cortex.o(i.HAL_NVIC_SetPriorityGrouping)
    HAL_PWREx_ControlVoltageScaling          0x08000e9d   Thumb Code   268  stm32g4xx_hal_pwr_ex.o(i.HAL_PWREx_ControlVoltageScaling)
    HAL_PWREx_DisableUCPDDeadBattery         0x08000fb5   Thumb Code    14  stm32g4xx_hal_pwr_ex.o(i.HAL_PWREx_DisableUCPDDeadBattery)
    HAL_RCCEx_PeriphCLKConfig                0x08000fc9   Thumb Code   872  stm32g4xx_hal_rcc_ex.o(i.HAL_RCCEx_PeriphCLKConfig)
    HAL_RCC_ClockConfig                      0x08001339   Thumb Code   522  stm32g4xx_hal_rcc.o(i.HAL_RCC_ClockConfig)
    HAL_RCC_GetClockConfig                   0x0800155d   Thumb Code    58  stm32g4xx_hal_rcc.o(i.HAL_RCC_GetClockConfig)
    HAL_RCC_GetHCLKFreq                      0x080015a1   Thumb Code     6  stm32g4xx_hal_rcc.o(i.HAL_RCC_GetHCLKFreq)
    HAL_RCC_GetPCLK1Freq                     0x080015ad   Thumb Code    26  stm32g4xx_hal_rcc.o(i.HAL_RCC_GetPCLK1Freq)
    HAL_RCC_GetPCLK2Freq                     0x080015d1   Thumb Code    26  stm32g4xx_hal_rcc.o(i.HAL_RCC_GetPCLK2Freq)
    HAL_RCC_GetSysClockFreq                  0x080015f5   Thumb Code   138  stm32g4xx_hal_rcc.o(i.HAL_RCC_GetSysClockFreq)
    HAL_RCC_OscConfig                        0x0800168d   Thumb Code  1360  stm32g4xx_hal_rcc.o(i.HAL_RCC_OscConfig)
    HAL_TIMEx_Break2Callback                 0x08001be9   Thumb Code     2  stm32g4xx_hal_tim_ex.o(i.HAL_TIMEx_Break2Callback)
    HAL_TIMEx_BreakCallback                  0x08001beb   Thumb Code     2  stm32g4xx_hal_tim_ex.o(i.HAL_TIMEx_BreakCallback)
    HAL_TIMEx_CommutCallback                 0x08001bed   Thumb Code     2  stm32g4xx_hal_tim_ex.o(i.HAL_TIMEx_CommutCallback)
    HAL_TIMEx_DirectionChangeCallback        0x08001bef   Thumb Code     2  stm32g4xx_hal_tim_ex.o(i.HAL_TIMEx_DirectionChangeCallback)
    HAL_TIMEx_EncoderIndexCallback           0x08001bf1   Thumb Code     2  stm32g4xx_hal_tim_ex.o(i.HAL_TIMEx_EncoderIndexCallback)
    HAL_TIMEx_IndexErrorCallback             0x08001bf3   Thumb Code     2  stm32g4xx_hal_tim_ex.o(i.HAL_TIMEx_IndexErrorCallback)
    HAL_TIMEx_MasterConfigSynchronization    0x08001bf5   Thumb Code   158  stm32g4xx_hal_tim_ex.o(i.HAL_TIMEx_MasterConfigSynchronization)
    HAL_TIMEx_TransitionErrorCallback        0x08001cad   Thumb Code     2  stm32g4xx_hal_tim_ex.o(i.HAL_TIMEx_TransitionErrorCallback)
    HAL_TIM_Base_Init                        0x08001caf   Thumb Code   110  stm32g4xx_hal_tim.o(i.HAL_TIM_Base_Init)
    HAL_TIM_Base_MspInit                     0x08001d1d   Thumb Code    40  tim.o(i.HAL_TIM_Base_MspInit)
    HAL_TIM_Base_Start                       0x08001d49   Thumb Code   118  stm32g4xx_hal_tim.o(i.HAL_TIM_Base_Start)
    HAL_TIM_Base_Start_IT                    0x08001dd9   Thumb Code   130  stm32g4xx_hal_tim.o(i.HAL_TIM_Base_Start_IT)
    HAL_TIM_ConfigClockSource                0x08001e75   Thumb Code   300  stm32g4xx_hal_tim.o(i.HAL_TIM_ConfigClockSource)
    HAL_TIM_IC_CaptureCallback               0x08001fa9   Thumb Code     2  stm32g4xx_hal_tim.o(i.HAL_TIM_IC_CaptureCallback)
    HAL_TIM_IRQHandler                       0x08001fab   Thumb Code   544  stm32g4xx_hal_tim.o(i.HAL_TIM_IRQHandler)
    HAL_TIM_OC_DelayElapsedCallback          0x080021cb   Thumb Code     2  stm32g4xx_hal_tim.o(i.HAL_TIM_OC_DelayElapsedCallback)
    HAL_TIM_PWM_PulseFinishedCallback        0x080021cd   Thumb Code     2  stm32g4xx_hal_tim.o(i.HAL_TIM_PWM_PulseFinishedCallback)
    HAL_TIM_PeriodElapsedCallback            0x080021d1   Thumb Code    18  main.o(i.HAL_TIM_PeriodElapsedCallback)
    HAL_TIM_TriggerCallback                  0x080021e9   Thumb Code     2  stm32g4xx_hal_tim.o(i.HAL_TIM_TriggerCallback)
    HAL_UARTEx_DisableFifoMode               0x080021eb   Thumb Code    78  stm32g4xx_hal_uart_ex.o(i.HAL_UARTEx_DisableFifoMode)
    HAL_UARTEx_ReceiveToIdle_DMA             0x08002239   Thumb Code    98  stm32g4xx_hal_uart_ex.o(i.HAL_UARTEx_ReceiveToIdle_DMA)
    HAL_UARTEx_RxEventCallback               0x0800229d   Thumb Code   118  usart.o(i.HAL_UARTEx_RxEventCallback)
    HAL_UARTEx_RxFifoFullCallback            0x0800233d   Thumb Code     2  stm32g4xx_hal_uart_ex.o(i.HAL_UARTEx_RxFifoFullCallback)
    HAL_UARTEx_SetRxFifoThreshold            0x0800233f   Thumb Code    94  stm32g4xx_hal_uart_ex.o(i.HAL_UARTEx_SetRxFifoThreshold)
    HAL_UARTEx_SetTxFifoThreshold            0x0800239d   Thumb Code    94  stm32g4xx_hal_uart_ex.o(i.HAL_UARTEx_SetTxFifoThreshold)
    HAL_UARTEx_TxFifoEmptyCallback           0x080023fb   Thumb Code     2  stm32g4xx_hal_uart_ex.o(i.HAL_UARTEx_TxFifoEmptyCallback)
    HAL_UARTEx_WakeupCallback                0x080023fd   Thumb Code     2  stm32g4xx_hal_uart_ex.o(i.HAL_UARTEx_WakeupCallback)
    HAL_UART_DMAStop                         0x080023ff   Thumb Code   190  stm32g4xx_hal_uart.o(i.HAL_UART_DMAStop)
    HAL_UART_ErrorCallback                   0x080024bd   Thumb Code     2  stm32g4xx_hal_uart.o(i.HAL_UART_ErrorCallback)
    HAL_UART_IRQHandler                      0x080024c1   Thumb Code   962  stm32g4xx_hal_uart.o(i.HAL_UART_IRQHandler)
    HAL_UART_Init                            0x08002891   Thumb Code   120  stm32g4xx_hal_uart.o(i.HAL_UART_Init)
    HAL_UART_MspInit                         0x08002909   Thumb Code   506  usart.o(i.HAL_UART_MspInit)
    HAL_UART_RxCpltCallback                  0x08002b29   Thumb Code     2  stm32g4xx_hal_uart.o(i.HAL_UART_RxCpltCallback)
    HAL_UART_RxHalfCpltCallback              0x08002b2b   Thumb Code     2  stm32g4xx_hal_uart.o(i.HAL_UART_RxHalfCpltCallback)
    HAL_UART_Transmit_DMA                    0x08002b2d   Thumb Code   148  stm32g4xx_hal_uart.o(i.HAL_UART_Transmit_DMA)
    HAL_UART_TxCpltCallback                  0x08002bcd   Thumb Code     2  stm32g4xx_hal_uart.o(i.HAL_UART_TxCpltCallback)
    HAL_UART_TxHalfCpltCallback              0x08002bcf   Thumb Code     2  stm32g4xx_hal_uart.o(i.HAL_UART_TxHalfCpltCallback)
    HardFault_Handler                        0x08002bd1   Thumb Code     4  stm32g4xx_it.o(i.HardFault_Handler)
    Lock_HT_Interrupt                        0x08002bd5   Thumb Code    74  usart.o(i.Lock_HT_Interrupt)
    MX_DMA_Init                              0x08002c25   Thumb Code   122  dma.o(i.MX_DMA_Init)
    MX_FREERTOS_Init                         0x08002ca5   Thumb Code    46  app_freertos.o(i.MX_FREERTOS_Init)
    MX_GPIO_Init                             0x08002cf5   Thumb Code   128  gpio.o(i.MX_GPIO_Init)
    MX_TIM2_Init                             0x08002d7d   Thumb Code   102  tim.o(i.MX_TIM2_Init)
    MX_USART2_UART_Init                      0x08002de9   Thumb Code   122  usart.o(i.MX_USART2_UART_Init)
    MX_USART3_UART_Init                      0x08002e79   Thumb Code   128  usart.o(i.MX_USART3_UART_Init)
    MemManage_Handler                        0x08002f0d   Thumb Code     4  stm32g4xx_it.o(i.MemManage_Handler)
    NMI_Handler                              0x08002f11   Thumb Code     4  stm32g4xx_it.o(i.NMI_Handler)
    RS485_SendAck                            0x08002f7d   Thumb Code    50  rs485.o(i.RS485_SendAck)
    RS485_SendBytes                          0x08002fb9   Thumb Code   214  rs485.o(i.RS485_SendBytes)
    Slave_SEND_DATA                          0x080030a1   Thumb Code   164  rs485.o(i.Slave_SEND_DATA)
    StartDefaultTask                         0x08003145   Thumb Code    10  app_freertos.o(i.StartDefaultTask)
    StartTask02                              0x08003151   Thumb Code    24  app_freertos.o(i.StartTask02)
    SysTick_Handler                          0x0800316d   Thumb Code    22  cmsis_os2.o(i.SysTick_Handler)
    SystemClock_Config                       0x08003183   Thumb Code   104  main.o(i.SystemClock_Config)
    SystemInit                               0x080031ed   Thumb Code    14  system_stm32g4xx.o(i.SystemInit)
    TIM8_UP_IRQHandler                       0x08003201   Thumb Code    10  stm32g4xx_it.o(i.TIM8_UP_IRQHandler)
    TIM_Base_SetConfig                       0x08003211   Thumb Code   174  stm32g4xx_hal_tim.o(i.TIM_Base_SetConfig)
    TIM_ETR_SetConfig                        0x080032dd   Thumb Code    22  stm32g4xx_hal_tim.o(i.TIM_ETR_SetConfig)
    UART_AdvFeatureConfig                    0x080033b5   Thumb Code   248  stm32g4xx_hal_uart.o(i.UART_AdvFeatureConfig)
    UART_CheckIdleState                      0x080034ad   Thumb Code   234  stm32g4xx_hal_uart.o(i.UART_CheckIdleState)
    UART_SetConfig                           0x08003825   Thumb Code   858  stm32g4xx_hal_uart.o(i.UART_SetConfig)
    UART_Start_Receive_DMA                   0x08003ba9   Thumb Code   186  stm32g4xx_hal_uart.o(i.UART_Start_Receive_DMA)
    UART_WaitOnFlagUntilTimeout              0x08003c71   Thumb Code   172  stm32g4xx_hal_uart.o(i.UART_WaitOnFlagUntilTimeout)
    USART2_IRQHandler                        0x08003d1d   Thumb Code    10  stm32g4xx_it.o(i.USART2_IRQHandler)
    USART3_IRQHandler                        0x08003d2d   Thumb Code    10  stm32g4xx_it.o(i.USART3_IRQHandler)
    UsageFault_Handler                       0x08003d3d   Thumb Code     4  stm32g4xx_it.o(i.UsageFault_Handler)
    __0printf$8                              0x08003d41   Thumb Code    22  printf8.o(i.__0printf$8)
    __1printf$8                              0x08003d41   Thumb Code     0  printf8.o(i.__0printf$8)
    __2printf                                0x08003d41   Thumb Code     0  printf8.o(i.__0printf$8)
    __scatterload_copy                       0x08003d9f   Thumb Code    14  handlers.o(i.__scatterload_copy)
    __scatterload_null                       0x08003dad   Thumb Code     2  handlers.o(i.__scatterload_null)
    __scatterload_zeroinit                   0x08003daf   Thumb Code    14  handlers.o(i.__scatterload_zeroinit)
    clear_ACK                                0x08004221   Thumb Code    24  rs485.o(i.clear_ACK)
    crc8_calculate                           0x0800424d   Thumb Code    28  rs485.o(i.crc8_calculate)
    fputc                                    0x0800426d   Thumb Code    24  usart.o(i.fputc)
    free                                     0x08004289   Thumb Code    76  malloc.o(i.free)
    main                                     0x080042d9   Thumb Code    64  main.o(i.main)
    malloc                                   0x08004321   Thumb Code    92  malloc.o(i.malloc)
    osDelay                                  0x0800438d   Thumb Code    30  cmsis_os2.o(i.osDelay)
    osKernelInitialize                       0x080043ad   Thumb Code    38  cmsis_os2.o(i.osKernelInitialize)
    osKernelStart                            0x080043d9   Thumb Code    82  cmsis_os2.o(i.osKernelStart)
    osSemaphoreNew                           0x08004439   Thumb Code   204  cmsis_os2.o(i.osSemaphoreNew)
    osSemaphoreRelease                       0x08004505   Thumb Code    88  cmsis_os2.o(i.osSemaphoreRelease)
    osThreadNew                              0x08004561   Thumb Code   184  cmsis_os2.o(i.osThreadNew)
    pvPortMalloc                             0x08005051   Thumb Code   306  heap_4.o(i.pvPortMalloc)
    pvTaskIncrementMutexHeldCount            0x0800519d   Thumb Code    26  tasks.o(i.pvTaskIncrementMutexHeldCount)
    pxPortInitialiseStack                    0x080051bd   Thumb Code    38  port.o(i.pxPortInitialiseStack)
    send_ACKback                             0x080051e9   Thumb Code    44  rs485.o(i.send_ACKback)
    uxListRemove                             0x08005219   Thumb Code    40  list.o(i.uxListRemove)
    vApplicationGetIdleTaskMemory            0x08005241   Thumb Code    14  cmsis_os2.o(i.vApplicationGetIdleTaskMemory)
    vApplicationGetTimerTaskMemory           0x08005259   Thumb Code    16  cmsis_os2.o(i.vApplicationGetTimerTaskMemory)
    vListInitialise                          0x08005271   Thumb Code    26  list.o(i.vListInitialise)
    vListInitialiseItem                      0x0800528b   Thumb Code     6  list.o(i.vListInitialiseItem)
    vListInsert                              0x08005291   Thumb Code    52  list.o(i.vListInsert)
    vListInsertEnd                           0x080052c5   Thumb Code    24  list.o(i.vListInsertEnd)
    vPortEnterCritical                       0x080052dd   Thumb Code    76  port.o(i.vPortEnterCritical)
    vPortExitCritical                        0x08005331   Thumb Code    56  port.o(i.vPortExitCritical)
    vPortFree                                0x0800536d   Thumb Code   150  heap_4.o(i.vPortFree)
    vPortSetupTimerInterrupt                 0x08005411   Thumb Code    36  port.o(i.vPortSetupTimerInterrupt)
    vPortValidateInterruptPriority           0x08005439   Thumb Code   106  port.o(i.vPortValidateInterruptPriority)
    vQueueAddToRegistry                      0x080054b1   Thumb Code    38  queue.o(i.vQueueAddToRegistry)
    vQueueDelete                             0x080054dd   Thumb Code    50  queue.o(i.vQueueDelete)
    vQueueUnregisterQueue                    0x08005511   Thumb Code    44  queue.o(i.vQueueUnregisterQueue)
    vQueueWaitForMessageRestricted           0x08005541   Thumb Code    74  queue.o(i.vQueueWaitForMessageRestricted)
    vTaskDelay                               0x0800558d   Thumb Code    82  tasks.o(i.vTaskDelay)
    vTaskInternalSetTimeOutState             0x080055e9   Thumb Code    14  tasks.o(i.vTaskInternalSetTimeOutState)
    vTaskMissedYield                         0x08005601   Thumb Code     8  tasks.o(i.vTaskMissedYield)
    vTaskPlaceOnEventList                    0x0800560d   Thumb Code    52  tasks.o(i.vTaskPlaceOnEventList)
    vTaskPlaceOnEventListRestricted          0x08005645   Thumb Code    60  tasks.o(i.vTaskPlaceOnEventListRestricted)
    vTaskPriorityDisinheritAfterTimeout      0x08005685   Thumb Code   194  tasks.o(i.vTaskPriorityDisinheritAfterTimeout)
    vTaskStartScheduler                      0x08005755   Thumb Code   156  tasks.o(i.vTaskStartScheduler)
    vTaskSuspendAll                          0x0800580d   Thumb Code    12  tasks.o(i.vTaskSuspendAll)
    vTaskSwitchContext                       0x0800581d   Thumb Code   122  tasks.o(i.vTaskSwitchContext)
    xPortStartScheduler                      0x080058ad   Thumb Code   330  port.o(i.xPortStartScheduler)
    xPortSysTickHandler                      0x08005a15   Thumb Code    46  port.o(i.xPortSysTickHandler)
    xQueueCreateCountingSemaphore            0x08005a49   Thumb Code    92  queue.o(i.xQueueCreateCountingSemaphore)
    xQueueCreateCountingSemaphoreStatic      0x08005aa5   Thumb Code   100  queue.o(i.xQueueCreateCountingSemaphoreStatic)
    xQueueGenericCreate                      0x08005b09   Thumb Code    90  queue.o(i.xQueueGenericCreate)
    xQueueGenericCreateStatic                0x08005b63   Thumb Code   224  queue.o(i.xQueueGenericCreateStatic)
    xQueueGenericReset                       0x08005c45   Thumb Code   146  queue.o(i.xQueueGenericReset)
    xQueueGenericSend                        0x08005cdd   Thumb Code   420  queue.o(i.xQueueGenericSend)
    xQueueGenericSendFromISR                 0x08005e85   Thumb Code   252  queue.o(i.xQueueGenericSendFromISR)
    xQueueGiveFromISR                        0x08005f81   Thumb Code   224  queue.o(i.xQueueGiveFromISR)
    xQueueReceive                            0x08006061   Thumb Code   356  queue.o(i.xQueueReceive)
    xQueueSemaphoreTake                      0x080061c9   Thumb Code   434  queue.o(i.xQueueSemaphoreTake)
    xTaskCheckForTimeOut                     0x08006381   Thumb Code   132  tasks.o(i.xTaskCheckForTimeOut)
    xTaskCreate                              0x0800640d   Thumb Code   100  tasks.o(i.xTaskCreate)
    xTaskCreateStatic                        0x08006471   Thumb Code   186  tasks.o(i.xTaskCreateStatic)
    xTaskGetSchedulerState                   0x0800652d   Thumb Code    24  tasks.o(i.xTaskGetSchedulerState)
    xTaskGetTickCount                        0x0800654d   Thumb Code     6  tasks.o(i.xTaskGetTickCount)
    xTaskIncrementTick                       0x08006559   Thumb Code   280  tasks.o(i.xTaskIncrementTick)
    xTaskPriorityDisinherit                  0x0800669d   Thumb Code   152  tasks.o(i.xTaskPriorityDisinherit)
    xTaskPriorityInherit                     0x08006741   Thumb Code   150  tasks.o(i.xTaskPriorityInherit)
    xTaskRemoveFromEventList                 0x080067e5   Thumb Code   126  tasks.o(i.xTaskRemoveFromEventList)
    xTaskResumeAll                           0x0800687d   Thumb Code   222  tasks.o(i.xTaskResumeAll)
    xTimerCreateTimerTask                    0x08006981   Thumb Code   100  timers.o(i.xTimerCreateTimerTask)
    xTimerGenericCommand                     0x080069f9   Thumb Code   128  timers.o(i.xTimerGenericCommand)
    zhuhanshu_attributes                     0x08006b7c   Data          36  app_freertos.o(.constdata)
    RS485_attributes                         0x08006ba0   Data          36  app_freertos.o(.constdata)
    RS485RX_attributes                       0x08006bc4   Data          16  app_freertos.o(.constdata)
    UARTPrescTable                           0x08006bd4   Data          24  stm32g4xx_hal_uart.o(.constdata)
    AHBPrescTable                            0x08006bfc   Data          16  system_stm32g4xx.o(.constdata)
    APBPrescTable                            0x08006c0c   Data           8  system_stm32g4xx.o(.constdata)
    Region$$Table$$Base                      0x08006c30   Number         0  anon$$obj.o(Region$$Table)
    Region$$Table$$Limit                     0x08006c50   Number         0  anon$$obj.o(Region$$Table)
    velocity_arr                             0x20000000   Data           4  rs485.o(.data)
    target_velocity_1                        0x20000004   Data           4  rs485.o(.data)
    target_velocity_2                        0x20000008   Data           4  rs485.o(.data)
    target_velocity_3                        0x2000000c   Data           4  rs485.o(.data)
    target_velocity_4                        0x20000010   Data           4  rs485.o(.data)
    Slave1_ACK                               0x20000014   Data           4  rs485.o(.data)
    Slave2_ACK                               0x20000018   Data           4  rs485.o(.data)
    Slave3_ACK                               0x2000001c   Data           4  rs485.o(.data)
    Slave4_ACK                               0x20000020   Data           4  rs485.o(.data)
    Master_ACK                               0x20000024   Data           4  rs485.o(.data)
    zhuhanshuHandle                          0x20000028   Data           4  app_freertos.o(.data)
    RS485Handle                              0x2000002c   Data           4  app_freertos.o(.data)
    RS485RXHandle                            0x20000030   Data           4  app_freertos.o(.data)
    rx_complete                              0x20000035   Data           1  usart.o(.data)
    rx_length                                0x20000036   Data           2  usart.o(.data)
    RS485_flag                               0x20000038   Data           1  usart.o(.data)
    __stdout                                 0x2000003c   Data           4  usart.o(.data)
    uwTick                                   0x20000040   Data           4  stm32g4xx_hal.o(.data)
    uwTickPrio                               0x20000044   Data           4  stm32g4xx_hal.o(.data)
    uwTickFreq                               0x20000048   Data           4  stm32g4xx_hal.o(.data)
    SystemCoreClock                          0x2000004c   Data           4  system_stm32g4xx.o(.data)
    pxCurrentTCB                             0x20000050   Data           4  tasks.o(.data)
    __microlib_freelist                      0x200000d0   Data           4  mvars.o(.data)
    __microlib_freelist_initialised          0x200000d4   Data           4  mvars.o(.data)
    htim2                                    0x200000d8   Data          76  tim.o(.bss)
    uart_rx_dma_buffer                       0x20000124   Data          16  usart.o(.bss)
    uart_dma_buffer                          0x20000134   Data          16  usart.o(.bss)
    RS485_rx_dma_buffer                      0x20000144   Data          52  usart.o(.bss)
    RS485_dma_buffer                         0x20000178   Data          52  usart.o(.bss)
    huart2                                   0x200001ac   Data         148  usart.o(.bss)
    huart3                                   0x20000240   Data         148  usart.o(.bss)
    hdma_usart2_rx                           0x200002d4   Data          96  usart.o(.bss)
    hdma_usart2_tx                           0x20000334   Data          96  usart.o(.bss)
    hdma_usart3_rx                           0x20000394   Data          96  usart.o(.bss)
    hdma_usart3_tx                           0x200003f4   Data          96  usart.o(.bss)
    htim8                                    0x20000454   Data          76  stm32g4xx_hal_timebase_tim.o(.bss)
    xQueueRegistry                           0x200004a0   Data          64  queue.o(.bss)
    __heap_base                              0x20001d78   Data           0  startup_stm32g431xx.o(HEAP)
    __heap_limit                             0x20001f78   Data           0  startup_stm32g431xx.o(HEAP)
    __initial_sp                             0x20002378   Data           0  startup_stm32g431xx.o(STACK)



==============================================================================

Memory Map of the image

  Image Entry point : 0x080001d9

  Load Region LR_IROM1 (Base: 0x08000000, Size: 0x00006d28, Max: 0x00020000, ABSOLUTE)

    Execution Region ER_IROM1 (Exec base: 0x08000000, Load base: 0x08000000, Size: 0x00006c50, Max: 0x00020000, ABSOLUTE)

    Exec Addr    Load Addr    Size         Type   Attr      Idx    E Section Name        Object

    0x08000000   0x08000000   0x000001d8   Data   RO            3    RESET               startup_stm32g431xx.o
    0x080001d8   0x080001d8   0x00000000   Code   RO         5830  * .ARM.Collect$$$$00000000  mc_w.l(entry.o)
    0x080001d8   0x080001d8   0x00000004   Code   RO         6132    .ARM.Collect$$$$00000001  mc_w.l(entry2.o)
    0x080001dc   0x080001dc   0x00000004   Code   RO         6135    .ARM.Collect$$$$00000004  mc_w.l(entry5.o)
    0x080001e0   0x080001e0   0x00000000   Code   RO         6137    .ARM.Collect$$$$00000008  mc_w.l(entry7b.o)
    0x080001e0   0x080001e0   0x00000000   Code   RO         6139    .ARM.Collect$$$$0000000A  mc_w.l(entry8b.o)
    0x080001e0   0x080001e0   0x00000008   Code   RO         6140    .ARM.Collect$$$$0000000B  mc_w.l(entry9a.o)
    0x080001e8   0x080001e8   0x00000000   Code   RO         6142    .ARM.Collect$$$$0000000D  mc_w.l(entry10a.o)
    0x080001e8   0x080001e8   0x00000000   Code   RO         6144    .ARM.Collect$$$$0000000F  mc_w.l(entry11a.o)
    0x080001e8   0x080001e8   0x00000004   Code   RO         6133    .ARM.Collect$$$$00002712  mc_w.l(entry2.o)
    0x080001ec   0x080001ec   0x000000be   Code   RO         5753    .emb_text           port.o
    0x080002aa   0x080002aa   0x00000002   PAD
    0x080002ac   0x080002ac   0x00000024   Code   RO            4    .text               startup_stm32g431xx.o
    0x080002d0   0x080002d0   0x00000062   Code   RO         5833    .text               mc_w.l(uldiv.o)
    0x08000332   0x08000332   0x00000024   Code   RO         5835    .text               mc_w.l(memcpya.o)
    0x08000356   0x08000356   0x00000024   Code   RO         5839    .text               mc_w.l(memseta.o)
    0x0800037a   0x0800037a   0x0000001e   Code   RO         6148    .text               mc_w.l(llshl.o)
    0x08000398   0x08000398   0x00000020   Code   RO         6150    .text               mc_w.l(llushr.o)
    0x080003b8   0x080003b8   0x00000024   Code   RO         6165    .text               mc_w.l(init.o)
    0x080003dc   0x080003dc   0x0000005c   Code   RO          142    i.Analyze_ACKfrme_data  rs485.o
    0x08000438   0x08000438   0x000001d4   Code   RO          143    i.Analyze_RS485_data  rs485.o
    0x0800060c   0x0800060c   0x00000004   Code   RO          556    i.BusFault_Handler  stm32g4xx_it.o
    0x08000610   0x08000610   0x00000010   Code   RO          557    i.DMA1_Channel1_IRQHandler  stm32g4xx_it.o
    0x08000620   0x08000620   0x00000010   Code   RO          558    i.DMA1_Channel2_IRQHandler  stm32g4xx_it.o
    0x08000630   0x08000630   0x00000010   Code   RO          559    i.DMA1_Channel3_IRQHandler  stm32g4xx_it.o
    0x08000640   0x08000640   0x00000010   Code   RO          560    i.DMA1_Channel4_IRQHandler  stm32g4xx_it.o
    0x08000650   0x08000650   0x00000044   Code   RO         2786    i.DMA_CalcDMAMUXChannelBaseAndMask  stm32g4xx_hal_dma.o
    0x08000694   0x08000694   0x00000024   Code   RO         2787    i.DMA_CalcDMAMUXRequestGenBaseAndMask  stm32g4xx_hal_dma.o
    0x080006b8   0x080006b8   0x00000040   Code   RO         2788    i.DMA_SetConfig     stm32g4xx_hal_dma.o
    0x080006f8   0x080006f8   0x00000002   Code   RO          561    i.DebugMon_Handler  stm32g4xx_it.o
    0x080006fa   0x080006fa   0x00000002   PAD
    0x080006fc   0x080006fc   0x00000028   Code   RO           13    i.Enable_DWT_CycleCounter  mydwt.o
    0x08000724   0x08000724   0x00000006   Code   RO          268    i.Error_Handler     main.o
    0x0800072a   0x0800072a   0x00000076   Code   RO         2789    i.HAL_DMA_Abort     stm32g4xx_hal_dma.o
    0x080007a0   0x080007a0   0x00000094   Code   RO         2790    i.HAL_DMA_Abort_IT  stm32g4xx_hal_dma.o
    0x08000834   0x08000834   0x00000006   Code   RO         2792    i.HAL_DMA_GetError  stm32g4xx_hal_dma.o
    0x0800083a   0x0800083a   0x000000fe   Code   RO         2794    i.HAL_DMA_IRQHandler  stm32g4xx_hal_dma.o
    0x08000938   0x08000938   0x000000d0   Code   RO         2795    i.HAL_DMA_Init      stm32g4xx_hal_dma.o
    0x08000a08   0x08000a08   0x000000c2   Code   RO         2799    i.HAL_DMA_Start_IT  stm32g4xx_hal_dma.o
    0x08000aca   0x08000aca   0x00000002   PAD
    0x08000acc   0x08000acc   0x000001cc   Code   RO         2651    i.HAL_GPIO_Init     stm32g4xx_hal_gpio.o
    0x08000c98   0x08000c98   0x0000000a   Code   RO         2655    i.HAL_GPIO_WritePin  stm32g4xx_hal_gpio.o
    0x08000ca2   0x08000ca2   0x00000002   PAD
    0x08000ca4   0x08000ca4   0x0000000c   Code   RO         1886    i.HAL_GetTick       stm32g4xx_hal.o
    0x08000cb0   0x08000cb0   0x00000018   Code   RO         1892    i.HAL_IncTick       stm32g4xx_hal.o
    0x08000cc8   0x08000cc8   0x0000001e   Code   RO         1893    i.HAL_Init          stm32g4xx_hal.o
    0x08000ce6   0x08000ce6   0x00000002   PAD
    0x08000ce8   0x08000ce8   0x0000009c   Code   RO          680    i.HAL_InitTick      stm32g4xx_hal_timebase_tim.o
    0x08000d84   0x08000d84   0x0000004c   Code   RO          656    i.HAL_MspInit       stm32g4xx_hal_msp.o
    0x08000dd0   0x08000dd0   0x00000028   Code   RO         3300    i.HAL_NVIC_EnableIRQ  stm32g4xx_hal_cortex.o
    0x08000df8   0x08000df8   0x0000007a   Code   RO         3306    i.HAL_NVIC_SetPriority  stm32g4xx_hal_cortex.o
    0x08000e72   0x08000e72   0x00000002   PAD
    0x08000e74   0x08000e74   0x00000028   Code   RO         3307    i.HAL_NVIC_SetPriorityGrouping  stm32g4xx_hal_cortex.o
    0x08000e9c   0x08000e9c   0x00000118   Code   RO         3054    i.HAL_PWREx_ControlVoltageScaling  stm32g4xx_hal_pwr_ex.o
    0x08000fb4   0x08000fb4   0x00000014   Code   RO         3066    i.HAL_PWREx_DisableUCPDDeadBattery  stm32g4xx_hal_pwr_ex.o
    0x08000fc8   0x08000fc8   0x00000370   Code   RO         2258    i.HAL_RCCEx_PeriphCLKConfig  stm32g4xx_hal_rcc_ex.o
    0x08001338   0x08001338   0x00000224   Code   RO         2128    i.HAL_RCC_ClockConfig  stm32g4xx_hal_rcc.o
    0x0800155c   0x0800155c   0x00000044   Code   RO         2133    i.HAL_RCC_GetClockConfig  stm32g4xx_hal_rcc.o
    0x080015a0   0x080015a0   0x0000000c   Code   RO         2134    i.HAL_RCC_GetHCLKFreq  stm32g4xx_hal_rcc.o
    0x080015ac   0x080015ac   0x00000024   Code   RO         2136    i.HAL_RCC_GetPCLK1Freq  stm32g4xx_hal_rcc.o
    0x080015d0   0x080015d0   0x00000024   Code   RO         2137    i.HAL_RCC_GetPCLK2Freq  stm32g4xx_hal_rcc.o
    0x080015f4   0x080015f4   0x00000098   Code   RO         2138    i.HAL_RCC_GetSysClockFreq  stm32g4xx_hal_rcc.o
    0x0800168c   0x0800168c   0x0000055c   Code   RO         2141    i.HAL_RCC_OscConfig  stm32g4xx_hal_rcc.o
    0x08001be8   0x08001be8   0x00000002   Code   RO         1446    i.HAL_TIMEx_Break2Callback  stm32g4xx_hal_tim_ex.o
    0x08001bea   0x08001bea   0x00000002   Code   RO         1447    i.HAL_TIMEx_BreakCallback  stm32g4xx_hal_tim_ex.o
    0x08001bec   0x08001bec   0x00000002   Code   RO         1448    i.HAL_TIMEx_CommutCallback  stm32g4xx_hal_tim_ex.o
    0x08001bee   0x08001bee   0x00000002   Code   RO         1459    i.HAL_TIMEx_DirectionChangeCallback  stm32g4xx_hal_tim_ex.o
    0x08001bf0   0x08001bf0   0x00000002   Code   RO         1473    i.HAL_TIMEx_EncoderIndexCallback  stm32g4xx_hal_tim_ex.o
    0x08001bf2   0x08001bf2   0x00000002   Code   RO         1487    i.HAL_TIMEx_IndexErrorCallback  stm32g4xx_hal_tim_ex.o
    0x08001bf4   0x08001bf4   0x000000b8   Code   RO         1488    i.HAL_TIMEx_MasterConfigSynchronization  stm32g4xx_hal_tim_ex.o
    0x08001cac   0x08001cac   0x00000002   Code   RO         1509    i.HAL_TIMEx_TransitionErrorCallback  stm32g4xx_hal_tim_ex.o
    0x08001cae   0x08001cae   0x0000006e   Code   RO          721    i.HAL_TIM_Base_Init  stm32g4xx_hal_tim.o
    0x08001d1c   0x08001d1c   0x0000002c   Code   RO          434    i.HAL_TIM_Base_MspInit  tim.o
    0x08001d48   0x08001d48   0x00000090   Code   RO          724    i.HAL_TIM_Base_Start  stm32g4xx_hal_tim.o
    0x08001dd8   0x08001dd8   0x0000009c   Code   RO          726    i.HAL_TIM_Base_Start_IT  stm32g4xx_hal_tim.o
    0x08001e74   0x08001e74   0x00000134   Code   RO          730    i.HAL_TIM_ConfigClockSource  stm32g4xx_hal_tim.o
    0x08001fa8   0x08001fa8   0x00000002   Code   RO          755    i.HAL_TIM_IC_CaptureCallback  stm32g4xx_hal_tim.o
    0x08001faa   0x08001faa   0x00000220   Code   RO          769    i.HAL_TIM_IRQHandler  stm32g4xx_hal_tim.o
    0x080021ca   0x080021ca   0x00000002   Code   RO          772    i.HAL_TIM_OC_DelayElapsedCallback  stm32g4xx_hal_tim.o
    0x080021cc   0x080021cc   0x00000002   Code   RO          799    i.HAL_TIM_PWM_PulseFinishedCallback  stm32g4xx_hal_tim.o
    0x080021ce   0x080021ce   0x00000002   PAD
    0x080021d0   0x080021d0   0x00000018   Code   RO          269    i.HAL_TIM_PeriodElapsedCallback  main.o
    0x080021e8   0x080021e8   0x00000002   Code   RO          812    i.HAL_TIM_TriggerCallback  stm32g4xx_hal_tim.o
    0x080021ea   0x080021ea   0x0000004e   Code   RO         3870    i.HAL_UARTEx_DisableFifoMode  stm32g4xx_hal_uart_ex.o
    0x08002238   0x08002238   0x00000062   Code   RO         3876    i.HAL_UARTEx_ReceiveToIdle_DMA  stm32g4xx_hal_uart_ex.o
    0x0800229a   0x0800229a   0x00000002   PAD
    0x0800229c   0x0800229c   0x000000a0   Code   RO          475    i.HAL_UARTEx_RxEventCallback  usart.o
    0x0800233c   0x0800233c   0x00000002   Code   RO         3878    i.HAL_UARTEx_RxFifoFullCallback  stm32g4xx_hal_uart_ex.o
    0x0800233e   0x0800233e   0x0000005e   Code   RO         3879    i.HAL_UARTEx_SetRxFifoThreshold  stm32g4xx_hal_uart_ex.o
    0x0800239c   0x0800239c   0x0000005e   Code   RO         3880    i.HAL_UARTEx_SetTxFifoThreshold  stm32g4xx_hal_uart_ex.o
    0x080023fa   0x080023fa   0x00000002   Code   RO         3882    i.HAL_UARTEx_TxFifoEmptyCallback  stm32g4xx_hal_uart_ex.o
    0x080023fc   0x080023fc   0x00000002   Code   RO         3883    i.HAL_UARTEx_WakeupCallback  stm32g4xx_hal_uart_ex.o
    0x080023fe   0x080023fe   0x000000be   Code   RO         3466    i.HAL_UART_DMAStop  stm32g4xx_hal_uart.o
    0x080024bc   0x080024bc   0x00000002   Code   RO         3470    i.HAL_UART_ErrorCallback  stm32g4xx_hal_uart.o
    0x080024be   0x080024be   0x00000002   PAD
    0x080024c0   0x080024c0   0x000003d0   Code   RO         3473    i.HAL_UART_IRQHandler  stm32g4xx_hal_uart.o
    0x08002890   0x08002890   0x00000078   Code   RO         3474    i.HAL_UART_Init     stm32g4xx_hal_uart.o
    0x08002908   0x08002908   0x00000220   Code   RO          477    i.HAL_UART_MspInit  usart.o
    0x08002b28   0x08002b28   0x00000002   Code   RO         3481    i.HAL_UART_RxCpltCallback  stm32g4xx_hal_uart.o
    0x08002b2a   0x08002b2a   0x00000002   Code   RO         3482    i.HAL_UART_RxHalfCpltCallback  stm32g4xx_hal_uart.o
    0x08002b2c   0x08002b2c   0x000000a0   Code   RO         3484    i.HAL_UART_Transmit_DMA  stm32g4xx_hal_uart.o
    0x08002bcc   0x08002bcc   0x00000002   Code   RO         3486    i.HAL_UART_TxCpltCallback  stm32g4xx_hal_uart.o
    0x08002bce   0x08002bce   0x00000002   Code   RO         3487    i.HAL_UART_TxHalfCpltCallback  stm32g4xx_hal_uart.o
    0x08002bd0   0x08002bd0   0x00000004   Code   RO          562    i.HardFault_Handler  stm32g4xx_it.o
    0x08002bd4   0x08002bd4   0x00000050   Code   RO          478    i.Lock_HT_Interrupt  usart.o
    0x08002c24   0x08002c24   0x00000080   Code   RO          409    i.MX_DMA_Init       dma.o
    0x08002ca4   0x08002ca4   0x00000050   Code   RO          354    i.MX_FREERTOS_Init  app_freertos.o
    0x08002cf4   0x08002cf4   0x00000088   Code   RO          330    i.MX_GPIO_Init      gpio.o
    0x08002d7c   0x08002d7c   0x0000006c   Code   RO          435    i.MX_TIM2_Init      tim.o
    0x08002de8   0x08002de8   0x00000090   Code   RO          479    i.MX_USART2_UART_Init  usart.o
    0x08002e78   0x08002e78   0x00000094   Code   RO          480    i.MX_USART3_UART_Init  usart.o
    0x08002f0c   0x08002f0c   0x00000004   Code   RO          563    i.MemManage_Handler  stm32g4xx_it.o
    0x08002f10   0x08002f10   0x00000004   Code   RO          564    i.NMI_Handler       stm32g4xx_it.o
    0x08002f14   0x08002f14   0x00000068   Code   RO         2142    i.RCC_GetSysClockFreqFromPLLSource  stm32g4xx_hal_rcc.o
    0x08002f7c   0x08002f7c   0x0000003c   Code   RO          146    i.RS485_SendAck     rs485.o
    0x08002fb8   0x08002fb8   0x000000e8   Code   RO          147    i.RS485_SendBytes   rs485.o
    0x080030a0   0x080030a0   0x000000a4   Code   RO          148    i.Slave_SEND_DATA   rs485.o
    0x08003144   0x08003144   0x0000000a   Code   RO          355    i.StartDefaultTask  app_freertos.o
    0x0800314e   0x0800314e   0x00000002   PAD
    0x08003150   0x08003150   0x0000001c   Code   RO          356    i.StartTask02       app_freertos.o
    0x0800316c   0x0800316c   0x00000016   Code   RO         5171    i.SysTick_Handler   cmsis_os2.o
    0x08003182   0x08003182   0x00000068   Code   RO          270    i.SystemClock_Config  main.o
    0x080031ea   0x080031ea   0x00000002   PAD
    0x080031ec   0x080031ec   0x00000014   Code   RO         3994    i.SystemInit        system_stm32g4xx.o
    0x08003200   0x08003200   0x00000010   Code   RO          565    i.TIM8_UP_IRQHandler  stm32g4xx_it.o
    0x08003210   0x08003210   0x000000cc   Code   RO          814    i.TIM_Base_SetConfig  stm32g4xx_hal_tim.o
    0x080032dc   0x080032dc   0x00000016   Code   RO          825    i.TIM_ETR_SetConfig  stm32g4xx_hal_tim.o
    0x080032f2   0x080032f2   0x00000002   PAD
    0x080032f4   0x080032f4   0x00000018   Code   RO          826    i.TIM_ITRx_SetConfig  stm32g4xx_hal_tim.o
    0x0800330c   0x0800330c   0x00000026   Code   RO          834    i.TIM_TI1_ConfigInputStage  stm32g4xx_hal_tim.o
    0x08003332   0x08003332   0x00000028   Code   RO          836    i.TIM_TI2_ConfigInputStage  stm32g4xx_hal_tim.o
    0x0800335a   0x0800335a   0x00000002   PAD
    0x0800335c   0x0800335c   0x00000058   Code   RO         3884    i.UARTEx_SetNbDataToProcess  stm32g4xx_hal_uart_ex.o
    0x080033b4   0x080033b4   0x000000f8   Code   RO         3488    i.UART_AdvFeatureConfig  stm32g4xx_hal_uart.o
    0x080034ac   0x080034ac   0x000000ea   Code   RO         3489    i.UART_CheckIdleState  stm32g4xx_hal_uart.o
    0x08003596   0x08003596   0x00000014   Code   RO         3490    i.UART_DMAAbortOnError  stm32g4xx_hal_uart.o
    0x080035aa   0x080035aa   0x0000005e   Code   RO         3491    i.UART_DMAError     stm32g4xx_hal_uart.o
    0x08003608   0x08003608   0x000000b4   Code   RO         3492    i.UART_DMAReceiveCplt  stm32g4xx_hal_uart.o
    0x080036bc   0x080036bc   0x00000026   Code   RO         3494    i.UART_DMARxHalfCplt  stm32g4xx_hal_uart.o
    0x080036e2   0x080036e2   0x00000056   Code   RO         3496    i.UART_DMATransmitCplt  stm32g4xx_hal_uart.o
    0x08003738   0x08003738   0x0000000e   Code   RO         3498    i.UART_DMATxHalfCplt  stm32g4xx_hal_uart.o
    0x08003746   0x08003746   0x00000002   PAD
    0x08003748   0x08003748   0x0000006c   Code   RO         3500    i.UART_EndRxTransfer  stm32g4xx_hal_uart.o
    0x080037b4   0x080037b4   0x00000030   Code   RO         3501    i.UART_EndTransmit_IT  stm32g4xx_hal_uart.o
    0x080037e4   0x080037e4   0x00000040   Code   RO         3502    i.UART_EndTxTransfer  stm32g4xx_hal_uart.o
    0x08003824   0x08003824   0x00000384   Code   RO         3507    i.UART_SetConfig    stm32g4xx_hal_uart.o
    0x08003ba8   0x08003ba8   0x000000c8   Code   RO         3508    i.UART_Start_Receive_DMA  stm32g4xx_hal_uart.o
    0x08003c70   0x08003c70   0x000000ac   Code   RO         3514    i.UART_WaitOnFlagUntilTimeout  stm32g4xx_hal_uart.o
    0x08003d1c   0x08003d1c   0x00000010   Code   RO          566    i.USART2_IRQHandler  stm32g4xx_it.o
    0x08003d2c   0x08003d2c   0x00000010   Code   RO          567    i.USART3_IRQHandler  stm32g4xx_it.o
    0x08003d3c   0x08003d3c   0x00000004   Code   RO          568    i.UsageFault_Handler  stm32g4xx_it.o
    0x08003d40   0x08003d40   0x00000020   Code   RO         6050    i.__0printf$8       mc_w.l(printf8.o)
    0x08003d60   0x08003d60   0x00000010   Code   RO         3313    i.__NVIC_GetPriorityGrouping  stm32g4xx_hal_cortex.o
    0x08003d70   0x08003d70   0x00000028   Code   RO         3314    i.__NVIC_SetPriority  stm32g4xx_hal_cortex.o
    0x08003d98   0x08003d98   0x00000006   Code   RO         5173    i.__get_IPSR        cmsis_os2.o
    0x08003d9e   0x08003d9e   0x0000000e   Code   RO         6173    i.__scatterload_copy  mc_w.l(handlers.o)
    0x08003dac   0x08003dac   0x00000002   Code   RO         6174    i.__scatterload_null  mc_w.l(handlers.o)
    0x08003dae   0x08003dae   0x0000000e   Code   RO         6175    i.__scatterload_zeroinit  mc_w.l(handlers.o)
    0x08003dbc   0x08003dbc   0x00000410   Code   RO         6057    i._printf_core      mc_w.l(printf8.o)
    0x080041cc   0x080041cc   0x00000024   Code   RO         6058    i._printf_post_padding  mc_w.l(printf8.o)
    0x080041f0   0x080041f0   0x0000002e   Code   RO         6059    i._printf_pre_padding  mc_w.l(printf8.o)
    0x0800421e   0x0800421e   0x00000002   PAD
    0x08004220   0x08004220   0x0000002c   Code   RO          149    i.clear_ACK         rs485.o
    0x0800424c   0x0800424c   0x00000020   Code   RO          150    i.crc8_calculate    rs485.o
    0x0800426c   0x0800426c   0x0000001c   Code   RO          482    i.fputc             usart.o
    0x08004288   0x08004288   0x00000050   Code   RO         6104    i.free              mc_w.l(malloc.o)
    0x080042d8   0x080042d8   0x00000048   Code   RO          271    i.main              main.o
    0x08004320   0x08004320   0x0000006c   Code   RO         6105    i.malloc            mc_w.l(malloc.o)
    0x0800438c   0x0800438c   0x0000001e   Code   RO         5174    i.osDelay           cmsis_os2.o
    0x080043aa   0x080043aa   0x00000002   PAD
    0x080043ac   0x080043ac   0x0000002c   Code   RO         5188    i.osKernelInitialize  cmsis_os2.o
    0x080043d8   0x080043d8   0x00000060   Code   RO         5191    i.osKernelStart     cmsis_os2.o
    0x08004438   0x08004438   0x000000cc   Code   RO         5219    i.osSemaphoreNew    cmsis_os2.o
    0x08004504   0x08004504   0x0000005c   Code   RO         5220    i.osSemaphoreRelease  cmsis_os2.o
    0x08004560   0x08004560   0x000000b8   Code   RO         5233    i.osThreadNew       cmsis_os2.o
    0x08004618   0x08004618   0x0000007c   Code   RO         4611    i.prvAddCurrentTaskToDelayedList  tasks.o
    0x08004694   0x08004694   0x000000b8   Code   RO         4612    i.prvAddNewTaskToReadyList  tasks.o
    0x0800474c   0x0800474c   0x00000074   Code   RO         4987    i.prvCheckForValidListAndQueue  timers.o
    0x080047c0   0x080047c0   0x00000048   Code   RO         4613    i.prvCheckTasksWaitingTermination  tasks.o
    0x08004808   0x08004808   0x0000002a   Code   RO         4198    i.prvCopyDataFromQueue  queue.o
    0x08004832   0x08004832   0x0000007e   Code   RO         4199    i.prvCopyDataToQueue  queue.o
    0x080048b0   0x080048b0   0x00000050   Code   RO         4614    i.prvDeleteTCB      tasks.o
    0x08004900   0x08004900   0x00000014   Code   RO         4200    i.prvGetDisinheritPriorityAfterTimeout  queue.o
    0x08004914   0x08004914   0x00000028   Code   RO         4988    i.prvGetNextExpireTime  timers.o
    0x0800493c   0x0800493c   0x0000007c   Code   RO         5698    i.prvHeapInit       heap_4.o
    0x080049b8   0x080049b8   0x00000028   Code   RO         4615    i.prvIdleTask       tasks.o
    0x080049e0   0x080049e0   0x0000002a   Code   RO         4202    i.prvInitialiseNewQueue  queue.o
    0x08004a0a   0x08004a0a   0x000000be   Code   RO         4616    i.prvInitialiseNewTask  tasks.o
    0x08004ac8   0x08004ac8   0x00000068   Code   RO         4617    i.prvInitialiseTaskLists  tasks.o
    0x08004b30   0x08004b30   0x00000068   Code   RO         5699    i.prvInsertBlockIntoFreeList  heap_4.o
    0x08004b98   0x08004b98   0x00000058   Code   RO         4990    i.prvInsertTimerInActiveList  timers.o
    0x08004bf0   0x08004bf0   0x0000001a   Code   RO         4203    i.prvIsQueueEmpty   queue.o
    0x08004c0a   0x08004c0a   0x0000001e   Code   RO         4204    i.prvIsQueueFull    queue.o
    0x08004c28   0x08004c28   0x00000074   Code   RO         4991    i.prvProcessExpiredTimer  timers.o
    0x08004c9c   0x08004c9c   0x00000164   Code   RO         4992    i.prvProcessReceivedCommands  timers.o
    0x08004e00   0x08004e00   0x00000074   Code   RO         4993    i.prvProcessTimerOrBlockTask  timers.o
    0x08004e74   0x08004e74   0x00000034   Code   RO         4619    i.prvResetNextTaskUnblockTime  tasks.o
    0x08004ea8   0x08004ea8   0x0000002c   Code   RO         4994    i.prvSampleTimeNow  timers.o
    0x08004ed4   0x08004ed4   0x000000a4   Code   RO         4995    i.prvSwitchTimerLists  timers.o
    0x08004f78   0x08004f78   0x00000040   Code   RO         5754    i.prvTaskExitError  port.o
    0x08004fb8   0x08004fb8   0x0000001a   Code   RO         4996    i.prvTimerTask      timers.o
    0x08004fd2   0x08004fd2   0x0000007e   Code   RO         4205    i.prvUnlockQueue    queue.o
    0x08005050   0x08005050   0x0000014c   Code   RO         5700    i.pvPortMalloc      heap_4.o
    0x0800519c   0x0800519c   0x00000020   Code   RO         4622    i.pvTaskIncrementMutexHeldCount  tasks.o
    0x080051bc   0x080051bc   0x0000002c   Code   RO         5755    i.pxPortInitialiseStack  port.o
    0x080051e8   0x080051e8   0x00000030   Code   RO          151    i.send_ACKback      rs485.o
    0x08005218   0x08005218   0x00000028   Code   RO         4158    i.uxListRemove      list.o
    0x08005240   0x08005240   0x00000018   Code   RO         5245    i.vApplicationGetIdleTaskMemory  cmsis_os2.o
    0x08005258   0x08005258   0x00000018   Code   RO         5246    i.vApplicationGetTimerTaskMemory  cmsis_os2.o
    0x08005270   0x08005270   0x0000001a   Code   RO         4159    i.vListInitialise   list.o
    0x0800528a   0x0800528a   0x00000006   Code   RO         4160    i.vListInitialiseItem  list.o
    0x08005290   0x08005290   0x00000034   Code   RO         4161    i.vListInsert       list.o
    0x080052c4   0x080052c4   0x00000018   Code   RO         4162    i.vListInsertEnd    list.o
    0x080052dc   0x080052dc   0x00000054   Code   RO         5757    i.vPortEnterCritical  port.o
    0x08005330   0x08005330   0x0000003c   Code   RO         5758    i.vPortExitCritical  port.o
    0x0800536c   0x0800536c   0x000000a4   Code   RO         5701    i.vPortFree         heap_4.o
    0x08005410   0x08005410   0x00000028   Code   RO         5759    i.vPortSetupTimerInterrupt  port.o
    0x08005438   0x08005438   0x00000078   Code   RO         5760    i.vPortValidateInterruptPriority  port.o
    0x080054b0   0x080054b0   0x0000002c   Code   RO         4211    i.vQueueAddToRegistry  queue.o
    0x080054dc   0x080054dc   0x00000032   Code   RO         4212    i.vQueueDelete      queue.o
    0x0800550e   0x0800550e   0x00000002   PAD
    0x08005510   0x08005510   0x00000030   Code   RO         4214    i.vQueueUnregisterQueue  queue.o
    0x08005540   0x08005540   0x0000004a   Code   RO         4215    i.vQueueWaitForMessageRestricted  queue.o
    0x0800558a   0x0800558a   0x00000002   PAD
    0x0800558c   0x0800558c   0x0000005c   Code   RO         4632    i.vTaskDelay        tasks.o
    0x080055e8   0x080055e8   0x00000018   Code   RO         4637    i.vTaskInternalSetTimeOutState  tasks.o
    0x08005600   0x08005600   0x0000000c   Code   RO         4638    i.vTaskMissedYield  tasks.o
    0x0800560c   0x0800560c   0x00000038   Code   RO         4640    i.vTaskPlaceOnEventList  tasks.o
    0x08005644   0x08005644   0x00000040   Code   RO         4641    i.vTaskPlaceOnEventListRestricted  tasks.o
    0x08005684   0x08005684   0x000000d0   Code   RO         4643    i.vTaskPriorityDisinheritAfterTimeout  tasks.o
    0x08005754   0x08005754   0x000000b8   Code   RO         4649    i.vTaskStartScheduler  tasks.o
    0x0800580c   0x0800580c   0x00000010   Code   RO         4651    i.vTaskSuspendAll   tasks.o
    0x0800581c   0x0800581c   0x00000090   Code   RO         4652    i.vTaskSwitchContext  tasks.o
    0x080058ac   0x080058ac   0x00000168   Code   RO         5761    i.xPortStartScheduler  port.o
    0x08005a14   0x08005a14   0x00000034   Code   RO         5762    i.xPortSysTickHandler  port.o
    0x08005a48   0x08005a48   0x0000005c   Code   RO         4216    i.xQueueCreateCountingSemaphore  queue.o
    0x08005aa4   0x08005aa4   0x00000064   Code   RO         4217    i.xQueueCreateCountingSemaphoreStatic  queue.o
    0x08005b08   0x08005b08   0x0000005a   Code   RO         4220    i.xQueueGenericCreate  queue.o
    0x08005b62   0x08005b62   0x000000e0   Code   RO         4221    i.xQueueGenericCreateStatic  queue.o
    0x08005c42   0x08005c42   0x00000002   PAD
    0x08005c44   0x08005c44   0x00000098   Code   RO         4222    i.xQueueGenericReset  queue.o
    0x08005cdc   0x08005cdc   0x000001a8   Code   RO         4223    i.xQueueGenericSend  queue.o
    0x08005e84   0x08005e84   0x000000fc   Code   RO         4224    i.xQueueGenericSendFromISR  queue.o
    0x08005f80   0x08005f80   0x000000e0   Code   RO         4227    i.xQueueGiveFromISR  queue.o
    0x08006060   0x08006060   0x00000168   Code   RO         4233    i.xQueueReceive     queue.o
    0x080061c8   0x080061c8   0x000001b8   Code   RO         4235    i.xQueueSemaphoreTake  queue.o
    0x08006380   0x08006380   0x0000008c   Code   RO         4654    i.xTaskCheckForTimeOut  tasks.o
    0x0800640c   0x0800640c   0x00000064   Code   RO         4655    i.xTaskCreate       tasks.o
    0x08006470   0x08006470   0x000000ba   Code   RO         4656    i.xTaskCreateStatic  tasks.o
    0x0800652a   0x0800652a   0x00000002   PAD
    0x0800652c   0x0800652c   0x00000020   Code   RO         4660    i.xTaskGetSchedulerState  tasks.o
    0x0800654c   0x0800654c   0x0000000c   Code   RO         4661    i.xTaskGetTickCount  tasks.o
    0x08006558   0x08006558   0x00000144   Code   RO         4663    i.xTaskIncrementTick  tasks.o
    0x0800669c   0x0800669c   0x000000a4   Code   RO         4666    i.xTaskPriorityDisinherit  tasks.o
    0x08006740   0x08006740   0x000000a4   Code   RO         4667    i.xTaskPriorityInherit  tasks.o
    0x080067e4   0x080067e4   0x00000098   Code   RO         4668    i.xTaskRemoveFromEventList  tasks.o
    0x0800687c   0x0800687c   0x00000104   Code   RO         4669    i.xTaskResumeAll    tasks.o
    0x08006980   0x08006980   0x00000078   Code   RO         5005    i.xTimerCreateTimerTask  timers.o
    0x080069f8   0x080069f8   0x00000084   Code   RO         5006    i.xTimerGenericCommand  timers.o
    0x08006a7c   0x08006a7c   0x00000100   Data   RO          153    .constdata          rs485.o
    0x08006b7c   0x08006b7c   0x00000058   Data   RO          357    .constdata          app_freertos.o
    0x08006bd4   0x08006bd4   0x00000018   Data   RO         3515    .constdata          stm32g4xx_hal_uart.o
    0x08006bec   0x08006bec   0x00000010   Data   RO         3886    .constdata          stm32g4xx_hal_uart_ex.o
    0x08006bfc   0x08006bfc   0x00000018   Data   RO         3995    .constdata          system_stm32g4xx.o
    0x08006c14   0x08006c14   0x0000001a   Data   RO          358    .conststring        app_freertos.o
    0x08006c2e   0x08006c2e   0x00000002   PAD
    0x08006c30   0x08006c30   0x00000020   Data   RO         6171    Region$$Table       anon$$obj.o


    Execution Region RW_IRAM1 (Exec base: 0x20000000, Load base: 0x08006c50, Size: 0x00002378, Max: 0x00008000, ABSOLUTE)

    Exec Addr    Load Addr    Size         Type   Attr      Idx    E Section Name        Object

    0x20000000   0x08006c50   0x00000028   Data   RW          154    .data               rs485.o
    0x20000028   0x08006c78   0x0000000c   Data   RW          359    .data               app_freertos.o
    0x20000034   0x08006c84   0x0000000c   Data   RW          484    .data               usart.o
    0x20000040   0x08006c90   0x0000000c   Data   RW         1913    .data               stm32g4xx_hal.o
    0x2000004c   0x08006c9c   0x00000004   Data   RW         3996    .data               system_stm32g4xx.o
    0x20000050   0x08006ca0   0x0000003c   Data   RW         4672    .data               tasks.o
    0x2000008c   0x08006cdc   0x00000014   Data   RW         5014    .data               timers.o
    0x200000a0   0x08006cf0   0x00000004   Data   RW         5248    .data               cmsis_os2.o
    0x200000a4   0x08006cf4   0x00000020   Data   RW         5707    .data               heap_4.o
    0x200000c4   0x08006d14   0x0000000c   Data   RW         5763    .data               port.o
    0x200000d0   0x08006d20   0x00000004   Data   RW         6152    .data               mc_w.l(mvars.o)
    0x200000d4   0x08006d24   0x00000004   Data   RW         6153    .data               mc_w.l(mvars.o)
    0x200000d8        -       0x0000004c   Zero   RW          436    .bss                tim.o
    0x20000124        -       0x00000330   Zero   RW          483    .bss                usart.o
    0x20000454        -       0x0000004c   Zero   RW          683    .bss                stm32g4xx_hal_timebase_tim.o
    0x200004a0        -       0x00000040   Zero   RW         4237    .bss                queue.o
    0x200004e0        -       0x000004c4   Zero   RW         4671    .bss                tasks.o
    0x200009a4        -       0x00000118   Zero   RW         5013    .bss                timers.o
    0x20000abc        -       0x000006b8   Zero   RW         5247    .bss                cmsis_os2.o
    0x20001174        -       0x00000c00   Zero   RW         5706    .bss                heap_4.o
    0x20001d74   0x08006d28   0x00000004   PAD
    0x20001d78        -       0x00000200   Zero   RW            2    HEAP                startup_stm32g431xx.o
    0x20001f78        -       0x00000400   Zero   RW            1    STACK               startup_stm32g431xx.o


==============================================================================

Image component sizes


      Code (inc. data)   RO Data    RW Data    ZI Data      Debug   Object Name

       118         38        114         12          0       7937   app_freertos.o
       726         42          0          4       1720      64261   cmsis_os2.o
       128          6          0          0          0        842   dma.o
         0          0          0          0          0      19500   event_groups.o
       136          8          0          0          0        935   gpio.o
       724         74          0         32       3072       4927   heap_4.o
       148          0          0          0          0       3626   list.o
       206         14          0          0          0       6400   main.o
        40         10          0          0          0     636947   mydwt.o
      1014         92          0         12          0      11825   port.o
      2986         30          0          0         64      25825   queue.o
      1140        160        256         40          0      14398   rs485.o
        36          8        472          0       1536        848   startup_stm32g431xx.o
        66         14          0         12          0       3054   stm32g4xx_hal.o
       258         22          0          0          0      33634   stm32g4xx_hal_cortex.o
      1096         22          0          0          0       7009   stm32g4xx_hal_dma.o
       470         32          0          0          0       2088   stm32g4xx_hal_gpio.o
        76          4          0          0          0        878   stm32g4xx_hal_msp.o
       300         18          0          0          0       1429   stm32g4xx_hal_pwr_ex.o
      2328        116          0          0          0       7997   stm32g4xx_hal_rcc.o
       880          8          0          0          0       1904   stm32g4xx_hal_rcc_ex.o
      1598        104          0          0          0      10876   stm32g4xx_hal_tim.o
       198         26          0          0          0       5640   stm32g4xx_hal_tim_ex.o
       156         22          0          0         76       1455   stm32g4xx_hal_timebase_tim.o
      3862        106         24          0          0      38317   stm32g4xx_hal_uart.o
       458         10         16          0          0       6449   stm32g4xx_hal_uart_ex.o
       134         42          0          0          0       6470   stm32g4xx_it.o
         0          0          0          0          0        384   stream_buffer.o
        20          6         24          4          0       1163   system_stm32g4xx.o
      3212        380          0         60       1220      30331   tasks.o
       152         10          0          0         76       1694   tim.o
      1318        124          0         20        280      30551   timers.o
      1104        132          0         12        816       6709   usart.o

    ----------------------------------------------------------------------
     25126       1680        940        208       8864     996303   Object Totals
         0          0         32          0          0          0   (incl. Generated)
        38          0          2          0          4          0   (incl. Padding)

    ----------------------------------------------------------------------

      Code (inc. data)   RO Data    RW Data    ZI Data      Debug   Library Member Name

         0          0          0          0          0          0   entry.o
         0          0          0          0          0          0   entry10a.o
         0          0          0          0          0          0   entry11a.o
         8          4          0          0          0          0   entry2.o
         4          0          0          0          0          0   entry5.o
         0          0          0          0          0          0   entry7b.o
         0          0          0          0          0          0   entry8b.o
         8          4          0          0          0          0   entry9a.o
        30          0          0          0          0          0   handlers.o
        36          8          0          0          0         68   init.o
        30          0          0          0          0         68   llshl.o
        32          0          0          0          0         68   llushr.o
       188         20          0          0          0        160   malloc.o
        36          0          0          0          0         68   memcpya.o
        36          0          0          0          0        108   memseta.o
         0          0          0          8          0          0   mvars.o
      1154         54          0          0          0        352   printf8.o
        98          0          0          0          0         92   uldiv.o

    ----------------------------------------------------------------------
      1662         90          0          8          0        984   Library Totals
         2          0          0          0          0          0   (incl. Padding)

    ----------------------------------------------------------------------

      Code (inc. data)   RO Data    RW Data    ZI Data      Debug   Library Name

      1660         90          0          8          0        984   mc_w.l

    ----------------------------------------------------------------------
      1662         90          0          8          0        984   Library Totals

    ----------------------------------------------------------------------

==============================================================================


      Code (inc. data)   RO Data    RW Data    ZI Data      Debug   

     26788       1770        940        216       8864     976323   Grand Totals
     26788       1770        940        216       8864     976323   ELF Image Totals
     26788       1770        940        216          0          0   ROM Totals

==============================================================================

    Total RO  Size (Code + RO Data)                27728 (  27.08kB)
    Total RW  Size (RW Data + ZI Data)              9080 (   8.87kB)
    Total ROM Size (Code + RO Data + RW Data)      27944 (  27.29kB)

==============================================================================

