Component: ARM Compiler 5.06 update 5 (build 528) Tool: armlink [4d35e2]

==============================================================================

Section Cross References

    startup_stm32g431xx.o(RESET) refers to startup_stm32g431xx.o(STACK) for __initial_sp
    startup_stm32g431xx.o(RESET) refers to startup_stm32g431xx.o(.text) for Reset_Handler
    startup_stm32g431xx.o(RESET) refers to stm32g4xx_it.o(i.NMI_Handler) for NMI_Handler
    startup_stm32g431xx.o(RESET) refers to stm32g4xx_it.o(i.HardFault_Handler) for HardFault_Handler
    startup_stm32g431xx.o(RESET) refers to stm32g4xx_it.o(i.MemManage_Handler) for MemManage_Handler
    startup_stm32g431xx.o(RESET) refers to stm32g4xx_it.o(i.BusFault_Handler) for BusFault_Handler
    startup_stm32g431xx.o(RESET) refers to stm32g4xx_it.o(i.UsageFault_Handler) for UsageFault_Handler
    startup_stm32g431xx.o(RESET) refers to port.o(.emb_text) for SVC_Handler
    startup_stm32g431xx.o(RESET) refers to stm32g4xx_it.o(i.DebugMon_Handler) for DebugMon_Handler
    startup_stm32g431xx.o(RESET) refers to cmsis_os2.o(i.SysTick_Handler) for SysTick_Handler
    startup_stm32g431xx.o(RESET) refers to stm32g4xx_it.o(i.DMA1_Channel1_IRQHandler) for DMA1_Channel1_IRQHandler
    startup_stm32g431xx.o(RESET) refers to stm32g4xx_it.o(i.DMA1_Channel2_IRQHandler) for DMA1_Channel2_IRQHandler
    startup_stm32g431xx.o(RESET) refers to stm32g4xx_it.o(i.DMA1_Channel3_IRQHandler) for DMA1_Channel3_IRQHandler
    startup_stm32g431xx.o(RESET) refers to stm32g4xx_it.o(i.DMA1_Channel4_IRQHandler) for DMA1_Channel4_IRQHandler
    startup_stm32g431xx.o(RESET) refers to stm32g4xx_it.o(i.TIM1_TRG_COM_TIM17_IRQHandler) for TIM1_TRG_COM_TIM17_IRQHandler
    startup_stm32g431xx.o(RESET) refers to stm32g4xx_it.o(i.USART2_IRQHandler) for USART2_IRQHandler
    startup_stm32g431xx.o(RESET) refers to stm32g4xx_it.o(i.USART3_IRQHandler) for USART3_IRQHandler
    startup_stm32g431xx.o(RESET) refers to stm32g4xx_it.o(i.TIM8_UP_IRQHandler) for TIM8_UP_IRQHandler
    startup_stm32g431xx.o(.text) refers to system_stm32g4xx.o(i.SystemInit) for SystemInit
    startup_stm32g431xx.o(.text) refers to entry.o(.ARM.Collect$$$$00000000) for __main
    as5600.o(i.AS5600_Read_Reg) refers to stm32g4xx_hal_i2c.o(i.HAL_I2C_Mem_Read) for HAL_I2C_Mem_Read
    as5600.o(i.AS5600_Read_Reg) refers to i2c.o(.bss) for hi2c1
    as5600.o(i.AS5600_Write_Reg) refers to stm32g4xx_hal_i2c.o(i.HAL_I2C_Mem_Write) for HAL_I2C_Mem_Write
    as5600.o(i.AS5600_Write_Reg) refers to i2c.o(.bss) for hi2c1
    as5600.o(i.AS5600_Write_Regs) refers to stm32g4xx_hal_i2c.o(i.HAL_I2C_Mem_Write) for HAL_I2C_Mem_Write
    as5600.o(i.AS5600_Write_Regs) refers to i2c.o(.bss) for hi2c1
    as5600.o(i.Sensor_AS5600_Calculate_rotations) refers to as5600.o(i.getAngle_Without_track) for getAngle_Without_track
    as5600.o(i.Sensor_AS5600_Calculate_rotations) refers to f2d.o(.text) for __aeabi_f2d
    as5600.o(i.Sensor_AS5600_Calculate_rotations) refers to fabs.o(i.__hardfp_fabs) for __hardfp_fabs
    as5600.o(i.Sensor_AS5600_Calculate_rotations) refers to cdrcmple.o(.text) for __aeabi_cdrcmple
    as5600.o(i.Sensor_AS5600_Calculate_rotations) refers to as5600.o(.data) for angle_now1
    as5600.o(i.Sensor_AS5600getTotalAngle) refers to as5600.o(.data) for angle_prev1
    as5600.o(i.Sensor_AS5600getVelocity) refers to main.o(i.micros) for micros
    as5600.o(i.Sensor_AS5600getVelocity) refers to dfltui.o(.text) for __aeabi_ui2d
    as5600.o(i.Sensor_AS5600getVelocity) refers to dmul.o(.text) for __aeabi_dmul
    as5600.o(i.Sensor_AS5600getVelocity) refers to d2f.o(.text) for __aeabi_d2f
    as5600.o(i.Sensor_AS5600getVelocity) refers to as5600.o(.data) for angle_now_ts1
    as5600.o(i.getAngle_Without_track) refers to as5600.o(i.AS5600_Read_Reg) for AS5600_Read_Reg
    electricity.o(i.calculate_current) refers to cosf.o(i.__hardfp_cosf) for __hardfp_cosf
    electricity.o(i.calculate_current) refers to sinf.o(i.__hardfp_sinf) for __hardfp_sinf
    electricity.o(i.calculate_current) refers to adc.o(.bss) for hadc2
    electricity.o(i.calculate_current) refers to main.o(.bss) for adc_value
    electricity.o(i.calculate_current) refers to electricity.o(.data) for adc1_init
    electricity.o(i.calculate_current) refers to foc.o(.data) for current_opamp_gain
    electricity.o(i.electricity_init) refers to stm32g4xx_hal.o(i.HAL_Delay) for HAL_Delay
    electricity.o(i.electricity_init) refers to adc.o(.bss) for hadc2
    electricity.o(i.electricity_init) refers to main.o(.bss) for adc_value
    electricity.o(i.electricity_init) refers to electricity.o(.data) for adc1_sum
    foc.o(i.FOC_clark_park) refers to foc.o(i._normalizeAngle) for _normalizeAngle
    foc.o(i.FOC_clark_park) refers to f2d.o(.text) for __aeabi_f2d
    foc.o(i.FOC_clark_park) refers to floor.o(i.__hardfp_floor) for __hardfp_floor
    foc.o(i.FOC_clark_park) refers to dadd.o(.text) for __aeabi_dadd
    foc.o(i.FOC_clark_park) refers to dfixi.o(.text) for __aeabi_d2iz
[...]
    uxCurrentNumberOfTasks                   0x20000068   Data           4  tasks.o(.data)
    xTickCount                               0x2000006c   Data           4  tasks.o(.data)
    uxTopReadyPriority                       0x20000070   Data           4  tasks.o(.data)
    xSchedulerRunning                        0x20000074   Data           4  tasks.o(.data)
    xPendedTicks                             0x20000078   Data           4  tasks.o(.data)
    xYieldPending                            0x2000007c   Data           4  tasks.o(.data)
    xNumOfOverflows                          0x20000080   Data           4  tasks.o(.data)
    uxTaskNumber                             0x20000084   Data           4  tasks.o(.data)
    xNextTaskUnblockTime                     0x20000088   Data           4  tasks.o(.data)
    xIdleTaskHandle                          0x2000008c   Data           4  tasks.o(.data)
    uxSchedulerSuspended                     0x20000090   Data           4  tasks.o(.data)
    .data                                    0x20000094   Section       20  timers.o(.data)
    pxCurrentTimerList                       0x20000094   Data           4  timers.o(.data)
    pxOverflowTimerList                      0x20000098   Data           4  timers.o(.data)
    xTimerQueue                              0x2000009c   Data           4  timers.o(.data)
    xTimerTaskHandle                         0x200000a0   Data           4  timers.o(.data)
    xLastTime                                0x200000a4   Data           4  timers.o(.data)
    .data                                    0x200000a8   Section        4  cmsis_os2.o(.data)
    KernelState                              0x200000a8   Data           4  cmsis_os2.o(.data)
    .data                                    0x200000ac   Section       32  heap_4.o(.data)
    xStart                                   0x200000ac   Data           8  heap_4.o(.data)
    pxEnd                                    0x200000b4   Data           4  heap_4.o(.data)
    xFreeBytesRemaining                      0x200000b8   Data           4  heap_4.o(.data)
    xMinimumEverFreeBytesRemaining           0x200000bc   Data           4  heap_4.o(.data)
    xNumberOfSuccessfulAllocations           0x200000c0   Data           4  heap_4.o(.data)
    xNumberOfSuccessfulFrees                 0x200000c4   Data           4  heap_4.o(.data)
    xBlockAllocatedBit                       0x200000c8   Data           4  heap_4.o(.data)
    .data                                    0x200000cc   Section       12  port.o(.data)
    uxCriticalNesting                        0x200000cc   Data           4  port.o(.data)
    ucMaxSysCallPriority                     0x200000d0   Data           1  port.o(.data)
    ulMaxPRIGROUPValue                       0x200000d4   Data           4  port.o(.data)
    .data                                    0x200000d8   Section        4  mvars.o(.data)
    .data                                    0x200000dc   Section        4  mvars.o(.data)
    .bss                                     0x200000e0   Section       44  main.o(.bss)
    .bss                                     0x2000010c   Section      108  adc.o(.bss)
    .bss                                     0x20000178   Section       40  cordic.o(.bss)
    .bss                                     0x200001a0   Section      100  fdcan.o(.bss)
    .bss                                     0x20000204   Section       56  fmac.o(.bss)
    .bss                                     0x2000023c   Section       84  i2c.o(.bss)
    .bss                                     0x20000290   Section      100  spi.o(.bss)
    .bss                                     0x200002f4   Section      152  tim.o(.bss)
    .bss                                     0x2000038c   Section      784  usart.o(.bss)
    .bss                                     0x2000069c   Section       76  stm32g4xx_hal_timebase_tim.o(.bss)
    .bss                                     0x200006e8   Section       64  queue.o(.bss)
    .bss                                     0x20000728   Section     1220  tasks.o(.bss)
    pxReadyTasksLists                        0x20000728   Data        1120  tasks.o(.bss)
    xDelayedTaskList1                        0x20000b88   Data          20  tasks.o(.bss)
    xDelayedTaskList2                        0x20000b9c   Data          20  tasks.o(.bss)
    xPendingReadyList                        0x20000bb0   Data          20  tasks.o(.bss)
    xTasksWaitingTermination                 0x20000bc4   Data          20  tasks.o(.bss)
    xSuspendedTaskList                       0x20000bd8   Data          20  tasks.o(.bss)
    .bss                                     0x20000bec   Section      280  timers.o(.bss)
    xActiveTimerList1                        0x20000bec   Data          20  timers.o(.bss)
    xActiveTimerList2                        0x20000c00   Data          20  timers.o(.bss)
    xStaticTimerQueue                        0x20000c14   Data          80  timers.o(.bss)
    ucStaticTimerQueueStorage                0x20000c64   Data         160  timers.o(.bss)
    .bss                                     0x20000d04   Section     1720  cmsis_os2.o(.bss)
    Idle_TCB                                 0x20000d04   Data          92  cmsis_os2.o(.bss)
    Idle_Stack                               0x20000d60   Data         512  cmsis_os2.o(.bss)
    Timer_TCB                                0x20000f60   Data          92  cmsis_os2.o(.bss)
    Timer_Stack                              0x20000fbc   Data        1024  cmsis_os2.o(.bss)
    .bss                                     0x200013bc   Section     3072  heap_4.o(.bss)
    ucHeap                                   0x200013bc   Data        3072  heap_4.o(.bss)
    HEAP                                     0x20001fc0   Section      512  startup_stm32g431xx.o(HEAP)
    STACK                                    0x200021c0   Section     1024  startup_stm32g431xx.o(STACK)

    Global Symbols

    Symbol Name                              Value     Ov Type        Size  Object(Section)

    BuildAttributes$$THM_ISAv4$E$P$D$K$B$S$7EM$VFPi3$EXTD16$VFPS$VFMA$PE$A:L22UL41UL21$X:L11$S22US41US21$IEEE1$IW$USESV6$~STKCKD$USESV7$~SHL$OTIME$ROPI$IEEEX$EBA8$MICROLIB$REQ8$PRES8$EABIv2 0x00000000   Number         0  anon$$obj.o ABSOLUTE
    __ARM_use_no_argv                        0x00000000   Number         0  main.o ABSOLUTE
    _printf_a                                0x00000000   Number         0  stubs.o ABSOLUTE
    _printf_c                                0x00000000   Number         0  stubs.o ABSOLUTE
    _printf_charcount                        0x00000000   Number         0  stubs.o ABSOLUTE
    _printf_d                                0x00000000   Number         0  stubs.o ABSOLUTE
    _printf_e                                0x00000000   Number         0  stubs.o ABSOLUTE
    _printf_f                                0x00000000   Number         0  stubs.o ABSOLUTE
    _printf_flags                            0x00000000   Number         0  stubs.o ABSOLUTE
    _printf_fp_dec                           0x00000000   Number         0  stubs.o ABSOLUTE
    _printf_fp_hex                           0x00000000   Number         0  stubs.o ABSOLUTE
    _printf_g                                0x00000000   Number         0  stubs.o ABSOLUTE
    _printf_i                                0x00000000   Number         0  stubs.o ABSOLUTE
    _printf_int_dec                          0x00000000   Number         0  stubs.o ABSOLUTE
    _printf_l                                0x00000000   Number         0  stubs.o ABSOLUTE
    _printf_lc                               0x00000000   Number         0  stubs.o ABSOLUTE
    _printf_ll                               0x00000000   Number         0  stubs.o ABSOLUTE
    _printf_lld                              0x00000000   Number         0  stubs.o ABSOLUTE
    _printf_lli                              0x00000000   Number         0  stubs.o ABSOLUTE
    _printf_llo                              0x00000000   Number         0  stubs.o ABSOLUTE
    _printf_llu                              0x00000000   Number         0  stubs.o ABSOLUTE
    _printf_llx                              0x00000000   Number         0  stubs.o ABSOLUTE
    _printf_longlong_dec                     0x00000000   Number         0  stubs.o ABSOLUTE
    _printf_longlong_hex                     0x00000000   Number         0  stubs.o ABSOLUTE
    _printf_longlong_oct                     0x00000000   Number         0  stubs.o ABSOLUTE
    _printf_ls                               0x00000000   Number         0  stubs.o ABSOLUTE
    _printf_mbtowc                           0x00000000   Number         0  stubs.o ABSOLUTE
    _printf_n                                0x00000000   Number         0  stubs.o ABSOLUTE
    _printf_o                                0x00000000   Number         0  stubs.o ABSOLUTE
    _printf_p                                0x00000000   Number         0  stubs.o ABSOLUTE
    _printf_percent                          0x00000000   Number         0  stubs.o ABSOLUTE
    _printf_pre_padding                      0x00000000   Number         0  stubs.o ABSOLUTE
    _printf_return_value                     0x00000000   Number         0  stubs.o ABSOLUTE
    _printf_s                                0x00000000   Number         0  stubs.o ABSOLUTE
    _printf_sizespec                         0x00000000   Number         0  stubs.o ABSOLUTE
    _printf_str                              0x00000000   Number         0  stubs.o ABSOLUTE
    _printf_truncate_signed                  0x00000000   Number         0  stubs.o ABSOLUTE
    _printf_truncate_unsigned                0x00000000   Number         0  stubs.o ABSOLUTE
    _printf_u                                0x00000000   Number         0  stubs.o ABSOLUTE
    _printf_wc                               0x00000000   Number         0  stubs.o ABSOLUTE
    _printf_wctomb                           0x00000000   Number         0  stubs.o ABSOLUTE
    _printf_widthprec                        0x00000000   Number         0  stubs.o ABSOLUTE
    _printf_x                                0x00000000   Number         0  stubs.o ABSOLUTE
    __cpp_initialize__aeabi_                  - Undefined Weak Reference
    __cxa_finalize                            - Undefined Weak Reference
    __decompress                              - Undefined Weak Reference
    _clock_init                               - Undefined Weak Reference
    _microlib_exit                            - Undefined Weak Reference
    __Vectors_Size                           0x000001d8   Number         0  startup_stm32g431xx.o ABSOLUTE
    __Vectors                                0x08000000   Data           4  startup_stm32g431xx.o(RESET)
    __Vectors_End                            0x080001d8   Data           0  startup_stm32g431xx.o(RESET)
    __main                                   0x080001d9   Thumb Code     0  entry.o(.ARM.Collect$$$$00000000)
    _main_stk                                0x080001d9   Thumb Code     0  entry2.o(.ARM.Collect$$$$00000001)
    _main_scatterload                        0x080001dd   Thumb Code     0  entry5.o(.ARM.Collect$$$$00000004)
    __main_after_scatterload                 0x080001e1   Thumb Code     0  entry5.o(.ARM.Collect$$$$00000004)
    _main_clock                              0x080001e1   Thumb Code     0  entry7b.o(.ARM.Collect$$$$00000008)
    _main_cpp_init                           0x080001e1   Thumb Code     0  entry8b.o(.ARM.Collect$$$$0000000A)
    _main_init                               0x080001e1   Thumb Code     0  entry9a.o(.ARM.Collect$$$$0000000B)
    __rt_final_cpp                           0x080001e9   Thumb Code     0  entry10a.o(.ARM.Collect$$$$0000000D)
    __rt_final_exit                          0x080001e9   Thumb Code     0  entry11a.o(.ARM.Collect$$$$0000000F)
    SVC_Handler                              0x080001ed   Thumb Code    28  port.o(.emb_text)
    __asm___6_port_c_39a90d8d__prvStartFirstTask 0x0800020d   Thumb Code    36  port.o(.emb_text)
    __asm___6_port_c_39a90d8d__prvEnableVFP  0x08000235   Thumb Code    16  port.o(.emb_text)
    PendSV_Handler                           0x08000249   Thumb Code    88  port.o(.emb_text)
    vPortGetIPSR                             0x080002a5   Thumb Code     6  port.o(.emb_text)
    Reset_Handler                            0x080002ad   Thumb Code     8  startup_stm32g431xx.o(.text)
    ADC1_2_IRQHandler                        0x080002c7   Thumb Code     0  startup_stm32g431xx.o(.text)
    COMP1_2_3_IRQHandler                     0x080002c7   Thumb Code     0  startup_stm32g431xx.o(.text)
    COMP4_IRQHandler                         0x080002c7   Thumb Code     0  startup_stm32g431xx.o(.text)
    CORDIC_IRQHandler                        0x080002c7   Thumb Code     0  startup_stm32g431xx.o(.text)
    CRS_IRQHandler                           0x080002c7   Thumb Code     0  startup_stm32g431xx.o(.text)
    DMA1_Channel5_IRQHandler                 0x080002c7   Thumb Code     0  startup_stm32g431xx.o(.text)
    DMA1_Channel6_IRQHandler                 0x080002c7   Thumb Code     0  startup_stm32g431xx.o(.text)
    DMA2_Channel1_IRQHandler                 0x080002c7   Thumb Code     0  startup_stm32g431xx.o(.text)
    DMA2_Channel2_IRQHandler                 0x080002c7   Thumb Code     0  startup_stm32g431xx.o(.text)
    DMA2_Channel3_IRQHandler                 0x080002c7   Thumb Code     0  startup_stm32g431xx.o(.text)
    DMA2_Channel4_IRQHandler                 0x080002c7   Thumb Code     0  startup_stm32g431xx.o(.text)
    DMA2_Channel5_IRQHandler                 0x080002c7   Thumb Code     0  startup_stm32g431xx.o(.text)
    DMA2_Channel6_IRQHandler                 0x080002c7   Thumb Code     0  startup_stm32g431xx.o(.text)
    DMAMUX_OVR_IRQHandler                    0x080002c7   Thumb Code     0  startup_stm32g431xx.o(.text)
    EXTI0_IRQHandler                         0x080002c7   Thumb Code     0  startup_stm32g431xx.o(.text)
    EXTI15_10_IRQHandler                     0x080002c7   Thumb Code     0  startup_stm32g431xx.o(.text)
    EXTI1_IRQHandler                         0x080002c7   Thumb Code     0  startup_stm32g431xx.o(.text)
    EXTI2_IRQHandler                         0x080002c7   Thumb Code     0  startup_stm32g431xx.o(.text)
    EXTI3_IRQHandler                         0x080002c7   Thumb Code     0  startup_stm32g431xx.o(.text)
    EXTI4_IRQHandler                         0x080002c7   Thumb Code     0  startup_stm32g431xx.o(.text)
    EXTI9_5_IRQHandler                       0x080002c7   Thumb Code     0  startup_stm32g431xx.o(.text)
    FDCAN1_IT0_IRQHandler                    0x080002c7   Thumb Code     0  startup_stm32g431xx.o(.text)
    FDCAN1_IT1_IRQHandler                    0x080002c7   Thumb Code     0  startup_stm32g431xx.o(.text)
    FLASH_IRQHandler                         0x080002c7   Thumb Code     0  startup_stm32g431xx.o(.text)
    FMAC_IRQHandler                          0x080002c7   Thumb Code     0  startup_stm32g431xx.o(.text)
    FPU_IRQHandler                           0x080002c7   Thumb Code     0  startup_stm32g431xx.o(.text)
    I2C1_ER_IRQHandler                       0x080002c7   Thumb Code     0  startup_stm32g431xx.o(.text)
    I2C1_EV_IRQHandler                       0x080002c7   Thumb Code     0  startup_stm32g431xx.o(.text)
    I2C2_ER_IRQHandler                       0x080002c7   Thumb Code     0  startup_stm32g431xx.o(.text)
    I2C2_EV_IRQHandler                       0x080002c7   Thumb Code     0  startup_stm32g431xx.o(.text)
    I2C3_ER_IRQHandler                       0x080002c7   Thumb Code     0  startup_stm32g431xx.o(.text)
    I2C3_EV_IRQHandler                       0x080002c7   Thumb Code     0  startup_stm32g431xx.o(.text)
    LPTIM1_IRQHandler                        0x080002c7   Thumb Code     0  startup_stm32g431xx.o(.text)
    LPUART1_IRQHandler                       0x080002c7   Thumb Code     0  startup_stm32g431xx.o(.text)
    PVD_PVM_IRQHandler                       0x080002c7   Thumb Code     0  startup_stm32g431xx.o(.text)
    RCC_IRQHandler                           0x080002c7   Thumb Code     0  startup_stm32g431xx.o(.text)
    RNG_IRQHandler                           0x080002c7   Thumb Code     0  startup_stm32g431xx.o(.text)
    RTC_Alarm_IRQHandler                     0x080002c7   Thumb Code     0  startup_stm32g431xx.o(.text)
    RTC_TAMP_LSECSS_IRQHandler               0x080002c7   Thumb Code     0  startup_stm32g431xx.o(.text)
    RTC_WKUP_IRQHandler                      0x080002c7   Thumb Code     0  startup_stm32g431xx.o(.text)
    SAI1_IRQHandler                          0x080002c7   Thumb Code     0  startup_stm32g431xx.o(.text)
    SPI1_IRQHandler                          0x080002c7   Thumb Code     0  startup_stm32g431xx.o(.text)
    SPI2_IRQHandler                          0x080002c7   Thumb Code     0  startup_stm32g431xx.o(.text)
    SPI3_IRQHandler                          0x080002c7   Thumb Code     0  startup_stm32g431xx.o(.text)
    TIM1_BRK_TIM15_IRQHandler                0x080002c7   Thumb Code     0  startup_stm32g431xx.o(.text)
    TIM1_CC_IRQHandler                       0x080002c7   Thumb Code     0  startup_stm32g431xx.o(.text)
    TIM1_UP_TIM16_IRQHandler                 0x080002c7   Thumb Code     0  startup_stm32g431xx.o(.text)
    TIM2_IRQHandler                          0x080002c7   Thumb Code     0  startup_stm32g431xx.o(.text)
    TIM3_IRQHandler                          0x080002c7   Thumb Code     0  startup_stm32g431xx.o(.text)
    TIM4_IRQHandler                          0x080002c7   Thumb Code     0  startup_stm32g431xx.o(.text)
    TIM6_DAC_IRQHandler                      0x080002c7   Thumb Code     0  startup_stm32g431xx.o(.text)
    TIM7_IRQHandler                          0x080002c7   Thumb Code     0  startup_stm32g431xx.o(.text)
    TIM8_BRK_IRQHandler                      0x080002c7   Thumb Code     0  startup_stm32g431xx.o(.text)
    TIM8_CC_IRQHandler                       0x080002c7   Thumb Code     0  startup_stm32g431xx.o(.text)
    TIM8_TRG_COM_IRQHandler                  0x080002c7   Thumb Code     0  startup_stm32g431xx.o(.text)
    UART4_IRQHandler                         0x080002c7   Thumb Code     0  startup_stm32g431xx.o(.text)
    UCPD1_IRQHandler                         0x080002c7   Thumb Code     0  startup_stm32g431xx.o(.text)
    USART1_IRQHandler                        0x080002c7   Thumb Code     0  startup_stm32g431xx.o(.text)
    USBWakeUp_IRQHandler                     0x080002c7   Thumb Code     0  startup_stm32g431xx.o(.text)
    USB_HP_IRQHandler                        0x080002c7   Thumb Code     0  startup_stm32g431xx.o(.text)
    USB_LP_IRQHandler                        0x080002c7   Thumb Code     0  startup_stm32g431xx.o(.text)
    WWDG_IRQHandler                          0x080002c7   Thumb Code     0  startup_stm32g431xx.o(.text)
    __aeabi_uldivmod                         0x080002d1   Thumb Code    98  uldiv.o(.text)
    __aeabi_memcpy                           0x08000333   Thumb Code    36  memcpya.o(.text)
    __aeabi_memcpy4                          0x08000333   Thumb Code     0  memcpya.o(.text)
    __aeabi_memcpy8                          0x08000333   Thumb Code     0  memcpya.o(.text)
    __aeabi_memset                           0x08000357   Thumb Code    14  memseta.o(.text)
    __aeabi_memset4                          0x08000357   Thumb Code     0  memseta.o(.text)
    __aeabi_memset8                          0x08000357   Thumb Code     0  memseta.o(.text)
    __aeabi_memclr                           0x08000365   Thumb Code     4  memseta.o(.text)
    __aeabi_memclr4                          0x08000365   Thumb Code     0  memseta.o(.text)
    __aeabi_memclr8                          0x08000365   Thumb Code     0  memseta.o(.text)
    memset                                   0x08000369   Thumb Code    18  memseta.o(.text)
    __aeabi_llsl                             0x0800037b   Thumb Code    30  llshl.o(.text)
    _ll_shift_l                              0x0800037b   Thumb Code     0  llshl.o(.text)
    __aeabi_llsr                             0x08000399   Thumb Code    32  llushr.o(.text)
    _ll_ushift_r                             0x08000399   Thumb Code     0  llushr.o(.text)
    __scatterload                            0x080003b9   Thumb Code    28  init.o(.text)
    __scatterload_rt2                        0x080003b9   Thumb Code     0  init.o(.text)
    Analyze_ACKfrme_data                     0x080003dd   Thumb Code    72  rs485.o(i.Analyze_ACKfrme_data)
    Analyze_RS485_data                       0x08000439   Thumb Code   384  rs485.o(i.Analyze_RS485_data)
    BusFault_Handler                         0x0800060d   Thumb Code     4  stm32g4xx_it.o(i.BusFault_Handler)
    DMA1_Channel1_IRQHandler                 0x08000611   Thumb Code    10  stm32g4xx_it.o(i.DMA1_Channel1_IRQHandler)
    DMA1_Channel2_IRQHandler                 0x08000621   Thumb Code    10  stm32g4xx_it.o(i.DMA1_Channel2_IRQHandler)
    DMA1_Channel3_IRQHandler                 0x08000631   Thumb Code    10  stm32g4xx_it.o(i.DMA1_Channel3_IRQHandler)
    DMA1_Channel4_IRQHandler                 0x08000641   Thumb Code    10  stm32g4xx_it.o(i.DMA1_Channel4_IRQHandler)
    DebugMon_Handler                         0x080006f9   Thumb Code     2  stm32g4xx_it.o(i.DebugMon_Handler)
    Enable_DWT_CycleCounter                  0x080006fd   Thumb Code    30  dwt.o(i.Enable_DWT_CycleCounter)
    Error_Handler                            0x08000725   Thumb Code     6  main.o(i.Error_Handler)
    HAL_ADCEx_InjectedConfigChannel          0x0800080d   Thumb Code  1540  stm32g4xx_hal_adc_ex.o(i.HAL_ADCEx_InjectedConfigChannel)
    HAL_ADC_ConfigChannel                    0x08000e39   Thumb Code  1252  stm32g4xx_hal_adc.o(i.HAL_ADC_ConfigChannel)
    HAL_ADC_Init                             0x08001341   Thumb Code   576  stm32g4xx_hal_adc.o(i.HAL_ADC_Init)
    HAL_ADC_MspInit                          0x0800159d   Thumb Code   128  adc.o(i.HAL_ADC_MspInit)
    HAL_CORDIC_Init                          0x08001625   Thumb Code    52  stm32g4xx_hal_cordic.o(i.HAL_CORDIC_Init)
    HAL_CORDIC_MspInit                       0x08001659   Thumb Code    40  cordic.o(i.HAL_CORDIC_MspInit)
    HAL_DMA_Abort                            0x08001689   Thumb Code   118  stm32g4xx_hal_dma.o(i.HAL_DMA_Abort)
    HAL_DMA_Abort_IT                         0x080016ff   Thumb Code   148  stm32g4xx_hal_dma.o(i.HAL_DMA_Abort_IT)
    HAL_DMA_GetError                         0x08001793   Thumb Code     6  stm32g4xx_hal_dma.o(i.HAL_DMA_GetError)
    HAL_DMA_IRQHandler                       0x08001799   Thumb Code   254  stm32g4xx_hal_dma.o(i.HAL_DMA_IRQHandler)
    HAL_DMA_Init                             0x08001899   Thumb Code   200  stm32g4xx_hal_dma.o(i.HAL_DMA_Init)
    HAL_DMA_Start_IT                         0x08001969   Thumb Code   194  stm32g4xx_hal_dma.o(i.HAL_DMA_Start_IT)
    HAL_FDCAN_Init                           0x08001a2d   Thumb Code   526  stm32g4xx_hal_fdcan.o(i.HAL_FDCAN_Init)
    HAL_FDCAN_MspInit                        0x08001c45   Thumb Code   136  fdcan.o(i.HAL_FDCAN_MspInit)
    HAL_FMAC_Init                            0x08001cd5   Thumb Code    92  stm32g4xx_hal_fmac.o(i.HAL_FMAC_Init)
    HAL_FMAC_MspInit                         0x08001d31   Thumb Code    40  fmac.o(i.HAL_FMAC_MspInit)
    HAL_GPIO_Init                            0x08001d61   Thumb Code   428  stm32g4xx_hal_gpio.o(i.HAL_GPIO_Init)
    HAL_GPIO_WritePin                        0x08001f2d   Thumb Code    10  stm32g4xx_hal_gpio.o(i.HAL_GPIO_WritePin)
    HAL_GetTick                              0x08001f39   Thumb Code     6  stm32g4xx_hal.o(i.HAL_GetTick)
    HAL_I2CEx_ConfigAnalogFilter             0x08001f45   Thumb Code   106  stm32g4xx_hal_i2c_ex.o(i.HAL_I2CEx_ConfigAnalogFilter)
    HAL_I2CEx_ConfigDigitalFilter            0x08001faf   Thumb Code   104  stm32g4xx_hal_i2c_ex.o(i.HAL_I2CEx_ConfigDigitalFilter)
    HAL_I2CEx_EnableFastModePlus             0x08002019   Thumb Code    42  stm32g4xx_hal_i2c_ex.o(i.HAL_I2CEx_EnableFastModePlus)
    HAL_I2C_Init                             0x0800204d   Thumb Code   212  stm32g4xx_hal_i2c.o(i.HAL_I2C_Init)
    HAL_I2C_MspInit                          0x08002125   Thumb Code   192  i2c.o(i.HAL_I2C_MspInit)
    HAL_IncTick                              0x080021f1   Thumb Code    16  stm32g4xx_hal.o(i.HAL_IncTick)
    HAL_Init                                 0x08002209   Thumb Code    30  stm32g4xx_hal.o(i.HAL_Init)
    HAL_InitTick                             0x08002229   Thumb Code   134  stm32g4xx_hal_timebase_tim.o(i.HAL_InitTick)
    HAL_MspInit                              0x080022c5   Thumb Code    72  stm32g4xx_hal_msp.o(i.HAL_MspInit)
    HAL_NVIC_EnableIRQ                       0x08002311   Thumb Code    40  stm32g4xx_hal_cortex.o(i.HAL_NVIC_EnableIRQ)
    HAL_NVIC_SetPriority                     0x08002339   Thumb Code   122  stm32g4xx_hal_cortex.o(i.HAL_NVIC_SetPriority)
    HAL_NVIC_SetPriorityGrouping             0x080023b5   Thumb Code    32  stm32g4xx_hal_cortex.o(i.HAL_NVIC_SetPriorityGrouping)
    HAL_PWREx_ControlVoltageScaling          0x080023dd   Thumb Code   268  stm32g4xx_hal_pwr_ex.o(i.HAL_PWREx_ControlVoltageScaling)
    HAL_PWREx_DisableUCPDDeadBattery         0x080024f5   Thumb Code    14  stm32g4xx_hal_pwr_ex.o(i.HAL_PWREx_DisableUCPDDeadBattery)
    HAL_RCCEx_PeriphCLKConfig                0x08002509   Thumb Code   872  stm32g4xx_hal_rcc_ex.o(i.HAL_RCCEx_PeriphCLKConfig)
    HAL_RCC_ClockConfig                      0x08002879   Thumb Code   522  stm32g4xx_hal_rcc.o(i.HAL_RCC_ClockConfig)
    HAL_RCC_GetClockConfig                   0x08002a9d   Thumb Code    58  stm32g4xx_hal_rcc.o(i.HAL_RCC_GetClockConfig)
    HAL_RCC_GetHCLKFreq                      0x08002ae1   Thumb Code     6  stm32g4xx_hal_rcc.o(i.HAL_RCC_GetHCLKFreq)
    HAL_RCC_GetPCLK1Freq                     0x08002aed   Thumb Code    26  stm32g4xx_hal_rcc.o(i.HAL_RCC_GetPCLK1Freq)
    HAL_RCC_GetPCLK2Freq                     0x08002b11   Thumb Code    26  stm32g4xx_hal_rcc.o(i.HAL_RCC_GetPCLK2Freq)
    HAL_RCC_GetSysClockFreq                  0x08002b35   Thumb Code   138  stm32g4xx_hal_rcc.o(i.HAL_RCC_GetSysClockFreq)
    HAL_RCC_OscConfig                        0x08002bcd   Thumb Code  1360  stm32g4xx_hal_rcc.o(i.HAL_RCC_OscConfig)
    HAL_SPI_Init                             0x08003129   Thumb Code   252  stm32g4xx_hal_spi.o(i.HAL_SPI_Init)
    HAL_SPI_MspInit                          0x08003225   Thumb Code   108  spi.o(i.HAL_SPI_MspInit)
    HAL_TIMEx_Break2Callback                 0x08003299   Thumb Code     2  stm32g4xx_hal_tim_ex.o(i.HAL_TIMEx_Break2Callback)
    HAL_TIMEx_BreakCallback                  0x0800329b   Thumb Code     2  stm32g4xx_hal_tim_ex.o(i.HAL_TIMEx_BreakCallback)
    HAL_TIMEx_CommutCallback                 0x0800329d   Thumb Code     2  stm32g4xx_hal_tim_ex.o(i.HAL_TIMEx_CommutCallback)
    HAL_TIMEx_ConfigBreakDeadTime            0x080032a1   Thumb Code   192  stm32g4xx_hal_tim_ex.o(i.HAL_TIMEx_ConfigBreakDeadTime)
    HAL_TIMEx_DirectionChangeCallback        0x08003369   Thumb Code     2  stm32g4xx_hal_tim_ex.o(i.HAL_TIMEx_DirectionChangeCallback)
    HAL_TIMEx_EnableDeadTimePreload          0x0800336b   Thumb Code    18  stm32g4xx_hal_tim_ex.o(i.HAL_TIMEx_EnableDeadTimePreload)
    HAL_TIMEx_EncoderIndexCallback           0x0800337d   Thumb Code     2  stm32g4xx_hal_tim_ex.o(i.HAL_TIMEx_EncoderIndexCallback)
    HAL_TIMEx_IndexErrorCallback             0x0800337f   Thumb Code     2  stm32g4xx_hal_tim_ex.o(i.HAL_TIMEx_IndexErrorCallback)
    HAL_TIMEx_MasterConfigSynchronization    0x08003381   Thumb Code   158  stm32g4xx_hal_tim_ex.o(i.HAL_TIMEx_MasterConfigSynchronization)
    HAL_TIMEx_TransitionErrorCallback        0x08003439   Thumb Code     2  stm32g4xx_hal_tim_ex.o(i.HAL_TIMEx_TransitionErrorCallback)
    HAL_TIM_Base_Init                        0x0800343b   Thumb Code   110  stm32g4xx_hal_tim.o(i.HAL_TIM_Base_Init)
    HAL_TIM_Base_MspInit                     0x080034a9   Thumb Code    40  tim.o(i.HAL_TIM_Base_MspInit)
    HAL_TIM_Base_Start                       0x080034d5   Thumb Code   118  stm32g4xx_hal_tim.o(i.HAL_TIM_Base_Start)
    HAL_TIM_Base_Start_IT                    0x08003565   Thumb Code   130  stm32g4xx_hal_tim.o(i.HAL_TIM_Base_Start_IT)
    HAL_TIM_ConfigClockSource                0x08003601   Thumb Code   300  stm32g4xx_hal_tim.o(i.HAL_TIM_ConfigClockSource)
    HAL_TIM_IC_CaptureCallback               0x08003735   Thumb Code     2  stm32g4xx_hal_tim.o(i.HAL_TIM_IC_CaptureCallback)
    HAL_TIM_IRQHandler                       0x08003737   Thumb Code   544  stm32g4xx_hal_tim.o(i.HAL_TIM_IRQHandler)
    HAL_TIM_MspPostInit                      0x08003959   Thumb Code   166  tim.o(i.HAL_TIM_MspPostInit)
    HAL_TIM_OC_DelayElapsedCallback          0x08003a0d   Thumb Code     2  stm32g4xx_hal_tim.o(i.HAL_TIM_OC_DelayElapsedCallback)
    HAL_TIM_PWM_ConfigChannel                0x08003a0f   Thumb Code   368  stm32g4xx_hal_tim.o(i.HAL_TIM_PWM_ConfigChannel)
    HAL_TIM_PWM_Init                         0x08003b7f   Thumb Code   110  stm32g4xx_hal_tim.o(i.HAL_TIM_PWM_Init)
    HAL_TIM_PWM_MspInit                      0x08003bed   Thumb Code    58  tim.o(i.HAL_TIM_PWM_MspInit)
    HAL_TIM_PWM_PulseFinishedCallback        0x08003c31   Thumb Code     2  stm32g4xx_hal_tim.o(i.HAL_TIM_PWM_PulseFinishedCallback)
    HAL_TIM_PeriodElapsedCallback            0x08003c35   Thumb Code    18  main.o(i.HAL_TIM_PeriodElapsedCallback)
    HAL_TIM_TriggerCallback                  0x08003c4d   Thumb Code     2  stm32g4xx_hal_tim.o(i.HAL_TIM_TriggerCallback)
    HAL_UARTEx_DisableFifoMode               0x08003c4f   Thumb Code    78  stm32g4xx_hal_uart_ex.o(i.HAL_UARTEx_DisableFifoMode)
    HAL_UARTEx_ReceiveToIdle_DMA             0x08003c9d   Thumb Code    98  stm32g4xx_hal_uart_ex.o(i.HAL_UARTEx_ReceiveToIdle_DMA)
    HAL_UARTEx_RxEventCallback               0x08003d01   Thumb Code   114  usart.o(i.HAL_UARTEx_RxEventCallback)
    HAL_UARTEx_RxFifoFullCallback            0x08003d9d   Thumb Code     2  stm32g4xx_hal_uart_ex.o(i.HAL_UARTEx_RxFifoFullCallback)
    HAL_UARTEx_SetRxFifoThreshold            0x08003d9f   Thumb Code    94  stm32g4xx_hal_uart_ex.o(i.HAL_UARTEx_SetRxFifoThreshold)
    HAL_UARTEx_SetTxFifoThreshold            0x08003dfd   Thumb Code    94  stm32g4xx_hal_uart_ex.o(i.HAL_UARTEx_SetTxFifoThreshold)
    HAL_UARTEx_TxFifoEmptyCallback           0x08003e5b   Thumb Code     2  stm32g4xx_hal_uart_ex.o(i.HAL_UARTEx_TxFifoEmptyCallback)
    HAL_UARTEx_WakeupCallback                0x08003e5d   Thumb Code     2  stm32g4xx_hal_uart_ex.o(i.HAL_UARTEx_WakeupCallback)
    HAL_UART_DMAStop                         0x08003e5f   Thumb Code   190  stm32g4xx_hal_uart.o(i.HAL_UART_DMAStop)
    HAL_UART_ErrorCallback                   0x08003f1d   Thumb Code     2  stm32g4xx_hal_uart.o(i.HAL_UART_ErrorCallback)
    HAL_UART_IRQHandler                      0x08003f21   Thumb Code   962  stm32g4xx_hal_uart.o(i.HAL_UART_IRQHandler)
    HAL_UART_Init                            0x080042f1   Thumb Code   120  stm32g4xx_hal_uart.o(i.HAL_UART_Init)
    HAL_UART_MspInit                         0x08004369   Thumb Code   510  usart.o(i.HAL_UART_MspInit)
    HAL_UART_RxCpltCallback                  0x0800458d   Thumb Code     2  stm32g4xx_hal_uart.o(i.HAL_UART_RxCpltCallback)
    HAL_UART_RxHalfCpltCallback              0x0800458f   Thumb Code     2  stm32g4xx_hal_uart.o(i.HAL_UART_RxHalfCpltCallback)
    HAL_UART_Transmit_DMA                    0x08004591   Thumb Code   148  stm32g4xx_hal_uart.o(i.HAL_UART_Transmit_DMA)
    HAL_UART_TxCpltCallback                  0x08004631   Thumb Code     2  stm32g4xx_hal_uart.o(i.HAL_UART_TxCpltCallback)
    HAL_UART_TxHalfCpltCallback              0x08004633   Thumb Code     2  stm32g4xx_hal_uart.o(i.HAL_UART_TxHalfCpltCallback)
    HardFault_Handler                        0x08004635   Thumb Code     4  stm32g4xx_it.o(i.HardFault_Handler)
    Lock_HT_Interrupt                        0x08004751   Thumb Code    74  usart.o(i.Lock_HT_Interrupt)
    MX_ADC2_Init                             0x080047a1   Thumb Code   228  adc.o(i.MX_ADC2_Init)
    MX_CORDIC_Init                           0x08004895   Thumb Code    22  cordic.o(i.MX_CORDIC_Init)
    MX_DMA_Init                              0x080048b5   Thumb Code   122  dma.o(i.MX_DMA_Init)
    MX_FDCAN1_Init                           0x08004935   Thumb Code    66  fdcan.o(i.MX_FDCAN1_Init)
    MX_FMAC_Init                             0x08004981   Thumb Code    22  fmac.o(i.MX_FMAC_Init)
    MX_FREERTOS_Init                         0x080049a1   Thumb Code    46  app_freertos.o(i.MX_FREERTOS_Init)
    MX_GPIO_Init                             0x080049f1   Thumb Code   138  gpio.o(i.MX_GPIO_Init)
    MX_I2C1_Init                             0x08004a85   Thumb Code    82  i2c.o(i.MX_I2C1_Init)
    MX_SPI1_Init                             0x08004ae5   Thumb Code    72  spi.o(i.MX_SPI1_Init)
    MX_TIM1_Init                             0x08004b35   Thumb Code   256  tim.o(i.MX_TIM1_Init)
    MX_TIM2_Init                             0x08004c3d   Thumb Code   102  tim.o(i.MX_TIM2_Init)
    MX_USART2_UART_Init                      0x08004ca9   Thumb Code   122  usart.o(i.MX_USART2_UART_Init)
    MX_USART3_UART_Init                      0x08004d39   Thumb Code   128  usart.o(i.MX_USART3_UART_Init)
    MemManage_Handler                        0x08004dcd   Thumb Code     4  stm32g4xx_it.o(i.MemManage_Handler)
    NMI_Handler                              0x08004dd1   Thumb Code     4  stm32g4xx_it.o(i.NMI_Handler)
    RS485_SendAck                            0x08004e3d   Thumb Code    50  rs485.o(i.RS485_SendAck)
    RS485_SendBytes                          0x08004e79   Thumb Code   214  rs485.o(i.RS485_SendBytes)
    Slave_SEND_DATA                          0x08004f61   Thumb Code   164  rs485.o(i.Slave_SEND_DATA)
    StartDefaultTask                         0x08005005   Thumb Code    10  app_freertos.o(i.StartDefaultTask)
    StartTask02                              0x08005011   Thumb Code    24  app_freertos.o(i.StartTask02)
    SysTick_Handler                          0x0800502d   Thumb Code    22  cmsis_os2.o(i.SysTick_Handler)
    SystemClock_Config                       0x08005043   Thumb Code   104  main.o(i.SystemClock_Config)
    SystemInit                               0x080050ad   Thumb Code    14  system_stm32g4xx.o(i.SystemInit)
    TIM1_TRG_COM_TIM17_IRQHandler            0x080050c1   Thumb Code    10  stm32g4xx_it.o(i.TIM1_TRG_COM_TIM17_IRQHandler)
    TIM8_UP_IRQHandler                       0x080050d1   Thumb Code    10  stm32g4xx_it.o(i.TIM8_UP_IRQHandler)
    TIM_Base_SetConfig                       0x080050e1   Thumb Code   174  stm32g4xx_hal_tim.o(i.TIM_Base_SetConfig)
    TIM_ETR_SetConfig                        0x080051ad   Thumb Code    22  stm32g4xx_hal_tim.o(i.TIM_ETR_SetConfig)
    TIM_OC2_SetConfig                        0x08005289   Thumb Code   156  stm32g4xx_hal_tim.o(i.TIM_OC2_SetConfig)
    UART_AdvFeatureConfig                    0x0800562d   Thumb Code   248  stm32g4xx_hal_uart.o(i.UART_AdvFeatureConfig)
    UART_CheckIdleState                      0x08005725   Thumb Code   234  stm32g4xx_hal_uart.o(i.UART_CheckIdleState)
    UART_SetConfig                           0x08005a9d   Thumb Code   858  stm32g4xx_hal_uart.o(i.UART_SetConfig)
    UART_Start_Receive_DMA                   0x08005e21   Thumb Code   186  stm32g4xx_hal_uart.o(i.UART_Start_Receive_DMA)
    UART_WaitOnFlagUntilTimeout              0x08005ee9   Thumb Code   172  stm32g4xx_hal_uart.o(i.UART_WaitOnFlagUntilTimeout)
    USART2_IRQHandler                        0x08005f95   Thumb Code    10  stm32g4xx_it.o(i.USART2_IRQHandler)
    USART3_IRQHandler                        0x08005fa5   Thumb Code    10  stm32g4xx_it.o(i.USART3_IRQHandler)
    UsageFault_Handler                       0x08005fb5   Thumb Code     4  stm32g4xx_it.o(i.UsageFault_Handler)
    __0printf$8                              0x08005fb9   Thumb Code    22  printf8.o(i.__0printf$8)
    __1printf$8                              0x08005fb9   Thumb Code     0  printf8.o(i.__0printf$8)
    __2printf                                0x08005fb9   Thumb Code     0  printf8.o(i.__0printf$8)
    __scatterload_copy                       0x08006017   Thumb Code    14  handlers.o(i.__scatterload_copy)
    __scatterload_null                       0x08006025   Thumb Code     2  handlers.o(i.__scatterload_null)
    __scatterload_zeroinit                   0x08006027   Thumb Code    14  handlers.o(i.__scatterload_zeroinit)
    clear_ACK                                0x08006499   Thumb Code    24  rs485.o(i.clear_ACK)
    crc8_calculate                           0x080064c5   Thumb Code    28  rs485.o(i.crc8_calculate)
    fputc                                    0x080064e5   Thumb Code    24  usart.o(i.fputc)
    free                                     0x08006501   Thumb Code    76  malloc.o(i.free)
    main                                     0x08006551   Thumb Code    92  main.o(i.main)
    malloc                                   0x080065b5   Thumb Code    92  malloc.o(i.malloc)
    osDelay                                  0x08006621   Thumb Code    30  cmsis_os2.o(i.osDelay)
    osKernelInitialize                       0x08006641   Thumb Code    38  cmsis_os2.o(i.osKernelInitialize)
    osKernelStart                            0x0800666d   Thumb Code    82  cmsis_os2.o(i.osKernelStart)
    osSemaphoreNew                           0x080066cd   Thumb Code   204  cmsis_os2.o(i.osSemaphoreNew)
    osSemaphoreRelease                       0x08006799   Thumb Code    88  cmsis_os2.o(i.osSemaphoreRelease)
    osThreadNew                              0x080067f5   Thumb Code   184  cmsis_os2.o(i.osThreadNew)
    pvPortMalloc                             0x080072e5   Thumb Code   306  heap_4.o(i.pvPortMalloc)
    pvTaskIncrementMutexHeldCount            0x08007431   Thumb Code    26  tasks.o(i.pvTaskIncrementMutexHeldCount)
    pxPortInitialiseStack                    0x08007451   Thumb Code    38  port.o(i.pxPortInitialiseStack)
    send_ACKback                             0x0800747d   Thumb Code    38  rs485.o(i.send_ACKback)
    uxListRemove                             0x080074a3   Thumb Code    40  list.o(i.uxListRemove)
    vApplicationGetIdleTaskMemory            0x080074cd   Thumb Code    14  cmsis_os2.o(i.vApplicationGetIdleTaskMemory)
    vApplicationGetTimerTaskMemory           0x080074e5   Thumb Code    16  cmsis_os2.o(i.vApplicationGetTimerTaskMemory)
    vListInitialise                          0x080074fd   Thumb Code    26  list.o(i.vListInitialise)
    vListInitialiseItem                      0x08007517   Thumb Code     6  list.o(i.vListInitialiseItem)
    vListInsert                              0x0800751d   Thumb Code    52  list.o(i.vListInsert)
    vListInsertEnd                           0x08007551   Thumb Code    24  list.o(i.vListInsertEnd)
    vPortEnterCritical                       0x08007569   Thumb Code    76  port.o(i.vPortEnterCritical)
    vPortExitCritical                        0x080075bd   Thumb Code    56  port.o(i.vPortExitCritical)
    vPortFree                                0x080075f9   Thumb Code   150  heap_4.o(i.vPortFree)
    vPortSetupTimerInterrupt                 0x0800769d   Thumb Code    36  port.o(i.vPortSetupTimerInterrupt)
    vPortValidateInterruptPriority           0x080076c5   Thumb Code   106  port.o(i.vPortValidateInterruptPriority)
    vQueueAddToRegistry                      0x0800773d   Thumb Code    38  queue.o(i.vQueueAddToRegistry)
    vQueueDelete                             0x08007769   Thumb Code    50  queue.o(i.vQueueDelete)
    vQueueUnregisterQueue                    0x0800779d   Thumb Code    44  queue.o(i.vQueueUnregisterQueue)
    vQueueWaitForMessageRestricted           0x080077cd   Thumb Code    74  queue.o(i.vQueueWaitForMessageRestricted)
    vTaskDelay                               0x08007819   Thumb Code    82  tasks.o(i.vTaskDelay)
    vTaskInternalSetTimeOutState             0x08007875   Thumb Code    14  tasks.o(i.vTaskInternalSetTimeOutState)
    vTaskMissedYield                         0x0800788d   Thumb Code     8  tasks.o(i.vTaskMissedYield)
    vTaskPlaceOnEventList                    0x08007899   Thumb Code    52  tasks.o(i.vTaskPlaceOnEventList)
    vTaskPlaceOnEventListRestricted          0x080078d1   Thumb Code    60  tasks.o(i.vTaskPlaceOnEventListRestricted)
    vTaskPriorityDisinheritAfterTimeout      0x08007911   Thumb Code   194  tasks.o(i.vTaskPriorityDisinheritAfterTimeout)
    vTaskStartScheduler                      0x080079e1   Thumb Code   156  tasks.o(i.vTaskStartScheduler)
    vTaskSuspendAll                          0x08007a99   Thumb Code    12  tasks.o(i.vTaskSuspendAll)
    vTaskSwitchContext                       0x08007aa9   Thumb Code   122  tasks.o(i.vTaskSwitchContext)
    xPortStartScheduler                      0x08007b39   Thumb Code   330  port.o(i.xPortStartScheduler)
    xPortSysTickHandler                      0x08007ca1   Thumb Code    46  port.o(i.xPortSysTickHandler)
    xQueueCreateCountingSemaphore            0x08007cd5   Thumb Code    92  queue.o(i.xQueueCreateCountingSemaphore)
    xQueueCreateCountingSemaphoreStatic      0x08007d31   Thumb Code   100  queue.o(i.xQueueCreateCountingSemaphoreStatic)
    xQueueGenericCreate                      0x08007d95   Thumb Code    90  queue.o(i.xQueueGenericCreate)
    xQueueGenericCreateStatic                0x08007def   Thumb Code   224  queue.o(i.xQueueGenericCreateStatic)
    xQueueGenericReset                       0x08007ed1   Thumb Code   146  queue.o(i.xQueueGenericReset)
    xQueueGenericSend                        0x08007f69   Thumb Code   420  queue.o(i.xQueueGenericSend)
    xQueueGenericSendFromISR                 0x08008111   Thumb Code   252  queue.o(i.xQueueGenericSendFromISR)
    xQueueGiveFromISR                        0x0800820d   Thumb Code   224  queue.o(i.xQueueGiveFromISR)
    xQueueReceive                            0x080082ed   Thumb Code   356  queue.o(i.xQueueReceive)
    xQueueSemaphoreTake                      0x08008455   Thumb Code   434  queue.o(i.xQueueSemaphoreTake)
    xTaskCheckForTimeOut                     0x0800860d   Thumb Code   132  tasks.o(i.xTaskCheckForTimeOut)
    xTaskCreate                              0x08008699   Thumb Code   100  tasks.o(i.xTaskCreate)
    xTaskCreateStatic                        0x080086fd   Thumb Code   186  tasks.o(i.xTaskCreateStatic)
    xTaskGetSchedulerState                   0x080087b9   Thumb Code    24  tasks.o(i.xTaskGetSchedulerState)
    xTaskGetTickCount                        0x080087d9   Thumb Code     6  tasks.o(i.xTaskGetTickCount)
    xTaskIncrementTick                       0x080087e5   Thumb Code   280  tasks.o(i.xTaskIncrementTick)
    xTaskPriorityDisinherit                  0x08008929   Thumb Code   152  tasks.o(i.xTaskPriorityDisinherit)
    xTaskPriorityInherit                     0x080089cd   Thumb Code   150  tasks.o(i.xTaskPriorityInherit)
    xTaskRemoveFromEventList                 0x08008a71   Thumb Code   126  tasks.o(i.xTaskRemoveFromEventList)
    xTaskResumeAll                           0x08008b09   Thumb Code   222  tasks.o(i.xTaskResumeAll)
    xTimerCreateTimerTask                    0x08008c0d   Thumb Code   100  timers.o(i.xTimerCreateTimerTask)
    xTimerGenericCommand                     0x08008c85   Thumb Code   128  timers.o(i.xTimerGenericCommand)
    zhuhanshu_attributes                     0x08008e08   Data          36  app_freertos.o(.constdata)
    RS485_attributes                         0x08008e2c   Data          36  app_freertos.o(.constdata)
    RS485RX_attributes                       0x08008e50   Data          16  app_freertos.o(.constdata)
    UARTPrescTable                           0x08008e60   Data          24  stm32g4xx_hal_uart.o(.constdata)
    AHBPrescTable                            0x08008e88   Data          16  system_stm32g4xx.o(.constdata)
    APBPrescTable                            0x08008e98   Data           8  system_stm32g4xx.o(.constdata)
    Region$$Table$$Base                      0x08008ebc   Number         0  anon$$obj.o(Region$$Table)
    Region$$Table$$Limit                     0x08008edc   Number         0  anon$$obj.o(Region$$Table)
    velocity_arr                             0x20000000   Data           4  rs485.o(.data)
    target_velocity_1                        0x20000004   Data           4  rs485.o(.data)
    target_velocity_2                        0x20000008   Data           4  rs485.o(.data)
    target_velocity_3                        0x2000000c   Data           4  rs485.o(.data)
    target_velocity_4                        0x20000010   Data           4  rs485.o(.data)
    Slave1_ACK                               0x20000014   Data           4  rs485.o(.data)
    Slave2_ACK                               0x20000018   Data           4  rs485.o(.data)
    Slave3_ACK                               0x2000001c   Data           4  rs485.o(.data)
    Slave4_ACK                               0x20000020   Data           4  rs485.o(.data)
    Master_ACK                               0x20000024   Data           4  rs485.o(.data)
    zhuhanshuHandle                          0x20000028   Data           4  app_freertos.o(.data)
    RS485Handle                              0x2000002c   Data           4  app_freertos.o(.data)
    RS485RXHandle                            0x20000030   Data           4  app_freertos.o(.data)
    rx_complete                              0x20000035   Data           1  usart.o(.data)
    rx_length                                0x20000036   Data           2  usart.o(.data)
    RS485_flag                               0x20000038   Data           1  usart.o(.data)
    start_cycle                              0x2000003c   Data           4  usart.o(.data)
    end_cycle                                0x20000040   Data           4  usart.o(.data)
    __stdout                                 0x20000044   Data           4  usart.o(.data)
    uwTick                                   0x20000048   Data           4  stm32g4xx_hal.o(.data)
    uwTickPrio                               0x2000004c   Data           4  stm32g4xx_hal.o(.data)
    uwTickFreq                               0x20000050   Data           4  stm32g4xx_hal.o(.data)
    SystemCoreClock                          0x20000054   Data           4  system_stm32g4xx.o(.data)
    pxCurrentTCB                             0x20000058   Data           4  tasks.o(.data)
    __microlib_freelist                      0x200000d8   Data           4  mvars.o(.data)
    __microlib_freelist_initialised          0x200000dc   Data           4  mvars.o(.data)
    uart_rx_dma_buffer                       0x200000e0   Data          16  main.o(.bss)
    uart_dma_buffer                          0x200000f0   Data          16  main.o(.bss)
    adc_value                                0x20000100   Data          12  main.o(.bss)
    hadc2                                    0x2000010c   Data         108  adc.o(.bss)
    hcordic                                  0x20000178   Data          40  cordic.o(.bss)
    hfdcan1                                  0x200001a0   Data         100  fdcan.o(.bss)
    hfmac                                    0x20000204   Data          56  fmac.o(.bss)
    hi2c1                                    0x2000023c   Data          84  i2c.o(.bss)
    hspi1                                    0x20000290   Data         100  spi.o(.bss)
    htim1                                    0x200002f4   Data          76  tim.o(.bss)
    htim2                                    0x20000340   Data          76  tim.o(.bss)
    RS485_rx_dma_buffer                      0x2000038c   Data          52  usart.o(.bss)
    RS485_dma_buffer                         0x200003c0   Data          52  usart.o(.bss)
    huart2                                   0x200003f4   Data         148  usart.o(.bss)
    huart3                                   0x20000488   Data         148  usart.o(.bss)
    hdma_usart2_rx                           0x2000051c   Data          96  usart.o(.bss)
    hdma_usart2_tx                           0x2000057c   Data          96  usart.o(.bss)
    hdma_usart3_rx                           0x200005dc   Data          96  usart.o(.bss)
    hdma_usart3_tx                           0x2000063c   Data          96  usart.o(.bss)
    htim8                                    0x2000069c   Data          76  stm32g4xx_hal_timebase_tim.o(.bss)
    xQueueRegistry                           0x200006e8   Data          64  queue.o(.bss)
    __heap_base                              0x20001fc0   Data           0  startup_stm32g431xx.o(HEAP)
    __heap_limit                             0x200021c0   Data           0  startup_stm32g431xx.o(HEAP)
    __initial_sp                             0x200025c0   Data           0  startup_stm32g431xx.o(STACK)



==============================================================================

Memory Map of the image

  Image Entry point : 0x080001d9

  Load Region LR_IROM1 (Base: 0x08000000, Size: 0x00008fbc, Max: 0x00020000, ABSOLUTE)

    Execution Region ER_IROM1 (Exec base: 0x08000000, Load base: 0x08000000, Size: 0x00008edc, Max: 0x00020000, ABSOLUTE)

    Exec Addr    Load Addr    Size         Type   Attr      Idx    E Section Name        Object

    0x08000000   0x08000000   0x000001d8   Data   RO            3    RESET               startup_stm32g431xx.o
    0x080001d8   0x080001d8   0x00000000   Code   RO         8796  * .ARM.Collect$$$$00000000  mc_w.l(entry.o)
    0x080001d8   0x080001d8   0x00000004   Code   RO         9161    .ARM.Collect$$$$00000001  mc_w.l(entry2.o)
    0x080001dc   0x080001dc   0x00000004   Code   RO         9164    .ARM.Collect$$$$00000004  mc_w.l(entry5.o)
    0x080001e0   0x080001e0   0x00000000   Code   RO         9166    .ARM.Collect$$$$00000008  mc_w.l(entry7b.o)
    0x080001e0   0x080001e0   0x00000000   Code   RO         9168    .ARM.Collect$$$$0000000A  mc_w.l(entry8b.o)
    0x080001e0   0x080001e0   0x00000008   Code   RO         9169    .ARM.Collect$$$$0000000B  mc_w.l(entry9a.o)
    0x080001e8   0x080001e8   0x00000000   Code   RO         9171    .ARM.Collect$$$$0000000D  mc_w.l(entry10a.o)
    0x080001e8   0x080001e8   0x00000000   Code   RO         9173    .ARM.Collect$$$$0000000F  mc_w.l(entry11a.o)
    0x080001e8   0x080001e8   0x00000004   Code   RO         9162    .ARM.Collect$$$$00002712  mc_w.l(entry2.o)
    0x080001ec   0x080001ec   0x000000be   Code   RO         8659    .emb_text           port.o
    0x080002aa   0x080002aa   0x00000002   PAD
    0x080002ac   0x080002ac   0x00000024   Code   RO            4    .text               startup_stm32g431xx.o
    0x080002d0   0x080002d0   0x00000062   Code   RO         8799    .text               mc_w.l(uldiv.o)
    0x08000332   0x08000332   0x00000024   Code   RO         8801    .text               mc_w.l(memcpya.o)
    0x08000356   0x08000356   0x00000024   Code   RO         8805    .text               mc_w.l(memseta.o)
    0x0800037a   0x0800037a   0x0000001e   Code   RO         9177    .text               mc_w.l(llshl.o)
    0x08000398   0x08000398   0x00000020   Code   RO         9179    .text               mc_w.l(llushr.o)
    0x080003b8   0x080003b8   0x00000024   Code   RO         9209    .text               mc_w.l(init.o)
    0x080003dc   0x080003dc   0x0000005c   Code   RO          573    i.Analyze_ACKfrme_data  rs485.o
    0x08000438   0x08000438   0x000001d4   Code   RO          574    i.Analyze_RS485_data  rs485.o
    0x0800060c   0x0800060c   0x00000004   Code   RO         1299    i.BusFault_Handler  stm32g4xx_it.o
    0x08000610   0x08000610   0x00000010   Code   RO         1300    i.DMA1_Channel1_IRQHandler  stm32g4xx_it.o
    0x08000620   0x08000620   0x00000010   Code   RO         1301    i.DMA1_Channel2_IRQHandler  stm32g4xx_it.o
    0x08000630   0x08000630   0x00000010   Code   RO         1302    i.DMA1_Channel3_IRQHandler  stm32g4xx_it.o
    0x08000640   0x08000640   0x00000010   Code   RO         1303    i.DMA1_Channel4_IRQHandler  stm32g4xx_it.o
    0x08000650   0x08000650   0x00000044   Code   RO         4047    i.DMA_CalcDMAMUXChannelBaseAndMask  stm32g4xx_hal_dma.o
    0x08000694   0x08000694   0x00000024   Code   RO         4048    i.DMA_CalcDMAMUXRequestGenBaseAndMask  stm32g4xx_hal_dma.o
    0x080006b8   0x080006b8   0x00000040   Code   RO         4049    i.DMA_SetConfig     stm32g4xx_hal_dma.o
    0x080006f8   0x080006f8   0x00000002   Code   RO         1304    i.DebugMon_Handler  stm32g4xx_it.o
    0x080006fa   0x080006fa   0x00000002   PAD
    0x080006fc   0x080006fc   0x00000028   Code   RO          465    i.Enable_DWT_CycleCounter  dwt.o
    0x08000724   0x08000724   0x00000006   Code   RO          695    i.Error_Handler     main.o
    0x0800072a   0x0800072a   0x00000002   PAD
    0x0800072c   0x0800072c   0x0000006c   Code   RO         4833    i.FDCAN_CalcultateRamBlockAddresses  stm32g4xx_hal_fdcan.o
    0x08000798   0x08000798   0x00000042   Code   RO         5235    i.FMAC_Reset        stm32g4xx_hal_fmac.o
    0x080007da   0x080007da   0x00000012   Code   RO         5236    i.FMAC_ResetDataPointers  stm32g4xx_hal_fmac.o
    0x080007ec   0x080007ec   0x00000010   Code   RO         5237    i.FMAC_ResetInputStateAndDataPointers  stm32g4xx_hal_fmac.o
    0x080007fc   0x080007fc   0x00000010   Code   RO         5238    i.FMAC_ResetOutputStateAndDataPointers  stm32g4xx_hal_fmac.o
    0x0800080c   0x0800080c   0x0000062c   Code   RO         2908    i.HAL_ADCEx_InjectedConfigChannel  stm32g4xx_hal_adc_ex.o
    0x08000e38   0x08000e38   0x00000508   Code   RO         2631    i.HAL_ADC_ConfigChannel  stm32g4xx_hal_adc.o
    0x08001340   0x08001340   0x0000025c   Code   RO         2640    i.HAL_ADC_Init      stm32g4xx_hal_adc.o
    0x0800159c   0x0800159c   0x00000088   Code   RO          880    i.HAL_ADC_MspInit   adc.o
    0x08001624   0x08001624   0x00000034   Code   RO         4722    i.HAL_CORDIC_Init   stm32g4xx_hal_cordic.o
    0x08001658   0x08001658   0x00000030   Code   RO          922    i.HAL_CORDIC_MspInit  cordic.o
    0x08001688   0x08001688   0x00000076   Code   RO         4050    i.HAL_DMA_Abort     stm32g4xx_hal_dma.o
    0x080016fe   0x080016fe   0x00000094   Code   RO         4051    i.HAL_DMA_Abort_IT  stm32g4xx_hal_dma.o
    0x08001792   0x08001792   0x00000006   Code   RO         4053    i.HAL_DMA_GetError  stm32g4xx_hal_dma.o
    0x08001798   0x08001798   0x000000fe   Code   RO         4055    i.HAL_DMA_IRQHandler  stm32g4xx_hal_dma.o
    0x08001896   0x08001896   0x00000002   PAD
    0x08001898   0x08001898   0x000000d0   Code   RO         4056    i.HAL_DMA_Init      stm32g4xx_hal_dma.o
    0x08001968   0x08001968   0x000000c2   Code   RO         4060    i.HAL_DMA_Start_IT  stm32g4xx_hal_dma.o
    0x08001a2a   0x08001a2a   0x00000002   PAD
    0x08001a2c   0x08001a2c   0x00000218   Code   RO         4878    i.HAL_FDCAN_Init    stm32g4xx_hal_fdcan.o
    0x08001c44   0x08001c44   0x00000090   Code   RO          988    i.HAL_FDCAN_MspInit  fdcan.o
    0x08001cd4   0x08001cd4   0x0000005c   Code   RO         5260    i.HAL_FMAC_Init     stm32g4xx_hal_fmac.o
    0x08001d30   0x08001d30   0x00000030   Code   RO         1030    i.HAL_FMAC_MspInit  fmac.o
    0x08001d60   0x08001d60   0x000001cc   Code   RO         3912    i.HAL_GPIO_Init     stm32g4xx_hal_gpio.o
    0x08001f2c   0x08001f2c   0x0000000a   Code   RO         3916    i.HAL_GPIO_WritePin  stm32g4xx_hal_gpio.o
    0x08001f36   0x08001f36   0x00000002   PAD
    0x08001f38   0x08001f38   0x0000000c   Code   RO         3147    i.HAL_GetTick       stm32g4xx_hal.o
    0x08001f44   0x08001f44   0x0000006a   Code   RO         5946    i.HAL_I2CEx_ConfigAnalogFilter  stm32g4xx_hal_i2c_ex.o
    0x08001fae   0x08001fae   0x00000068   Code   RO         5947    i.HAL_I2CEx_ConfigDigitalFilter  stm32g4xx_hal_i2c_ex.o
    0x08002016   0x08002016   0x00000002   PAD
    0x08002018   0x08002018   0x00000034   Code   RO         5950    i.HAL_I2CEx_EnableFastModePlus  stm32g4xx_hal_i2c_ex.o
    0x0800204c   0x0800204c   0x000000d8   Code   RO         5485    i.HAL_I2C_Init      stm32g4xx_hal_i2c.o
    0x08002124   0x08002124   0x000000cc   Code   RO         1072    i.HAL_I2C_MspInit   i2c.o
    0x080021f0   0x080021f0   0x00000018   Code   RO         3153    i.HAL_IncTick       stm32g4xx_hal.o
    0x08002208   0x08002208   0x0000001e   Code   RO         3154    i.HAL_Init          stm32g4xx_hal.o
    0x08002226   0x08002226   0x00000002   PAD
    0x08002228   0x08002228   0x0000009c   Code   RO         1429    i.HAL_InitTick      stm32g4xx_hal_timebase_tim.o
    0x080022c4   0x080022c4   0x0000004c   Code   RO         1405    i.HAL_MspInit       stm32g4xx_hal_msp.o
    0x08002310   0x08002310   0x00000028   Code   RO         4561    i.HAL_NVIC_EnableIRQ  stm32g4xx_hal_cortex.o
    0x08002338   0x08002338   0x0000007a   Code   RO         4567    i.HAL_NVIC_SetPriority  stm32g4xx_hal_cortex.o
    0x080023b2   0x080023b2   0x00000002   PAD
    0x080023b4   0x080023b4   0x00000028   Code   RO         4568    i.HAL_NVIC_SetPriorityGrouping  stm32g4xx_hal_cortex.o
    0x080023dc   0x080023dc   0x00000118   Code   RO         4315    i.HAL_PWREx_ControlVoltageScaling  stm32g4xx_hal_pwr_ex.o
    0x080024f4   0x080024f4   0x00000014   Code   RO         4327    i.HAL_PWREx_DisableUCPDDeadBattery  stm32g4xx_hal_pwr_ex.o
    0x08002508   0x08002508   0x00000370   Code   RO         3519    i.HAL_RCCEx_PeriphCLKConfig  stm32g4xx_hal_rcc_ex.o
    0x08002878   0x08002878   0x00000224   Code   RO         3389    i.HAL_RCC_ClockConfig  stm32g4xx_hal_rcc.o
    0x08002a9c   0x08002a9c   0x00000044   Code   RO         3394    i.HAL_RCC_GetClockConfig  stm32g4xx_hal_rcc.o
    0x08002ae0   0x08002ae0   0x0000000c   Code   RO         3395    i.HAL_RCC_GetHCLKFreq  stm32g4xx_hal_rcc.o
    0x08002aec   0x08002aec   0x00000024   Code   RO         3397    i.HAL_RCC_GetPCLK1Freq  stm32g4xx_hal_rcc.o
    0x08002b10   0x08002b10   0x00000024   Code   RO         3398    i.HAL_RCC_GetPCLK2Freq  stm32g4xx_hal_rcc.o
    0x08002b34   0x08002b34   0x00000098   Code   RO         3399    i.HAL_RCC_GetSysClockFreq  stm32g4xx_hal_rcc.o
    0x08002bcc   0x08002bcc   0x0000055c   Code   RO         3402    i.HAL_RCC_OscConfig  stm32g4xx_hal_rcc.o
    0x08003128   0x08003128   0x000000fc   Code   RO         6011    i.HAL_SPI_Init      stm32g4xx_hal_spi.o
    0x08003224   0x08003224   0x00000074   Code   RO         1114    i.HAL_SPI_MspInit   spi.o
    0x08003298   0x08003298   0x00000002   Code   RO         2195    i.HAL_TIMEx_Break2Callback  stm32g4xx_hal_tim_ex.o
    0x0800329a   0x0800329a   0x00000002   Code   RO         2196    i.HAL_TIMEx_BreakCallback  stm32g4xx_hal_tim_ex.o
    0x0800329c   0x0800329c   0x00000002   Code   RO         2197    i.HAL_TIMEx_CommutCallback  stm32g4xx_hal_tim_ex.o
    0x0800329e   0x0800329e   0x00000002   PAD
    0x080032a0   0x080032a0   0x000000c8   Code   RO         2200    i.HAL_TIMEx_ConfigBreakDeadTime  stm32g4xx_hal_tim_ex.o
    0x08003368   0x08003368   0x00000002   Code   RO         2208    i.HAL_TIMEx_DirectionChangeCallback  stm32g4xx_hal_tim_ex.o
    0x0800336a   0x0800336a   0x00000012   Code   RO         2218    i.HAL_TIMEx_EnableDeadTimePreload  stm32g4xx_hal_tim_ex.o
    0x0800337c   0x0800337c   0x00000002   Code   RO         2222    i.HAL_TIMEx_EncoderIndexCallback  stm32g4xx_hal_tim_ex.o
    0x0800337e   0x0800337e   0x00000002   Code   RO         2236    i.HAL_TIMEx_IndexErrorCallback  stm32g4xx_hal_tim_ex.o
    0x08003380   0x08003380   0x000000b8   Code   RO         2237    i.HAL_TIMEx_MasterConfigSynchronization  stm32g4xx_hal_tim_ex.o
    0x08003438   0x08003438   0x00000002   Code   RO         2258    i.HAL_TIMEx_TransitionErrorCallback  stm32g4xx_hal_tim_ex.o
    0x0800343a   0x0800343a   0x0000006e   Code   RO         1470    i.HAL_TIM_Base_Init  stm32g4xx_hal_tim.o
    0x080034a8   0x080034a8   0x0000002c   Code   RO         1156    i.HAL_TIM_Base_MspInit  tim.o
    0x080034d4   0x080034d4   0x00000090   Code   RO         1473    i.HAL_TIM_Base_Start  stm32g4xx_hal_tim.o
    0x08003564   0x08003564   0x0000009c   Code   RO         1475    i.HAL_TIM_Base_Start_IT  stm32g4xx_hal_tim.o
    0x08003600   0x08003600   0x00000134   Code   RO         1479    i.HAL_TIM_ConfigClockSource  stm32g4xx_hal_tim.o
    0x08003734   0x08003734   0x00000002   Code   RO         1504    i.HAL_TIM_IC_CaptureCallback  stm32g4xx_hal_tim.o
    0x08003736   0x08003736   0x00000220   Code   RO         1518    i.HAL_TIM_IRQHandler  stm32g4xx_hal_tim.o
    0x08003956   0x08003956   0x00000002   PAD
    0x08003958   0x08003958   0x000000b4   Code   RO         1157    i.HAL_TIM_MspPostInit  tim.o
    0x08003a0c   0x08003a0c   0x00000002   Code   RO         1521    i.HAL_TIM_OC_DelayElapsedCallback  stm32g4xx_hal_tim.o
    0x08003a0e   0x08003a0e   0x00000170   Code   RO         1542    i.HAL_TIM_PWM_ConfigChannel  stm32g4xx_hal_tim.o
    0x08003b7e   0x08003b7e   0x0000006e   Code   RO         1545    i.HAL_TIM_PWM_Init  stm32g4xx_hal_tim.o
    0x08003bec   0x08003bec   0x00000044   Code   RO         1159    i.HAL_TIM_PWM_MspInit  tim.o
    0x08003c30   0x08003c30   0x00000002   Code   RO         1548    i.HAL_TIM_PWM_PulseFinishedCallback  stm32g4xx_hal_tim.o
    0x08003c32   0x08003c32   0x00000002   PAD
    0x08003c34   0x08003c34   0x00000018   Code   RO          696    i.HAL_TIM_PeriodElapsedCallback  main.o
    0x08003c4c   0x08003c4c   0x00000002   Code   RO         1561    i.HAL_TIM_TriggerCallback  stm32g4xx_hal_tim.o
    0x08003c4e   0x08003c4e   0x0000004e   Code   RO         6776    i.HAL_UARTEx_DisableFifoMode  stm32g4xx_hal_uart_ex.o
    0x08003c9c   0x08003c9c   0x00000062   Code   RO         6782    i.HAL_UARTEx_ReceiveToIdle_DMA  stm32g4xx_hal_uart_ex.o
    0x08003cfe   0x08003cfe   0x00000002   PAD
    0x08003d00   0x08003d00   0x0000009c   Code   RO         1221    i.HAL_UARTEx_RxEventCallback  usart.o
    0x08003d9c   0x08003d9c   0x00000002   Code   RO         6784    i.HAL_UARTEx_RxFifoFullCallback  stm32g4xx_hal_uart_ex.o
    0x08003d9e   0x08003d9e   0x0000005e   Code   RO         6785    i.HAL_UARTEx_SetRxFifoThreshold  stm32g4xx_hal_uart_ex.o
    0x08003dfc   0x08003dfc   0x0000005e   Code   RO         6786    i.HAL_UARTEx_SetTxFifoThreshold  stm32g4xx_hal_uart_ex.o
    0x08003e5a   0x08003e5a   0x00000002   Code   RO         6788    i.HAL_UARTEx_TxFifoEmptyCallback  stm32g4xx_hal_uart_ex.o
    0x08003e5c   0x08003e5c   0x00000002   Code   RO         6789    i.HAL_UARTEx_WakeupCallback  stm32g4xx_hal_uart_ex.o
    0x08003e5e   0x08003e5e   0x000000be   Code   RO         6372    i.HAL_UART_DMAStop  stm32g4xx_hal_uart.o
    0x08003f1c   0x08003f1c   0x00000002   Code   RO         6376    i.HAL_UART_ErrorCallback  stm32g4xx_hal_uart.o
    0x08003f1e   0x08003f1e   0x00000002   PAD
    0x08003f20   0x08003f20   0x000003d0   Code   RO         6379    i.HAL_UART_IRQHandler  stm32g4xx_hal_uart.o
    0x080042f0   0x080042f0   0x00000078   Code   RO         6380    i.HAL_UART_Init     stm32g4xx_hal_uart.o
    0x08004368   0x08004368   0x00000224   Code   RO         1223    i.HAL_UART_MspInit  usart.o
    0x0800458c   0x0800458c   0x00000002   Code   RO         6387    i.HAL_UART_RxCpltCallback  stm32g4xx_hal_uart.o
    0x0800458e   0x0800458e   0x00000002   Code   RO         6388    i.HAL_UART_RxHalfCpltCallback  stm32g4xx_hal_uart.o
    0x08004590   0x08004590   0x000000a0   Code   RO         6390    i.HAL_UART_Transmit_DMA  stm32g4xx_hal_uart.o
    0x08004630   0x08004630   0x00000002   Code   RO         6392    i.HAL_UART_TxCpltCallback  stm32g4xx_hal_uart.o
    0x08004632   0x08004632   0x00000002   Code   RO         6393    i.HAL_UART_TxHalfCpltCallback  stm32g4xx_hal_uart.o
    0x08004634   0x08004634   0x00000004   Code   RO         1305    i.HardFault_Handler  stm32g4xx_it.o
    0x08004638   0x08004638   0x00000012   Code   RO         2656    i.LL_ADC_GetOffsetChannel  stm32g4xx_hal_adc.o
    0x0800464a   0x0800464a   0x00000012   Code   RO         2927    i.LL_ADC_GetOffsetChannel  stm32g4xx_hal_adc_ex.o
    0x0800465c   0x0800465c   0x0000000a   Code   RO         2657    i.LL_ADC_INJ_IsConversionOngoing  stm32g4xx_hal_adc.o
    0x08004666   0x08004666   0x0000000a   Code   RO         2929    i.LL_ADC_INJ_IsConversionOngoing  stm32g4xx_hal_adc_ex.o
    0x08004670   0x08004670   0x0000000a   Code   RO         2659    i.LL_ADC_IsEnabled  stm32g4xx_hal_adc.o
    0x0800467a   0x0800467a   0x0000000a   Code   RO         2931    i.LL_ADC_IsEnabled  stm32g4xx_hal_adc_ex.o
    0x08004684   0x08004684   0x0000000a   Code   RO         2660    i.LL_ADC_IsInternalRegulatorEnabled  stm32g4xx_hal_adc.o
    0x0800468e   0x0800468e   0x0000000a   Code   RO         2661    i.LL_ADC_REG_IsConversionOngoing  stm32g4xx_hal_adc.o
    0x08004698   0x08004698   0x0000000a   Code   RO         2932    i.LL_ADC_REG_IsConversionOngoing  stm32g4xx_hal_adc_ex.o
    0x080046a2   0x080046a2   0x00000028   Code   RO         2665    i.LL_ADC_SetChannelSamplingTime  stm32g4xx_hal_adc.o
    0x080046ca   0x080046ca   0x00000028   Code   RO         2933    i.LL_ADC_SetChannelSamplingTime  stm32g4xx_hal_adc_ex.o
    0x080046f2   0x080046f2   0x0000000c   Code   RO         2666    i.LL_ADC_SetCommonPathInternalCh  stm32g4xx_hal_adc.o
    0x080046fe   0x080046fe   0x0000000c   Code   RO         2934    i.LL_ADC_SetCommonPathInternalCh  stm32g4xx_hal_adc_ex.o
    0x0800470a   0x0800470a   0x00000016   Code   RO         2667    i.LL_ADC_SetOffsetState  stm32g4xx_hal_adc.o
    0x08004720   0x08004720   0x00000016   Code   RO         2935    i.LL_ADC_SetOffsetState  stm32g4xx_hal_adc_ex.o
    0x08004736   0x08004736   0x0000000c   Code   RO         2668    i.LL_ADC_SetSamplingTimeCommonConfig  stm32g4xx_hal_adc.o
    0x08004742   0x08004742   0x0000000c   Code   RO         2936    i.LL_ADC_SetSamplingTimeCommonConfig  stm32g4xx_hal_adc_ex.o
    0x0800474e   0x0800474e   0x00000002   PAD
    0x08004750   0x08004750   0x00000050   Code   RO         1224    i.Lock_HT_Interrupt  usart.o
    0x080047a0   0x080047a0   0x000000f4   Code   RO          881    i.MX_ADC2_Init      adc.o
    0x08004894   0x08004894   0x00000020   Code   RO          923    i.MX_CORDIC_Init    cordic.o
    0x080048b4   0x080048b4   0x00000080   Code   RO          963    i.MX_DMA_Init       dma.o
    0x08004934   0x08004934   0x0000004c   Code   RO          989    i.MX_FDCAN1_Init    fdcan.o
    0x08004980   0x08004980   0x00000020   Code   RO         1031    i.MX_FMAC_Init      fmac.o
    0x080049a0   0x080049a0   0x00000050   Code   RO          824    i.MX_FREERTOS_Init  app_freertos.o
    0x080049f0   0x080049f0   0x00000094   Code   RO          800    i.MX_GPIO_Init      gpio.o
    0x08004a84   0x08004a84   0x00000060   Code   RO         1073    i.MX_I2C1_Init      i2c.o
    0x08004ae4   0x08004ae4   0x00000050   Code   RO         1115    i.MX_SPI1_Init      spi.o
    0x08004b34   0x08004b34   0x00000108   Code   RO         1160    i.MX_TIM1_Init      tim.o
    0x08004c3c   0x08004c3c   0x0000006c   Code   RO         1161    i.MX_TIM2_Init      tim.o
    0x08004ca8   0x08004ca8   0x00000090   Code   RO         1225    i.MX_USART2_UART_Init  usart.o
    0x08004d38   0x08004d38   0x00000094   Code   RO         1226    i.MX_USART3_UART_Init  usart.o
    0x08004dcc   0x08004dcc   0x00000004   Code   RO         1306    i.MemManage_Handler  stm32g4xx_it.o
    0x08004dd0   0x08004dd0   0x00000004   Code   RO         1307    i.NMI_Handler       stm32g4xx_it.o
    0x08004dd4   0x08004dd4   0x00000068   Code   RO         3403    i.RCC_GetSysClockFreqFromPLLSource  stm32g4xx_hal_rcc.o
    0x08004e3c   0x08004e3c   0x0000003c   Code   RO          577    i.RS485_SendAck     rs485.o
    0x08004e78   0x08004e78   0x000000e8   Code   RO          578    i.RS485_SendBytes   rs485.o
    0x08004f60   0x08004f60   0x000000a4   Code   RO          579    i.Slave_SEND_DATA   rs485.o
    0x08005004   0x08005004   0x0000000a   Code   RO          825    i.StartDefaultTask  app_freertos.o
    0x0800500e   0x0800500e   0x00000002   PAD
    0x08005010   0x08005010   0x0000001c   Code   RO          826    i.StartTask02       app_freertos.o
    0x0800502c   0x0800502c   0x00000016   Code   RO         8077    i.SysTick_Handler   cmsis_os2.o
    0x08005042   0x08005042   0x00000068   Code   RO          697    i.SystemClock_Config  main.o
    0x080050aa   0x080050aa   0x00000002   PAD
    0x080050ac   0x080050ac   0x00000014   Code   RO         6900    i.SystemInit        system_stm32g4xx.o
    0x080050c0   0x080050c0   0x00000010   Code   RO         1308    i.TIM1_TRG_COM_TIM17_IRQHandler  stm32g4xx_it.o
    0x080050d0   0x080050d0   0x00000010   Code   RO         1309    i.TIM8_UP_IRQHandler  stm32g4xx_it.o
    0x080050e0   0x080050e0   0x000000cc   Code   RO         1563    i.TIM_Base_SetConfig  stm32g4xx_hal_tim.o
    0x080051ac   0x080051ac   0x00000016   Code   RO         1574    i.TIM_ETR_SetConfig  stm32g4xx_hal_tim.o
    0x080051c2   0x080051c2   0x00000002   PAD
    0x080051c4   0x080051c4   0x00000018   Code   RO         1575    i.TIM_ITRx_SetConfig  stm32g4xx_hal_tim.o
    0x080051dc   0x080051dc   0x000000ac   Code   RO         1576    i.TIM_OC1_SetConfig  stm32g4xx_hal_tim.o
    0x08005288   0x08005288   0x000000b4   Code   RO         1577    i.TIM_OC2_SetConfig  stm32g4xx_hal_tim.o
    0x0800533c   0x0800533c   0x000000b4   Code   RO         1578    i.TIM_OC3_SetConfig  stm32g4xx_hal_tim.o
    0x080053f0   0x080053f0   0x000000b4   Code   RO         1579    i.TIM_OC4_SetConfig  stm32g4xx_hal_tim.o
    0x080054a4   0x080054a4   0x00000070   Code   RO         1580    i.TIM_OC5_SetConfig  stm32g4xx_hal_tim.o
    0x08005514   0x08005514   0x00000070   Code   RO         1581    i.TIM_OC6_SetConfig  stm32g4xx_hal_tim.o
    0x08005584   0x08005584   0x00000026   Code   RO         1583    i.TIM_TI1_ConfigInputStage  stm32g4xx_hal_tim.o
    0x080055aa   0x080055aa   0x00000028   Code   RO         1585    i.TIM_TI2_ConfigInputStage  stm32g4xx_hal_tim.o
    0x080055d2   0x080055d2   0x00000002   PAD
    0x080055d4   0x080055d4   0x00000058   Code   RO         6790    i.UARTEx_SetNbDataToProcess  stm32g4xx_hal_uart_ex.o
    0x0800562c   0x0800562c   0x000000f8   Code   RO         6394    i.UART_AdvFeatureConfig  stm32g4xx_hal_uart.o
    0x08005724   0x08005724   0x000000ea   Code   RO         6395    i.UART_CheckIdleState  stm32g4xx_hal_uart.o
    0x0800580e   0x0800580e   0x00000014   Code   RO         6396    i.UART_DMAAbortOnError  stm32g4xx_hal_uart.o
    0x08005822   0x08005822   0x0000005e   Code   RO         6397    i.UART_DMAError     stm32g4xx_hal_uart.o
    0x08005880   0x08005880   0x000000b4   Code   RO         6398    i.UART_DMAReceiveCplt  stm32g4xx_hal_uart.o
    0x08005934   0x08005934   0x00000026   Code   RO         6400    i.UART_DMARxHalfCplt  stm32g4xx_hal_uart.o
    0x0800595a   0x0800595a   0x00000056   Code   RO         6402    i.UART_DMATransmitCplt  stm32g4xx_hal_uart.o
    0x080059b0   0x080059b0   0x0000000e   Code   RO         6404    i.UART_DMATxHalfCplt  stm32g4xx_hal_uart.o
    0x080059be   0x080059be   0x00000002   PAD
    0x080059c0   0x080059c0   0x0000006c   Code   RO         6406    i.UART_EndRxTransfer  stm32g4xx_hal_uart.o
    0x08005a2c   0x08005a2c   0x00000030   Code   RO         6407    i.UART_EndTransmit_IT  stm32g4xx_hal_uart.o
    0x08005a5c   0x08005a5c   0x00000040   Code   RO         6408    i.UART_EndTxTransfer  stm32g4xx_hal_uart.o
    0x08005a9c   0x08005a9c   0x00000384   Code   RO         6413    i.UART_SetConfig    stm32g4xx_hal_uart.o
    0x08005e20   0x08005e20   0x000000c8   Code   RO         6414    i.UART_Start_Receive_DMA  stm32g4xx_hal_uart.o
    0x08005ee8   0x08005ee8   0x000000ac   Code   RO         6420    i.UART_WaitOnFlagUntilTimeout  stm32g4xx_hal_uart.o
    0x08005f94   0x08005f94   0x00000010   Code   RO         1310    i.USART2_IRQHandler  stm32g4xx_it.o
    0x08005fa4   0x08005fa4   0x00000010   Code   RO         1311    i.USART3_IRQHandler  stm32g4xx_it.o
    0x08005fb4   0x08005fb4   0x00000004   Code   RO         1312    i.UsageFault_Handler  stm32g4xx_it.o
    0x08005fb8   0x08005fb8   0x00000020   Code   RO         9016    i.__0printf$8       mc_w.l(printf8.o)
    0x08005fd8   0x08005fd8   0x00000010   Code   RO         4574    i.__NVIC_GetPriorityGrouping  stm32g4xx_hal_cortex.o
    0x08005fe8   0x08005fe8   0x00000028   Code   RO         4575    i.__NVIC_SetPriority  stm32g4xx_hal_cortex.o
    0x08006010   0x08006010   0x00000006   Code   RO         8079    i.__get_IPSR        cmsis_os2.o
    0x08006016   0x08006016   0x0000000e   Code   RO         9213    i.__scatterload_copy  mc_w.l(handlers.o)
    0x08006024   0x08006024   0x00000002   Code   RO         9214    i.__scatterload_null  mc_w.l(handlers.o)
    0x08006026   0x08006026   0x0000000e   Code   RO         9215    i.__scatterload_zeroinit  mc_w.l(handlers.o)
    0x08006034   0x08006034   0x00000410   Code   RO         9023    i._printf_core      mc_w.l(printf8.o)
    0x08006444   0x08006444   0x00000024   Code   RO         9024    i._printf_post_padding  mc_w.l(printf8.o)
    0x08006468   0x08006468   0x0000002e   Code   RO         9025    i._printf_pre_padding  mc_w.l(printf8.o)
    0x08006496   0x08006496   0x00000002   PAD
    0x08006498   0x08006498   0x0000002c   Code   RO          580    i.clear_ACK         rs485.o
    0x080064c4   0x080064c4   0x00000020   Code   RO          581    i.crc8_calculate    rs485.o
    0x080064e4   0x080064e4   0x0000001c   Code   RO         1228    i.fputc             usart.o
    0x08006500   0x08006500   0x00000050   Code   RO         9070    i.free              mc_w.l(malloc.o)
    0x08006550   0x08006550   0x00000064   Code   RO          700    i.main              main.o
    0x080065b4   0x080065b4   0x0000006c   Code   RO         9071    i.malloc            mc_w.l(malloc.o)
    0x08006620   0x08006620   0x0000001e   Code   RO         8080    i.osDelay           cmsis_os2.o
    0x0800663e   0x0800663e   0x00000002   PAD
    0x08006640   0x08006640   0x0000002c   Code   RO         8094    i.osKernelInitialize  cmsis_os2.o
    0x0800666c   0x0800666c   0x00000060   Code   RO         8097    i.osKernelStart     cmsis_os2.o
    0x080066cc   0x080066cc   0x000000cc   Code   RO         8125    i.osSemaphoreNew    cmsis_os2.o
    0x08006798   0x08006798   0x0000005c   Code   RO         8126    i.osSemaphoreRelease  cmsis_os2.o
    0x080067f4   0x080067f4   0x000000b8   Code   RO         8139    i.osThreadNew       cmsis_os2.o
    0x080068ac   0x080068ac   0x0000007c   Code   RO         7517    i.prvAddCurrentTaskToDelayedList  tasks.o
    0x08006928   0x08006928   0x000000b8   Code   RO         7518    i.prvAddNewTaskToReadyList  tasks.o
    0x080069e0   0x080069e0   0x00000074   Code   RO         7893    i.prvCheckForValidListAndQueue  timers.o
    0x08006a54   0x08006a54   0x00000048   Code   RO         7519    i.prvCheckTasksWaitingTermination  tasks.o
    0x08006a9c   0x08006a9c   0x0000002a   Code   RO         7104    i.prvCopyDataFromQueue  queue.o
    0x08006ac6   0x08006ac6   0x0000007e   Code   RO         7105    i.prvCopyDataToQueue  queue.o
    0x08006b44   0x08006b44   0x00000050   Code   RO         7520    i.prvDeleteTCB      tasks.o
    0x08006b94   0x08006b94   0x00000014   Code   RO         7106    i.prvGetDisinheritPriorityAfterTimeout  queue.o
    0x08006ba8   0x08006ba8   0x00000028   Code   RO         7894    i.prvGetNextExpireTime  timers.o
    0x08006bd0   0x08006bd0   0x0000007c   Code   RO         8604    i.prvHeapInit       heap_4.o
    0x08006c4c   0x08006c4c   0x00000028   Code   RO         7521    i.prvIdleTask       tasks.o
    0x08006c74   0x08006c74   0x0000002a   Code   RO         7108    i.prvInitialiseNewQueue  queue.o
    0x08006c9e   0x08006c9e   0x000000be   Code   RO         7522    i.prvInitialiseNewTask  tasks.o
    0x08006d5c   0x08006d5c   0x00000068   Code   RO         7523    i.prvInitialiseTaskLists  tasks.o
    0x08006dc4   0x08006dc4   0x00000068   Code   RO         8605    i.prvInsertBlockIntoFreeList  heap_4.o
    0x08006e2c   0x08006e2c   0x00000058   Code   RO         7896    i.prvInsertTimerInActiveList  timers.o
    0x08006e84   0x08006e84   0x0000001a   Code   RO         7109    i.prvIsQueueEmpty   queue.o
    0x08006e9e   0x08006e9e   0x0000001e   Code   RO         7110    i.prvIsQueueFull    queue.o
    0x08006ebc   0x08006ebc   0x00000074   Code   RO         7897    i.prvProcessExpiredTimer  timers.o
    0x08006f30   0x08006f30   0x00000164   Code   RO         7898    i.prvProcessReceivedCommands  timers.o
    0x08007094   0x08007094   0x00000074   Code   RO         7899    i.prvProcessTimerOrBlockTask  timers.o
    0x08007108   0x08007108   0x00000034   Code   RO         7525    i.prvResetNextTaskUnblockTime  tasks.o
    0x0800713c   0x0800713c   0x0000002c   Code   RO         7900    i.prvSampleTimeNow  timers.o
    0x08007168   0x08007168   0x000000a4   Code   RO         7901    i.prvSwitchTimerLists  timers.o
    0x0800720c   0x0800720c   0x00000040   Code   RO         8660    i.prvTaskExitError  port.o
    0x0800724c   0x0800724c   0x0000001a   Code   RO         7902    i.prvTimerTask      timers.o
    0x08007266   0x08007266   0x0000007e   Code   RO         7111    i.prvUnlockQueue    queue.o
    0x080072e4   0x080072e4   0x0000014c   Code   RO         8606    i.pvPortMalloc      heap_4.o
    0x08007430   0x08007430   0x00000020   Code   RO         7528    i.pvTaskIncrementMutexHeldCount  tasks.o
    0x08007450   0x08007450   0x0000002c   Code   RO         8661    i.pxPortInitialiseStack  port.o
    0x0800747c   0x0800747c   0x00000026   Code   RO          582    i.send_ACKback      rs485.o
    0x080074a2   0x080074a2   0x00000028   Code   RO         7064    i.uxListRemove      list.o
    0x080074ca   0x080074ca   0x00000002   PAD
    0x080074cc   0x080074cc   0x00000018   Code   RO         8151    i.vApplicationGetIdleTaskMemory  cmsis_os2.o
    0x080074e4   0x080074e4   0x00000018   Code   RO         8152    i.vApplicationGetTimerTaskMemory  cmsis_os2.o
    0x080074fc   0x080074fc   0x0000001a   Code   RO         7065    i.vListInitialise   list.o
    0x08007516   0x08007516   0x00000006   Code   RO         7066    i.vListInitialiseItem  list.o
    0x0800751c   0x0800751c   0x00000034   Code   RO         7067    i.vListInsert       list.o
    0x08007550   0x08007550   0x00000018   Code   RO         7068    i.vListInsertEnd    list.o
    0x08007568   0x08007568   0x00000054   Code   RO         8663    i.vPortEnterCritical  port.o
    0x080075bc   0x080075bc   0x0000003c   Code   RO         8664    i.vPortExitCritical  port.o
    0x080075f8   0x080075f8   0x000000a4   Code   RO         8607    i.vPortFree         heap_4.o
    0x0800769c   0x0800769c   0x00000028   Code   RO         8665    i.vPortSetupTimerInterrupt  port.o
    0x080076c4   0x080076c4   0x00000078   Code   RO         8666    i.vPortValidateInterruptPriority  port.o
    0x0800773c   0x0800773c   0x0000002c   Code   RO         7117    i.vQueueAddToRegistry  queue.o
    0x08007768   0x08007768   0x00000032   Code   RO         7118    i.vQueueDelete      queue.o
    0x0800779a   0x0800779a   0x00000002   PAD
    0x0800779c   0x0800779c   0x00000030   Code   RO         7120    i.vQueueUnregisterQueue  queue.o
    0x080077cc   0x080077cc   0x0000004a   Code   RO         7121    i.vQueueWaitForMessageRestricted  queue.o
    0x08007816   0x08007816   0x00000002   PAD
    0x08007818   0x08007818   0x0000005c   Code   RO         7538    i.vTaskDelay        tasks.o
    0x08007874   0x08007874   0x00000018   Code   RO         7543    i.vTaskInternalSetTimeOutState  tasks.o
    0x0800788c   0x0800788c   0x0000000c   Code   RO         7544    i.vTaskMissedYield  tasks.o
    0x08007898   0x08007898   0x00000038   Code   RO         7546    i.vTaskPlaceOnEventList  tasks.o
    0x080078d0   0x080078d0   0x00000040   Code   RO         7547    i.vTaskPlaceOnEventListRestricted  tasks.o
    0x08007910   0x08007910   0x000000d0   Code   RO         7549    i.vTaskPriorityDisinheritAfterTimeout  tasks.o
    0x080079e0   0x080079e0   0x000000b8   Code   RO         7555    i.vTaskStartScheduler  tasks.o
    0x08007a98   0x08007a98   0x00000010   Code   RO         7557    i.vTaskSuspendAll   tasks.o
    0x08007aa8   0x08007aa8   0x00000090   Code   RO         7558    i.vTaskSwitchContext  tasks.o
    0x08007b38   0x08007b38   0x00000168   Code   RO         8667    i.xPortStartScheduler  port.o
    0x08007ca0   0x08007ca0   0x00000034   Code   RO         8668    i.xPortSysTickHandler  port.o
    0x08007cd4   0x08007cd4   0x0000005c   Code   RO         7122    i.xQueueCreateCountingSemaphore  queue.o
    0x08007d30   0x08007d30   0x00000064   Code   RO         7123    i.xQueueCreateCountingSemaphoreStatic  queue.o
    0x08007d94   0x08007d94   0x0000005a   Code   RO         7126    i.xQueueGenericCreate  queue.o
    0x08007dee   0x08007dee   0x000000e0   Code   RO         7127    i.xQueueGenericCreateStatic  queue.o
    0x08007ece   0x08007ece   0x00000002   PAD
    0x08007ed0   0x08007ed0   0x00000098   Code   RO         7128    i.xQueueGenericReset  queue.o
    0x08007f68   0x08007f68   0x000001a8   Code   RO         7129    i.xQueueGenericSend  queue.o
    0x08008110   0x08008110   0x000000fc   Code   RO         7130    i.xQueueGenericSendFromISR  queue.o
    0x0800820c   0x0800820c   0x000000e0   Code   RO         7133    i.xQueueGiveFromISR  queue.o
    0x080082ec   0x080082ec   0x00000168   Code   RO         7139    i.xQueueReceive     queue.o
    0x08008454   0x08008454   0x000001b8   Code   RO         7141    i.xQueueSemaphoreTake  queue.o
    0x0800860c   0x0800860c   0x0000008c   Code   RO         7560    i.xTaskCheckForTimeOut  tasks.o
    0x08008698   0x08008698   0x00000064   Code   RO         7561    i.xTaskCreate       tasks.o
    0x080086fc   0x080086fc   0x000000ba   Code   RO         7562    i.xTaskCreateStatic  tasks.o
    0x080087b6   0x080087b6   0x00000002   PAD
    0x080087b8   0x080087b8   0x00000020   Code   RO         7566    i.xTaskGetSchedulerState  tasks.o
    0x080087d8   0x080087d8   0x0000000c   Code   RO         7567    i.xTaskGetTickCount  tasks.o
    0x080087e4   0x080087e4   0x00000144   Code   RO         7569    i.xTaskIncrementTick  tasks.o
    0x08008928   0x08008928   0x000000a4   Code   RO         7572    i.xTaskPriorityDisinherit  tasks.o
    0x080089cc   0x080089cc   0x000000a4   Code   RO         7573    i.xTaskPriorityInherit  tasks.o
    0x08008a70   0x08008a70   0x00000098   Code   RO         7574    i.xTaskRemoveFromEventList  tasks.o
    0x08008b08   0x08008b08   0x00000104   Code   RO         7575    i.xTaskResumeAll    tasks.o
    0x08008c0c   0x08008c0c   0x00000078   Code   RO         7911    i.xTimerCreateTimerTask  timers.o
    0x08008c84   0x08008c84   0x00000084   Code   RO         7912    i.xTimerGenericCommand  timers.o
    0x08008d08   0x08008d08   0x00000100   Data   RO          584    .constdata          rs485.o
    0x08008e08   0x08008e08   0x00000058   Data   RO          827    .constdata          app_freertos.o
    0x08008e60   0x08008e60   0x00000018   Data   RO         6421    .constdata          stm32g4xx_hal_uart.o
    0x08008e78   0x08008e78   0x00000010   Data   RO         6792    .constdata          stm32g4xx_hal_uart_ex.o
    0x08008e88   0x08008e88   0x00000018   Data   RO         6901    .constdata          system_stm32g4xx.o
    0x08008ea0   0x08008ea0   0x0000001a   Data   RO          828    .conststring        app_freertos.o
    0x08008eba   0x08008eba   0x00000002   PAD
    0x08008ebc   0x08008ebc   0x00000020   Data   RO         9211    Region$$Table       anon$$obj.o


    Execution Region RW_IRAM1 (Exec base: 0x20000000, Load base: 0x08008edc, Size: 0x000025c0, Max: 0x00008000, ABSOLUTE)

    Exec Addr    Load Addr    Size         Type   Attr      Idx    E Section Name        Object

    0x20000000   0x08008edc   0x00000028   Data   RW          585    .data               rs485.o
    0x20000028   0x08008f04   0x0000000c   Data   RW          829    .data               app_freertos.o
    0x20000034   0x08008f10   0x00000014   Data   RW         1230    .data               usart.o
    0x20000048   0x08008f24   0x0000000c   Data   RW         3174    .data               stm32g4xx_hal.o
    0x20000054   0x08008f30   0x00000004   Data   RW         6902    .data               system_stm32g4xx.o
    0x20000058   0x08008f34   0x0000003c   Data   RW         7578    .data               tasks.o
    0x20000094   0x08008f70   0x00000014   Data   RW         7920    .data               timers.o
    0x200000a8   0x08008f84   0x00000004   Data   RW         8154    .data               cmsis_os2.o
    0x200000ac   0x08008f88   0x00000020   Data   RW         8613    .data               heap_4.o
    0x200000cc   0x08008fa8   0x0000000c   Data   RW         8669    .data               port.o
    0x200000d8   0x08008fb4   0x00000004   Data   RW         9183    .data               mc_w.l(mvars.o)
    0x200000dc   0x08008fb8   0x00000004   Data   RW         9184    .data               mc_w.l(mvars.o)
    0x200000e0        -       0x0000002c   Zero   RW          702    .bss                main.o
    0x2000010c        -       0x0000006c   Zero   RW          882    .bss                adc.o
    0x20000178        -       0x00000028   Zero   RW          924    .bss                cordic.o
    0x200001a0        -       0x00000064   Zero   RW          990    .bss                fdcan.o
    0x20000204        -       0x00000038   Zero   RW         1032    .bss                fmac.o
    0x2000023c        -       0x00000054   Zero   RW         1074    .bss                i2c.o
    0x20000290        -       0x00000064   Zero   RW         1116    .bss                spi.o
    0x200002f4        -       0x00000098   Zero   RW         1162    .bss                tim.o
    0x2000038c        -       0x00000310   Zero   RW         1229    .bss                usart.o
    0x2000069c        -       0x0000004c   Zero   RW         1432    .bss                stm32g4xx_hal_timebase_tim.o
    0x200006e8        -       0x00000040   Zero   RW         7143    .bss                queue.o
    0x20000728        -       0x000004c4   Zero   RW         7577    .bss                tasks.o
    0x20000bec        -       0x00000118   Zero   RW         7919    .bss                timers.o
    0x20000d04        -       0x000006b8   Zero   RW         8153    .bss                cmsis_os2.o
    0x200013bc        -       0x00000c00   Zero   RW         8612    .bss                heap_4.o
    0x20001fbc   0x08008fbc   0x00000004   PAD
    0x20001fc0        -       0x00000200   Zero   RW            2    HEAP                startup_stm32g431xx.o
    0x200021c0        -       0x00000400   Zero   RW            1    STACK               startup_stm32g431xx.o


==============================================================================

Image component sizes


      Code (inc. data)   RO Data    RW Data    ZI Data      Debug   Object Name

       380         24          0          0        108       2221   adc.o
       118         38        114         12          0       8541   app_freertos.o
         0          0          0          0          0     723477   as5600.o
       726         42          0          4       1720      65469   cmsis_os2.o
        80         18          0          0         40       1832   cordic.o
       128          6          0          0          0        966   dma.o
        40         10          0          0          0        542   dwt.o
         0          0          0          0          0      19816   event_groups.o
       220         18          0          0        100       2043   fdcan.o
        80         18          0          0         56       1798   fmac.o
       148         10          0          0          0       1067   gpio.o
       724         74          0         32       3072       5307   heap_4.o
       300         26          0          0         84       2081   i2c.o
       148          0          0          0          0       4006   list.o
       234         14          0          0         44       8516   main.o
      1014         92          0         12          0      12573   port.o
      2986         30          0          0         64      27341   queue.o
      1130        156        256         40          0      15218   rs485.o
       196         16          0          0        100       1973   spi.o
        36          8        472          0       1536        908   startup_stm32g431xx.o
        66         14          0         12          0       3366   stm32g4xx_hal.o
      2036         78          0          0          0      76023   stm32g4xx_hal_adc.o
      1714         56          0          0          0      73942   stm32g4xx_hal_adc_ex.o
        52          0          0          0          0       1262   stm32g4xx_hal_cordic.o
       258         22          0          0          0      34010   stm32g4xx_hal_cortex.o
      1096         22          0          0          0       7637   stm32g4xx_hal_dma.o
       644         16          0          0          0       4329   stm32g4xx_hal_fdcan.o
       208          0          0          0          0       5212   stm32g4xx_hal_fmac.o
       470         32          0          0          0       2276   stm32g4xx_hal_gpio.o
       216          4          0          0          0       2911   stm32g4xx_hal_i2c.o
       262         10          0          0          0       2914   stm32g4xx_hal_i2c_ex.o
        76          4          0          0          0       1002   stm32g4xx_hal_msp.o
       300         18          0          0          0       1557   stm32g4xx_hal_pwr_ex.o
      2328        116          0          0          0       8553   stm32g4xx_hal_rcc.o
       880          8          0          0          0       2032   stm32g4xx_hal_rcc_ex.o
       252          0          0          0          0       1395   stm32g4xx_hal_spi.o
      3012        254          0          0          0      18599   stm32g4xx_hal_tim.o
       416         34          0          0          0       7866   stm32g4xx_hal_tim_ex.o
       156         22          0          0         76       1643   stm32g4xx_hal_timebase_tim.o
      3862        106         24          0          0      39945   stm32g4xx_hal_uart.o
       458         10         16          0          0       7017   stm32g4xx_hal_uart_ex.o
       150         48          0          0          0       7886   stm32g4xx_it.o
         0          0          0          0          0        384   stream_buffer.o
        20          6         24          4          0       1351   system_stm32g4xx.o
      3212        380          0         60       1220      32299   tasks.o
       664         42          0          0        152       4303   tim.o
      1318        124          0         20        280      31691   timers.o
      1104        132          0         20        784       7152   usart.o

    ----------------------------------------------------------------------
     33970       2158        940        216       9440    1294252   Object Totals
         0          0         32          0          0          0   (incl. Generated)
        52          0          2          0          4          0   (incl. Padding)

    ----------------------------------------------------------------------

      Code (inc. data)   RO Data    RW Data    ZI Data      Debug   Library Member Name

         0          0          0          0          0          0   entry.o
         0          0          0          0          0          0   entry10a.o
         0          0          0          0          0          0   entry11a.o
         8          4          0          0          0          0   entry2.o
         4          0          0          0          0          0   entry5.o
         0          0          0          0          0          0   entry7b.o
         0          0          0          0          0          0   entry8b.o
         8          4          0          0          0          0   entry9a.o
        30          0          0          0          0          0   handlers.o
        36          8          0          0          0         68   init.o
        30          0          0          0          0         68   llshl.o
        32          0          0          0          0         68   llushr.o
       188         20          0          0          0        160   malloc.o
        36          0          0          0          0         68   memcpya.o
        36          0          0          0          0        108   memseta.o
         0          0          0          8          0          0   mvars.o
      1154         54          0          0          0        352   printf8.o
        98          0          0          0          0         92   uldiv.o

    ----------------------------------------------------------------------
      1662         90          0          8          0        984   Library Totals
         2          0          0          0          0          0   (incl. Padding)

    ----------------------------------------------------------------------

      Code (inc. data)   RO Data    RW Data    ZI Data      Debug   Library Name

      1660         90          0          8          0        984   mc_w.l

    ----------------------------------------------------------------------
      1662         90          0          8          0        984   Library Totals

    ----------------------------------------------------------------------

==============================================================================


      Code (inc. data)   RO Data    RW Data    ZI Data      Debug   

     35632       2248        940        224       9440    1268372   Grand Totals
     35632       2248        940        224       9440    1268372   ELF Image Totals
     35632       2248        940        224          0          0   ROM Totals

==============================================================================

    Total RO  Size (Code + RO Data)                36572 (  35.71kB)
    Total RW  Size (RW Data + ZI Data)              9664 (   9.44kB)
    Total ROM Size (Code + RO Data + RW Data)      36796 (  35.93kB)

==============================================================================

